DN-WTA v3 family evaluation
  split=train instances=dn_3x50_K10_s03.txt, dn_3x50_K10_s04.txt, dn_3x50_K10_s05.txt, dn_3x50_K10_s06.txt, dn_3x50_K10_s07.txt, dn_3x50_K10_s08.txt, dn_3x50_K10_s09.txt, dn_3x50_K10_s10.txt, dn_3x50_K10_s11.txt, dn_3x50_K10_s12.txt, dn_3x50_K10_s13.txt, dn_3x50_K10_s14.txt, dn_3x50_K10_s15.txt, dn_3x50_K10_s16.txt, dn_3x50_K10_s17.txt, dn_3x50_K10_s18.txt, dn_3x50_K10_s19.txt, dn_3x50_K10_s20.txt, dn_3x50_K10_s21.txt, dn_3x50_K10_s22.txt, dn_3x50_K10_s23.txt, dn_3x50_K10_s24.txt, dn_3x50_K10_s25.txt, dn_3x50_K10_s26.txt
  policy=marl seeds=30 (base 42) timelimit=30s

=== dn_3x50_K10_s03.txt (m=3 n=50 K=10 mu=6 pool=18 total_value=4116) ===
  MC runs done: 10/30
  MC runs done: 20/30
  MC runs done: 30/30
  leak rate 0.618683 +- 0.019609 | shots 18.0 | destroyed value 1569.5

=== dn_3x50_K10_s04.txt (m=3 n=50 K=10 mu=6 pool=18 total_value=4203) ===
  MC runs done: 10/30
  MC runs done: 20/30
  MC runs done: 30/30
  leak rate 0.598906 +- 0.028583 | shots 18.0 | destroyed value 1685.8

=== dn_3x50_K10_s05.txt (m=3 n=50 K=10 mu=6 pool=18 total_value=4828) ===
  MC runs done: 10/30
  MC runs done: 20/30
  MC runs done: 30/30
  leak rate 0.633257 +- 0.019229 | shots 18.0 | destroyed value 1770.6

=== dn_3x50_K10_s06.txt (m=3 n=50 K=10 mu=6 pool=18 total_value=4126) ===
  MC runs done: 10/30
  MC runs done: 20/30
  MC runs done: 30/30
  leak rate 0.598223 +- 0.030453 | shots 17.0 | destroyed value 1657.7

=== dn_3x50_K10_s07.txt (m=3 n=50 K=10 mu=6 pool=18 total_value=4910) ===
  MC runs done: 10/30
  MC runs done: 20/30
  MC runs done: 30/30
  leak rate 0.643313 +- 0.021963 | shots 18.0 | destroyed value 1751.3

=== dn_3x50_K10_s08.txt (m=3 n=50 K=10 mu=6 pool=18 total_value=4385) ===
  MC runs done: 10/30
  MC runs done: 20/30
  MC runs done: 30/30
  leak rate 0.523770 +- 0.027229 | shots 18.0 | destroyed value 2088.3

=== dn_3x50_K10_s09.txt (m=3 n=50 K=10 mu=6 pool=18 total_value=4246) ===
  MC runs done: 10/30
  MC runs done: 20/30
  MC runs done: 30/30
  leak rate 0.596051 +- 0.019026 | shots 18.0 | destroyed value 1715.2

=== dn_3x50_K10_s10.txt (m=3 n=50 K=10 mu=6 pool=18 total_value=5241) ===
  MC runs done: 10/30
  MC runs done: 20/30
  MC runs done: 30/30
  leak rate 0.613623 +- 0.019452 | shots 18.0 | destroyed value 2025.0

=== dn_3x50_K10_s11.txt (m=3 n=50 K=10 mu=6 pool=18 total_value=4367) ===
  MC runs done: 10/30
  MC runs done: 20/30
  MC runs done: 30/30
  leak rate 0.669193 +- 0.017435 | shots 18.0 | destroyed value 1444.6

=== dn_3x50_K10_s12.txt (m=3 n=50 K=10 mu=6 pool=18 total_value=5051) ===
  MC runs done: 10/30
  MC runs done: 20/30
  MC runs done: 30/30
  leak rate 0.635029 +- 0.024755 | shots 18.0 | destroyed value 1843.5

=== dn_3x50_K10_s13.txt (m=3 n=50 K=10 mu=6 pool=18 total_value=4377) ===
  MC runs done: 10/30
  MC runs done: 20/30
  MC runs done: 30/30
  leak rate 0.563209 +- 0.037722 | shots 18.0 | destroyed value 1911.8

=== dn_3x50_K10_s14.txt (m=3 n=50 K=10 mu=6 pool=18 total_value=3997) ===
  MC runs done: 10/30
  MC runs done: 20/30
  MC runs done: 30/30
  leak rate 0.588975 +- 0.016454 | shots 18.0 | destroyed value 1642.9

=== dn_3x50_K10_s15.txt (m=3 n=50 K=10 mu=6 pool=18 total_value=4154) ===
  MC runs done: 10/30
  MC runs done: 20/30
  MC runs done: 30/30
  leak rate 0.630709 +- 0.012992 | shots 18.0 | destroyed value 1534.0

=== dn_3x50_K10_s16.txt (m=3 n=50 K=10 mu=6 pool=18 total_value=4159) ===
  MC runs done: 10/30
  MC runs done: 20/30
  MC runs done: 30/30
  leak rate 0.597203 +- 0.032526 | shots 18.0 | destroyed value 1675.2

=== dn_3x50_K10_s17.txt (m=3 n=50 K=10 mu=6 pool=18 total_value=4312) ===
  MC runs done: 10/30
  MC runs done: 20/30
  MC runs done: 30/30
  leak rate 0.650402 +- 0.014569 | shots 18.0 | destroyed value 1507.5

=== dn_3x50_K10_s18.txt (m=3 n=50 K=10 mu=6 pool=18 total_value=4294) ===
  MC runs done: 10/30
  MC runs done: 20/30
  MC runs done: 30/30
  leak rate 0.599379 +- 0.020237 | shots 18.0 | destroyed value 1720.3

=== dn_3x50_K10_s19.txt (m=3 n=50 K=10 mu=6 pool=18 total_value=4236) ===
  MC runs done: 10/30
  MC runs done: 20/30
  MC runs done: 30/30
  leak rate 0.578344 +- 0.039075 | shots 18.0 | destroyed value 1786.1

=== dn_3x50_K10_s20.txt (m=3 n=50 K=10 mu=6 pool=18 total_value=3766) ===
  MC runs done: 10/30
  MC runs done: 20/30
  MC runs done: 30/30
  leak rate 0.596106 +- 0.022199 | shots 18.0 | destroyed value 1521.1

=== dn_3x50_K10_s21.txt (m=3 n=50 K=10 mu=6 pool=18 total_value=3743) ===
  MC runs done: 10/30
  MC runs done: 20/30
  MC runs done: 30/30
  leak rate 0.537465 +- 0.032439 | shots 18.0 | destroyed value 1731.3

=== dn_3x50_K10_s22.txt (m=3 n=50 K=10 mu=6 pool=18 total_value=4635) ===
  MC runs done: 10/30
  MC runs done: 20/30
  MC runs done: 30/30
  leak rate 0.581201 +- 0.020649 | shots 18.0 | destroyed value 1941.1

=== dn_3x50_K10_s23.txt (m=3 n=50 K=10 mu=6 pool=18 total_value=4764) ===
  MC runs done: 10/30
  MC runs done: 20/30
  MC runs done: 30/30
  leak rate 0.637937 +- 0.014157 | shots 18.0 | destroyed value 1724.9

=== dn_3x50_K10_s24.txt (m=3 n=50 K=10 mu=6 pool=18 total_value=4450) ===
  MC runs done: 10/30
  MC runs done: 20/30
  MC runs done: 30/30
  leak rate 0.633288 +- 0.025835 | shots 18.0 | destroyed value 1631.9

=== dn_3x50_K10_s25.txt (m=3 n=50 K=10 mu=6 pool=18 total_value=3749) ===
  MC runs done: 10/30
  MC runs done: 20/30
  MC runs done: 30/30
  leak rate 0.605041 +- 0.022515 | shots 18.0 | destroyed value 1480.7

=== dn_3x50_K10_s26.txt (m=3 n=50 K=10 mu=6 pool=18 total_value=4694) ===
  MC runs done: 10/30
  MC runs done: 20/30
  MC runs done: 30/30
  leak rate 0.588645 +- 0.027599 | shots 17.1 | destroyed value 1930.9
[cleanup] removed tmp dir /tmp/e20e

reports written: output/e20_gen/c010_train/family_report.json, output/e20_gen/c010_train/family_report.md
family leak rate: 0.6049 +- 0.0337 [worst 0.6692]
