DN-WTA v3 family evaluation
  split=train instances=dn_3x50_K10_s03.txt, dn_3x50_K10_s04.txt, dn_3x50_K10_s05.txt, dn_3x50_K10_s06.txt, dn_3x50_K10_s07.txt, dn_3x50_K10_s08.txt, dn_3x50_K10_s09.txt, dn_3x50_K10_s10.txt, dn_3x50_K10_s11.txt, dn_3x50_K10_s12.txt, dn_3x50_K10_s13.txt, dn_3x50_K10_s14.txt, dn_3x50_K10_s15.txt, dn_3x50_K10_s16.txt, dn_3x50_K10_s17.txt, dn_3x50_K10_s18.txt, dn_3x50_K10_s19.txt, dn_3x50_K10_s20.txt, dn_3x50_K10_s21.txt, dn_3x50_K10_s22.txt, dn_3x50_K10_s23.txt, dn_3x50_K10_s24.txt, dn_3x50_K10_s25.txt, dn_3x50_K10_s26.txt
  policy=marl seeds=30 (base 42) timelimit=30s

=== dn_3x50_K10_s03.txt (m=3 n=50 K=10 mu=6 pool=18 total_value=4116) ===
  MC runs done: 10/30
  MC runs done: 20/30
  MC runs done: 30/30
  leak rate 0.610771 +- 0.016986 | shots 18.0 | destroyed value 1602.1

=== dn_3x50_K10_s04.txt (m=3 n=50 K=10 mu=6 pool=18 total_value=4203) ===
  MC runs done: 10/30
  MC runs done: 20/30
  MC runs done: 30/30
  leak rate 0.612896 +- 0.032814 | shots 16.4 | destroyed value 1627.0

=== dn_3x50_K10_s05.txt (m=3 n=50 K=10 mu=6 pool=18 total_value=4828) ===
  MC runs done: 10/30
  MC runs done: 20/30
  MC runs done: 30/30
  leak rate 0.606856 +- 0.026386 | shots 18.0 | destroyed value 1898.1

=== dn_3x50_K10_s06.txt (m=3 n=50 K=10 mu=6 pool=18 total_value=4126) ===
  MC runs done: 10/30
  MC runs done: 20/30
  MC runs done: 30/30
  leak rate 0.629197 +- 0.027168 | shots 15.0 | destroyed value 1529.9

=== dn_3x50_K10_s07.txt (m=3 n=50 K=10 mu=6 pool=18 total_value=4910) ===
  MC runs done: 10/30
  MC runs done: 20/30
  MC runs done: 30/30
  leak rate 0.612933 +- 0.027397 | shots 17.1 | destroyed value 1900.5

=== dn_3x50_K10_s08.txt (m=3 n=50 K=10 mu=6 pool=18 total_value=4385) ===
  MC runs done: 10/30
  MC runs done: 20/30
  MC runs done: 30/30
  leak rate 0.524842 +- 0.037850 | shots 18.0 | destroyed value 2083.6

=== dn_3x50_K10_s09.txt (m=3 n=50 K=10 mu=6 pool=18 total_value=4246) ===
  MC runs done: 10/30
  MC runs done: 20/30
  MC runs done: 30/30
  leak rate 0.613440 +- 0.023856 | shots 16.1 | destroyed value 1641.3

=== dn_3x50_K10_s10.txt (m=3 n=50 K=10 mu=6 pool=18 total_value=5241) ===
  MC runs done: 10/30
  MC runs done: 20/30
  MC runs done: 30/30
  leak rate 0.583960 +- 0.030177 | shots 17.1 | destroyed value 2180.5

=== dn_3x50_K10_s11.txt (m=3 n=50 K=10 mu=6 pool=18 total_value=4367) ===
  MC runs done: 10/30
  MC runs done: 20/30
  MC runs done: 30/30
  leak rate 0.626273 +- 0.028883 | shots 16.9 | destroyed value 1632.1

=== dn_3x50_K10_s12.txt (m=3 n=50 K=10 mu=6 pool=18 total_value=5051) ===
  MC runs done: 10/30
  MC runs done: 20/30
  MC runs done: 30/30
  leak rate 0.595050 +- 0.022564 | shots 18.0 | destroyed value 2045.4

=== dn_3x50_K10_s13.txt (m=3 n=50 K=10 mu=6 pool=18 total_value=4377) ===
  MC runs done: 10/30
  MC runs done: 20/30
  MC runs done: 30/30
  leak rate 0.552502 +- 0.037618 | shots 18.0 | destroyed value 1958.7

=== dn_3x50_K10_s14.txt (m=3 n=50 K=10 mu=6 pool=18 total_value=3997) ===
  MC runs done: 10/30
  MC runs done: 20/30
  MC runs done: 30/30
  leak rate 0.580952 +- 0.026837 | shots 17.0 | destroyed value 1674.9

=== dn_3x50_K10_s15.txt (m=3 n=50 K=10 mu=6 pool=18 total_value=4154) ===
  MC runs done: 10/30
  MC runs done: 20/30
  MC runs done: 30/30
  leak rate 0.621521 +- 0.033313 | shots 17.6 | destroyed value 1572.2

=== dn_3x50_K10_s16.txt (m=3 n=50 K=10 mu=6 pool=18 total_value=4159) ===
  MC runs done: 10/30
  MC runs done: 20/30
  MC runs done: 30/30
  leak rate 0.562788 +- 0.025538 | shots 17.0 | destroyed value 1818.4

=== dn_3x50_K10_s17.txt (m=3 n=50 K=10 mu=6 pool=18 total_value=4312) ===
  MC runs done: 10/30
  MC runs done: 20/30
  MC runs done: 30/30
  leak rate 0.636364 +- 0.019673 | shots 18.0 | destroyed value 1568.0

=== dn_3x50_K10_s18.txt (m=3 n=50 K=10 mu=6 pool=18 total_value=4294) ===
  MC runs done: 10/30
  MC runs done: 20/30
  MC runs done: 30/30
  leak rate 0.671169 +- 0.014655 | shots 18.0 | destroyed value 1412.0

=== dn_3x50_K10_s19.txt (m=3 n=50 K=10 mu=6 pool=18 total_value=4236) ===
  MC runs done: 10/30
  MC runs done: 20/30
  MC runs done: 30/30
  leak rate 0.610584 +- 0.017608 | shots 18.0 | destroyed value 1649.6

=== dn_3x50_K10_s20.txt (m=3 n=50 K=10 mu=6 pool=18 total_value=3766) ===
  MC runs done: 10/30
  MC runs done: 20/30
  MC runs done: 30/30
  leak rate 0.533289 +- 0.044132 | shots 18.0 | destroyed value 1757.6

=== dn_3x50_K10_s21.txt (m=3 n=50 K=10 mu=6 pool=18 total_value=3743) ===
  MC runs done: 10/30
  MC runs done: 20/30
  MC runs done: 30/30
  leak rate 0.574121 +- 0.045238 | shots 17.1 | destroyed value 1594.1

=== dn_3x50_K10_s22.txt (m=3 n=50 K=10 mu=6 pool=18 total_value=4635) ===
  MC runs done: 10/30
  MC runs done: 20/30
  MC runs done: 30/30
  leak rate 0.564480 +- 0.031752 | shots 18.0 | destroyed value 2018.6

=== dn_3x50_K10_s23.txt (m=3 n=50 K=10 mu=6 pool=18 total_value=4764) ===
  MC runs done: 10/30
  MC runs done: 20/30
  MC runs done: 30/30
  leak rate 0.614512 +- 0.031911 | shots 18.0 | destroyed value 1836.5

=== dn_3x50_K10_s24.txt (m=3 n=50 K=10 mu=6 pool=18 total_value=4450) ===
  MC runs done: 10/30
  MC runs done: 20/30
  MC runs done: 30/30
  leak rate 0.598000 +- 0.029420 | shots 18.0 | destroyed value 1788.9

=== dn_3x50_K10_s25.txt (m=3 n=50 K=10 mu=6 pool=18 total_value=3749) ===
  MC runs done: 10/30
  MC runs done: 20/30
  MC runs done: 30/30
  leak rate 0.593456 +- 0.028468 | shots 18.0 | destroyed value 1524.1

=== dn_3x50_K10_s26.txt (m=3 n=50 K=10 mu=6 pool=18 total_value=4694) ===
  MC runs done: 10/30
  MC runs done: 20/30
  MC runs done: 30/30
  leak rate 0.617803 +- 0.025299 | shots 16.0 | destroyed value 1794.0
[cleanup] removed tmp dir /tmp/e20c

reports written: output/e20_gen/c005_train/family_report.json, output/e20_gen/c005_train/family_report.md
family leak rate: 0.5978 +- 0.0329 [worst 0.6712]
