PASS test_v1_format_and_parse
PASS test_v2_determinism_md5
generating 1 DN-WTA v3 instance(s) into /var/folders/2c/02fzr9_d1qzg62mjgs2gmcp40000gn/T/v5_regen_skggg_2g (mu=7, w_trend=1.5, quota=2,2,6, pad=2)
dn_10x100_K10_s01.txt
  m=10 n=100 K=10 mu=7(total 70, global) dt=10s v_t=0.30km/s v_m=1.00km/s pcap=95%
  arrivals per window : [10, 10, 10, 10, 10, 10, 10, 10, 10, 10]
  per-window mean w   : ['48.8', '47.3', '79.5', '59.8', '72.4', '88.7', '83.0', '133.0', '133.8', '69.4']
  eng. window (steps) : [1, 2, 3]  (r0=[3, 3, 3, 3, 3, 3, 3, 3, 3, 3, 3, 3, 3, 3, 3, 3, 3, 3, 3, 3, 4, 4, 4, 4, 4, 5, 5, 5, 5, 5, 5, 5, 5, 6, 6, 6, 6, 6, 6, 6, 7, 7, 7, 7, 7, 7, 7, 7, 7, 7, 7, 7, 7, 7, 7, 7, 7, 8, 8, 8, 8, 8, 8, 8, 8, 8, 8, 8, 8, 8, 8, 8, 8, 8, 8, 8, 8, 8, 9, 9, 9, 9, 9, 9, 9, 9, 9, 9, 9, 9, 9, 9, 9, 9, 9, 9, 9, 9, 9, 9] km)
  leak step histogram : [0, 2, 4, 10, 10, 10, 10, 10, 10, 10, 24]  (index K = end settlement, no defense)
  no-defense leaks    : 100/100 by t=100s
  flight steps at det.: 1..2
  total value 8157 | 70 shots vs 100 targets: best-case defense <=70.0%
done
generating 1 DN-WTA v3 instance(s) into /var/folders/2c/02fzr9_d1qzg62mjgs2gmcp40000gn/T/v5_regen_skggg_2g (mu=7, w_trend=1.5, quota=2,2,6, pad=2)
dn_10x100_K10_s15.txt
  m=10 n=100 K=10 mu=7(total 70, global) dt=10s v_t=0.30km/s v_m=1.00km/s pcap=95%
  arrivals per window : [10, 10, 10, 10, 10, 10, 10, 10, 10, 10]
  per-window mean w   : ['35.8', '80.1', '46.5', '60.8', '93.9', '98.7', '69.0', '96.3', '78.1', '132.1']
  eng. window (steps) : [1, 2, 3]  (r0=[3, 3, 3, 3, 3, 3, 3, 3, 3, 3, 3, 3, 3, 3, 3, 3, 3, 3, 3, 3, 4, 4, 4, 4, 4, 4, 5, 5, 5, 5, 5, 5, 6, 6, 6, 6, 6, 6, 6, 6, 7, 7, 7, 7, 7, 7, 7, 7, 7, 7, 7, 7, 7, 7, 7, 7, 7, 7, 7, 7, 8, 8, 8, 8, 8, 8, 8, 8, 8, 8, 8, 8, 8, 8, 8, 8, 8, 8, 8, 8, 8, 9, 9, 9, 9, 9, 9, 9, 9, 9, 9, 9, 9, 9, 9, 9, 9, 9, 9, 9] km)
  leak step histogram : [0, 2, 4, 10, 10, 10, 10, 10, 10, 10, 24]  (index K = end settlement, no defense)
  no-defense leaks    : 100/100 by t=100s
  flight steps at det.: 1..2
  total value 7913 | 70 shots vs 100 targets: best-case defense <=70.0%
done
PASS test_v2_regeneration_byte_identical
PASS test_v3_arrival_balance
PASS test_v4_value_trend
PASS test_v5_end_settlement_split
PASS test_v5_histogram_data_level
PASS test_v5_none_env_level
PASS test_v6_inheritance_from_v4
all 9 acceptance tests passed
