generating 30 DN-WTA v3 instance(s) into data/dn-data-v5 (mu=7, w_trend=1.5, quota=2,2,6, pad=2)
dn_10x100_K10_s01.txt
  m=10 n=100 K=10 mu=7(total 70, global) dt=10s v_t=0.30km/s v_m=1.00km/s pcap=95%
  arrivals per window : [10, 10, 10, 10, 10, 10, 10, 10, 10, 10]
  per-window mean w   : ['48.8', '47.3', '79.5', '59.8', '72.4', '88.7', '83.0', '133.0', '133.8', '69.4']
  eng. window (steps) : [1, 2, 3]  (r0=[3, 3, 3, 3, 3, 3, 3, 3, 3, 3, 3, 3, 3, 3, 3, 3, 3, 3, 3, 3, 4, 4, 4, 4, 4, 5, 5, 5, 5, 5, 5, 5, 5, 6, 6, 6, 6, 6, 6, 6, 7, 7, 7, 7, 7, 7, 7, 7, 7, 7, 7, 7, 7, 7, 7, 7, 7, 8, 8, 8, 8, 8, 8, 8, 8, 8, 8, 8, 8, 8, 8, 8, 8, 8, 8, 8, 8, 8, 9, 9, 9, 9, 9, 9, 9, 9, 9, 9, 9, 9, 9, 9, 9, 9, 9, 9, 9, 9, 9, 9] km)
  leak step histogram : [0, 2, 4, 10, 10, 10, 10, 10, 10, 10, 24]  (index K = end settlement, no defense)
  no-defense leaks    : 100/100 by t=100s
  flight steps at det.: 1..2
  total value 8157 | 70 shots vs 100 targets: best-case defense <=70.0%
dn_10x100_K10_s02.txt
  m=10 n=100 K=10 mu=7(total 70, global) dt=10s v_t=0.30km/s v_m=1.00km/s pcap=95%
  arrivals per window : [10, 10, 10, 10, 10, 10, 10, 10, 10, 10]
  per-window mean w   : ['47.0', '54.8', '43.7', '63.1', '86.5', '86.0', '103.0', '125.1', '86.3', '66.1']
  eng. window (steps) : [1, 2, 3]  (r0=[3, 3, 3, 3, 3, 3, 3, 3, 3, 3, 3, 3, 3, 3, 3, 3, 3, 3, 3, 3, 4, 4, 4, 4, 5, 5, 5, 5, 5, 5, 5, 5, 5, 5, 6, 6, 6, 6, 6, 6, 7, 7, 7, 7, 7, 7, 7, 7, 7, 7, 7, 7, 7, 7, 7, 7, 7, 7, 8, 8, 8, 8, 8, 8, 8, 8, 8, 8, 8, 8, 8, 8, 8, 8, 8, 8, 8, 8, 8, 8, 8, 8, 9, 9, 9, 9, 9, 9, 9, 9, 9, 9, 9, 9, 9, 9, 9, 9, 9, 9] km)
  leak step histogram : [0, 2, 4, 10, 10, 10, 10, 10, 10, 10, 24]  (index K = end settlement, no defense)
  no-defense leaks    : 100/100 by t=100s
  flight steps at det.: 1..2
  total value 7616 | 70 shots vs 100 targets: best-case defense <=70.0%
dn_10x100_K10_s03.txt
  m=10 n=100 K=10 mu=7(total 70, global) dt=10s v_t=0.30km/s v_m=1.00km/s pcap=95%
  arrivals per window : [10, 10, 10, 10, 10, 10, 10, 10, 10, 10]
  per-window mean w   : ['56.7', '70.5', '56.4', '62.9', '63.8', '91.3', '82.0', '108.2', '146.0', '104.1']
  eng. window (steps) : [1, 2, 3]  (r0=[3, 3, 3, 3, 3, 3, 3, 3, 3, 3, 3, 3, 3, 3, 3, 3, 3, 3, 3, 3, 4, 4, 4, 4, 4, 4, 4, 4, 5, 5, 5, 5, 5, 5, 5, 5, 6, 6, 6, 6, 7, 7, 7, 7, 7, 7, 7, 7, 7, 7, 7, 7, 7, 7, 7, 7, 7, 7, 7, 8, 8, 8, 8, 8, 8, 8, 8, 8, 8, 8, 8, 8, 8, 8, 9, 9, 9, 9, 9, 9, 9, 9, 9, 9, 9, 9, 9, 9, 9, 9, 9, 9, 9, 9, 9, 9, 9, 9, 9, 9] km)
  leak step histogram : [0, 2, 4, 10, 10, 10, 10, 10, 10, 10, 24]  (index K = end settlement, no defense)
  no-defense leaks    : 100/100 by t=100s
  flight steps at det.: 1..2
  total value 8419 | 70 shots vs 100 targets: best-case defense <=70.0%
dn_10x100_K10_s04.txt
  m=10 n=100 K=10 mu=7(total 70, global) dt=10s v_t=0.30km/s v_m=1.00km/s pcap=95%
  arrivals per window : [10, 10, 10, 10, 10, 10, 10, 10, 10, 10]
  per-window mean w   : ['51.7', '58.4', '69.7', '42.1', '70.5', '93.3', '125.0', '93.5', '127.0', '150.5']
  eng. window (steps) : [1, 2, 3]  (r0=[3, 3, 3, 3, 3, 3, 3, 3, 3, 3, 3, 3, 3, 3, 3, 3, 3, 3, 3, 3, 4, 4, 4, 4, 5, 5, 5, 5, 5, 6, 6, 6, 6, 6, 6, 6, 6, 6, 6, 6, 7, 7, 7, 7, 7, 7, 7, 7, 7, 7, 7, 7, 7, 7, 7, 7, 7, 8, 8, 8, 8, 8, 8, 8, 8, 8, 8, 8, 8, 8, 8, 8, 8, 8, 8, 8, 8, 8, 8, 8, 8, 8, 9, 9, 9, 9, 9, 9, 9, 9, 9, 9, 9, 9, 9, 9, 9, 9, 9, 9] km)
  leak step histogram : [0, 2, 4, 10, 10, 10, 10, 10, 10, 10, 24]  (index K = end settlement, no defense)
  no-defense leaks    : 100/100 by t=100s
  flight steps at det.: 1..2
  total value 8817 | 70 shots vs 100 targets: best-case defense <=70.0%
dn_10x100_K10_s05.txt
  m=10 n=100 K=10 mu=7(total 70, global) dt=10s v_t=0.30km/s v_m=1.00km/s pcap=95%
  arrivals per window : [10, 10, 10, 10, 10, 10, 10, 10, 10, 10]
  per-window mean w   : ['74.1', '69.6', '80.5', '64.5', '124.3', '87.0', '127.0', '140.4', '113.6', '138.6']
  eng. window (steps) : [1, 2, 3]  (r0=[3, 3, 3, 3, 3, 3, 3, 3, 3, 3, 3, 3, 3, 3, 3, 3, 3, 3, 3, 3, 4, 4, 4, 4, 4, 4, 4, 4, 4, 4, 5, 5, 5, 5, 5, 5, 6, 6, 6, 6, 7, 7, 7, 7, 7, 7, 7, 7, 7, 7, 7, 7, 7, 7, 7, 7, 7, 7, 7, 8, 8, 8, 8, 8, 8, 8, 8, 8, 8, 8, 8, 8, 8, 8, 8, 8, 8, 8, 8, 8, 8, 8, 8, 9, 9, 9, 9, 9, 9, 9, 9, 9, 9, 9, 9, 9, 9, 9, 9, 9] km)
  leak step histogram : [0, 2, 4, 10, 10, 10, 10, 10, 10, 10, 24]  (index K = end settlement, no defense)
  no-defense leaks    : 100/100 by t=100s
  flight steps at det.: 1..2
  total value 10196 | 70 shots vs 100 targets: best-case defense <=70.0%
dn_10x100_K10_s06.txt
  m=10 n=100 K=10 mu=7(total 70, global) dt=10s v_t=0.30km/s v_m=1.00km/s pcap=95%
  arrivals per window : [10, 10, 10, 10, 10, 10, 10, 10, 10, 10]
  per-window mean w   : ['55.8', '57.5', '59.1', '72.5', '79.0', '83.2', '114.0', '109.1', '96.2', '91.2']
  eng. window (steps) : [1, 2, 3]  (r0=[3, 3, 3, 3, 3, 3, 3, 3, 3, 3, 3, 3, 3, 3, 3, 3, 3, 3, 3, 3, 4, 4, 4, 4, 4, 4, 4, 4, 4, 4, 5, 5, 5, 5, 5, 5, 6, 6, 6, 6, 7, 7, 7, 7, 7, 7, 7, 7, 7, 7, 7, 7, 7, 7, 7, 7, 7, 8, 8, 8, 8, 8, 8, 8, 8, 8, 8, 8, 8, 8, 8, 8, 8, 8, 8, 8, 8, 9, 9, 9, 9, 9, 9, 9, 9, 9, 9, 9, 9, 9, 9, 9, 9, 9, 9, 9, 9, 9, 9, 9] km)
  leak step histogram : [0, 2, 4, 10, 10, 10, 10, 10, 10, 10, 24]  (index K = end settlement, no defense)
  no-defense leaks    : 100/100 by t=100s
  flight steps at det.: 1..2
  total value 8176 | 70 shots vs 100 targets: best-case defense <=70.0%
dn_10x100_K10_s07.txt
  m=10 n=100 K=10 mu=7(total 70, global) dt=10s v_t=0.30km/s v_m=1.00km/s pcap=95%
  arrivals per window : [10, 10, 10, 10, 10, 10, 10, 10, 10, 10]
  per-window mean w   : ['50.8', '79.7', '47.7', '65.3', '66.2', '116.5', '131.0', '96.0', '140.5', '104.8']
  eng. window (steps) : [1, 2, 3]  (r0=[3, 3, 3, 3, 3, 3, 3, 3, 3, 3, 3, 3, 3, 3, 3, 3, 3, 3, 3, 3, 4, 4, 4, 5, 5, 5, 5, 6, 6, 6, 6, 6, 6, 6, 6, 6, 6, 6, 6, 6, 7, 7, 7, 7, 7, 7, 7, 7, 7, 7, 7, 7, 7, 7, 7, 7, 7, 7, 7, 8, 8, 8, 8, 8, 8, 8, 8, 8, 8, 8, 8, 8, 8, 8, 8, 8, 8, 8, 8, 8, 9, 9, 9, 9, 9, 9, 9, 9, 9, 9, 9, 9, 9, 9, 9, 9, 9, 9, 9, 9] km)
  leak step histogram : [0, 2, 4, 10, 10, 10, 10, 10, 10, 10, 24]  (index K = end settlement, no defense)
  no-defense leaks    : 100/100 by t=100s
  flight steps at det.: 1..2
  total value 8985 | 70 shots vs 100 targets: best-case defense <=70.0%
dn_10x100_K10_s08.txt
  m=10 n=100 K=10 mu=7(total 70, global) dt=10s v_t=0.30km/s v_m=1.00km/s pcap=95%
  arrivals per window : [10, 10, 10, 10, 10, 10, 10, 10, 10, 10]
  per-window mean w   : ['56.8', '55.4', '93.3', '81.4', '108.2', '86.3', '89.0', '150.2', '106.1', '87.4']
  eng. window (steps) : [1, 2, 3]  (r0=[3, 3, 3, 3, 3, 3, 3, 3, 3, 3, 3, 3, 3, 3, 3, 3, 3, 3, 3, 3, 4, 4, 4, 4, 4, 4, 4, 4, 5, 5, 5, 5, 6, 6, 6, 6, 6, 6, 6, 6, 7, 7, 7, 7, 7, 7, 7, 7, 7, 7, 7, 7, 7, 7, 7, 7, 7, 7, 7, 7, 7, 7, 7, 7, 8, 8, 8, 8, 8, 8, 8, 8, 8, 8, 8, 8, 8, 8, 8, 8, 8, 8, 8, 9, 9, 9, 9, 9, 9, 9, 9, 9, 9, 9, 9, 9, 9, 9, 9, 9] km)
  leak step histogram : [0, 2, 4, 10, 10, 10, 10, 10, 10, 10, 24]  (index K = end settlement, no defense)
  no-defense leaks    : 100/100 by t=100s
  flight steps at det.: 1..2
  total value 9141 | 70 shots vs 100 targets: best-case defense <=70.0%
dn_10x100_K10_s09.txt
  m=10 n=100 K=10 mu=7(total 70, global) dt=10s v_t=0.30km/s v_m=1.00km/s pcap=95%
  arrivals per window : [10, 10, 10, 10, 10, 10, 10, 10, 10, 10]
  per-window mean w   : ['40.6', '65.5', '75.5', '82.7', '54.8', '79.3', '74.4', '104.3', '127.2', '146.8']
  eng. window (steps) : [1, 2, 3]  (r0=[3, 3, 3, 3, 3, 3, 3, 3, 3, 3, 3, 3, 3, 3, 3, 3, 3, 3, 3, 3, 4, 4, 4, 4, 4, 4, 4, 4, 5, 5, 5, 5, 5, 5, 6, 6, 6, 6, 6, 6, 7, 7, 7, 7, 7, 7, 7, 7, 7, 7, 7, 7, 7, 7, 7, 7, 7, 7, 7, 7, 7, 7, 7, 7, 7, 7, 7, 7, 8, 8, 8, 8, 8, 8, 8, 8, 8, 8, 8, 8, 8, 9, 9, 9, 9, 9, 9, 9, 9, 9, 9, 9, 9, 9, 9, 9, 9, 9, 9, 9] km)
  leak step histogram : [0, 2, 4, 10, 10, 10, 10, 10, 10, 10, 24]  (index K = end settlement, no defense)
  no-defense leaks    : 100/100 by t=100s
  flight steps at det.: 1..2
  total value 8511 | 70 shots vs 100 targets: best-case defense <=70.0%
dn_10x100_K10_s10.txt
  m=10 n=100 K=10 mu=7(total 70, global) dt=10s v_t=0.30km/s v_m=1.00km/s pcap=95%
  arrivals per window : [10, 10, 10, 10, 10, 10, 10, 10, 10, 10]
  per-window mean w   : ['52.4', '50.6', '85.8', '67.4', '102.0', '124.7', '132.8', '92.0', '94.2', '113.6']
  eng. window (steps) : [1, 2, 3]  (r0=[3, 3, 3, 3, 3, 3, 3, 3, 3, 3, 3, 3, 3, 3, 3, 3, 3, 3, 3, 3, 4, 4, 4, 5, 5, 5, 5, 5, 5, 5, 5, 5, 5, 5, 5, 6, 6, 6, 6, 6, 7, 7, 7, 7, 7, 7, 7, 7, 7, 7, 7, 7, 7, 7, 7, 7, 7, 7, 8, 8, 8, 8, 8, 8, 8, 8, 8, 8, 8, 8, 8, 8, 8, 8, 8, 8, 8, 8, 8, 8, 8, 8, 8, 9, 9, 9, 9, 9, 9, 9, 9, 9, 9, 9, 9, 9, 9, 9, 9, 9] km)
  leak step histogram : [0, 2, 4, 10, 10, 10, 10, 10, 10, 10, 24]  (index K = end settlement, no defense)
  no-defense leaks    : 100/100 by t=100s
  flight steps at det.: 1..2
  total value 9155 | 70 shots vs 100 targets: best-case defense <=70.0%
dn_10x100_K10_s11.txt
  m=10 n=100 K=10 mu=7(total 70, global) dt=10s v_t=0.30km/s v_m=1.00km/s pcap=95%
  arrivals per window : [10, 10, 10, 10, 10, 10, 10, 10, 10, 10]
  per-window mean w   : ['45.8', '67.1', '54.9', '72.7', '92.3', '93.3', '120.0', '109.5', '89.7', '139.7']
  eng. window (steps) : [1, 2, 3]  (r0=[3, 3, 3, 3, 3, 3, 3, 3, 3, 3, 3, 3, 3, 3, 3, 3, 3, 3, 3, 3, 4, 4, 4, 4, 4, 4, 4, 5, 5, 5, 5, 5, 5, 5, 6, 6, 6, 6, 6, 6, 7, 7, 7, 7, 7, 7, 7, 7, 7, 7, 7, 7, 7, 7, 7, 7, 7, 8, 8, 8, 8, 8, 8, 8, 8, 8, 8, 8, 8, 9, 9, 9, 9, 9, 9, 9, 9, 9, 9, 9, 9, 9, 9, 9, 9, 9, 9, 9, 9, 9, 9, 9, 9, 9, 9, 9, 9, 9, 9, 9] km)
  leak step histogram : [0, 2, 4, 10, 10, 10, 10, 10, 10, 10, 24]  (index K = end settlement, no defense)
  no-defense leaks    : 100/100 by t=100s
  flight steps at det.: 1..2
  total value 8850 | 70 shots vs 100 targets: best-case defense <=70.0%
dn_10x100_K10_s12.txt
  m=10 n=100 K=10 mu=7(total 70, global) dt=10s v_t=0.30km/s v_m=1.00km/s pcap=95%
  arrivals per window : [10, 10, 10, 10, 10, 10, 10, 10, 10, 10]
  per-window mean w   : ['58.2', '54.6', '86.4', '90.1', '76.3', '68.3', '63.0', '103.4', '134.0', '156.6']
  eng. window (steps) : [1, 2, 3]  (r0=[3, 3, 3, 3, 3, 3, 3, 3, 3, 3, 3, 3, 3, 3, 3, 3, 3, 3, 3, 3, 4, 4, 4, 5, 5, 5, 5, 5, 5, 5, 6, 6, 6, 6, 6, 6, 6, 6, 6, 6, 7, 7, 7, 7, 7, 7, 7, 7, 7, 7, 7, 7, 7, 7, 7, 7, 7, 7, 7, 8, 8, 8, 8, 8, 8, 8, 8, 8, 8, 8, 8, 8, 8, 8, 8, 8, 8, 8, 8, 9, 9, 9, 9, 9, 9, 9, 9, 9, 9, 9, 9, 9, 9, 9, 9, 9, 9, 9, 9, 9] km)
  leak step histogram : [0, 2, 4, 10, 10, 10, 10, 10, 10, 10, 24]  (index K = end settlement, no defense)
  no-defense leaks    : 100/100 by t=100s
  flight steps at det.: 1..2
  total value 8909 | 70 shots vs 100 targets: best-case defense <=70.0%
dn_10x100_K10_s13.txt
  m=10 n=100 K=10 mu=7(total 70, global) dt=10s v_t=0.30km/s v_m=1.00km/s pcap=95%
  arrivals per window : [10, 10, 10, 10, 10, 10, 10, 10, 10, 10]
  per-window mean w   : ['45.7', '77.9', '77.2', '87.7', '80.2', '118.4', '119.4', '112.4', '116.9', '154.7']
  eng. window (steps) : [1, 2, 3]  (r0=[3, 3, 3, 3, 3, 3, 3, 3, 3, 3, 3, 3, 3, 3, 3, 3, 3, 3, 3, 3, 4, 4, 4, 4, 5, 5, 5, 5, 5, 5, 5, 5, 5, 5, 5, 6, 6, 6, 6, 6, 7, 7, 7, 7, 7, 7, 7, 7, 7, 7, 7, 7, 7, 7, 7, 7, 7, 7, 7, 7, 7, 8, 8, 8, 8, 8, 8, 8, 8, 8, 8, 8, 8, 8, 8, 8, 8, 8, 8, 8, 8, 8, 8, 8, 8, 8, 9, 9, 9, 9, 9, 9, 9, 9, 9, 9, 9, 9, 9, 9] km)
  leak step histogram : [0, 2, 4, 10, 10, 10, 10, 10, 10, 10, 24]  (index K = end settlement, no defense)
  no-defense leaks    : 100/100 by t=100s
  flight steps at det.: 1..2
  total value 9905 | 70 shots vs 100 targets: best-case defense <=70.0%
dn_10x100_K10_s14.txt
  m=10 n=100 K=10 mu=7(total 70, global) dt=10s v_t=0.30km/s v_m=1.00km/s pcap=95%
  arrivals per window : [10, 10, 10, 10, 10, 10, 10, 10, 10, 10]
  per-window mean w   : ['50.2', '57.9', '39.9', '88.5', '118.7', '80.5', '119.4', '123.8', '116.0', '124.1']
  eng. window (steps) : [1, 2, 3]  (r0=[3, 3, 3, 3, 3, 3, 3, 3, 3, 3, 3, 3, 3, 3, 3, 3, 3, 3, 3, 3, 4, 4, 4, 4, 4, 4, 4, 5, 5, 5, 5, 5, 5, 5, 6, 6, 6, 6, 6, 6, 7, 7, 7, 7, 7, 7, 7, 7, 7, 7, 7, 7, 7, 7, 7, 7, 7, 7, 7, 7, 8, 8, 8, 8, 8, 8, 8, 8, 8, 8, 8, 8, 8, 8, 8, 8, 8, 9, 9, 9, 9, 9, 9, 9, 9, 9, 9, 9, 9, 9, 9, 9, 9, 9, 9, 9, 9, 9, 9, 9] km)
  leak step histogram : [0, 2, 4, 10, 10, 10, 10, 10, 10, 10, 24]  (index K = end settlement, no defense)
  no-defense leaks    : 100/100 by t=100s
  flight steps at det.: 1..2
  total value 9190 | 70 shots vs 100 targets: best-case defense <=70.0%
dn_10x100_K10_s15.txt
  m=10 n=100 K=10 mu=7(total 70, global) dt=10s v_t=0.30km/s v_m=1.00km/s pcap=95%
  arrivals per window : [10, 10, 10, 10, 10, 10, 10, 10, 10, 10]
  per-window mean w   : ['35.8', '80.1', '46.5', '60.8', '93.9', '98.7', '69.0', '96.3', '78.1', '132.1']
  eng. window (steps) : [1, 2, 3]  (r0=[3, 3, 3, 3, 3, 3, 3, 3, 3, 3, 3, 3, 3, 3, 3, 3, 3, 3, 3, 3, 4, 4, 4, 4, 4, 4, 5, 5, 5, 5, 5, 5, 6, 6, 6, 6, 6, 6, 6, 6, 7, 7, 7, 7, 7, 7, 7, 7, 7, 7, 7, 7, 7, 7, 7, 7, 7, 7, 7, 7, 8, 8, 8, 8, 8, 8, 8, 8, 8, 8, 8, 8, 8, 8, 8, 8, 8, 8, 8, 8, 8, 9, 9, 9, 9, 9, 9, 9, 9, 9, 9, 9, 9, 9, 9, 9, 9, 9, 9, 9] km)
  leak step histogram : [0, 2, 4, 10, 10, 10, 10, 10, 10, 10, 24]  (index K = end settlement, no defense)
  no-defense leaks    : 100/100 by t=100s
  flight steps at det.: 1..2
  total value 7913 | 70 shots vs 100 targets: best-case defense <=70.0%
dn_10x100_K10_s16.txt
  m=10 n=100 K=10 mu=7(total 70, global) dt=10s v_t=0.30km/s v_m=1.00km/s pcap=95%
  arrivals per window : [10, 10, 10, 10, 10, 10, 10, 10, 10, 10]
  per-window mean w   : ['48.8', '50.7', '72.4', '63.8', '95.1', '110.0', '118.8', '80.0', '131.4', '81.6']
  eng. window (steps) : [1, 2, 3]  (r0=[3, 3, 3, 3, 3, 3, 3, 3, 3, 3, 3, 3, 3, 3, 3, 3, 3, 3, 3, 3, 4, 4, 4, 4, 4, 4, 4, 5, 5, 5, 5, 5, 5, 6, 6, 6, 6, 6, 6, 6, 7, 7, 7, 7, 7, 7, 7, 7, 7, 7, 7, 7, 7, 7, 7, 7, 7, 7, 7, 7, 7, 7, 7, 7, 7, 7, 7, 8, 8, 8, 8, 8, 8, 8, 8, 8, 8, 8, 8, 8, 8, 9, 9, 9, 9, 9, 9, 9, 9, 9, 9, 9, 9, 9, 9, 9, 9, 9, 9, 9] km)
  leak step histogram : [0, 2, 4, 10, 10, 10, 10, 10, 10, 10, 24]  (index K = end settlement, no defense)
  no-defense leaks    : 100/100 by t=100s
  flight steps at det.: 1..2
  total value 8526 | 70 shots vs 100 targets: best-case defense <=70.0%
dn_10x100_K10_s17.txt
  m=10 n=100 K=10 mu=7(total 70, global) dt=10s v_t=0.30km/s v_m=1.00km/s pcap=95%
  arrivals per window : [10, 10, 10, 10, 10, 10, 10, 10, 10, 10]
  per-window mean w   : ['37.1', '51.8', '83.3', '79.8', '88.6', '89.2', '88.8', '114.1', '114.5', '157.2']
  eng. window (steps) : [1, 2, 3]  (r0=[3, 3, 3, 3, 3, 3, 3, 3, 3, 3, 3, 3, 3, 3, 3, 3, 3, 3, 3, 3, 4, 4, 4, 4, 4, 4, 4, 4, 4, 5, 5, 5, 5, 6, 6, 6, 6, 6, 6, 6, 7, 7, 7, 7, 7, 7, 7, 7, 7, 7, 7, 7, 7, 7, 7, 8, 8, 8, 8, 8, 8, 8, 8, 8, 8, 8, 8, 8, 8, 8, 8, 8, 8, 8, 8, 8, 9, 9, 9, 9, 9, 9, 9, 9, 9, 9, 9, 9, 9, 9, 9, 9, 9, 9, 9, 9, 9, 9, 9, 9] km)
  leak step histogram : [0, 2, 4, 10, 10, 10, 10, 10, 10, 10, 24]  (index K = end settlement, no defense)
  no-defense leaks    : 100/100 by t=100s
  flight steps at det.: 1..2
  total value 9044 | 70 shots vs 100 targets: best-case defense <=70.0%
dn_10x100_K10_s18.txt
  m=10 n=100 K=10 mu=7(total 70, global) dt=10s v_t=0.30km/s v_m=1.00km/s pcap=95%
  arrivals per window : [10, 10, 10, 10, 10, 10, 10, 10, 10, 10]
  per-window mean w   : ['47.1', '61.5', '56.1', '91.2', '83.5', '109.5', '72.6', '98.7', '135.3', '144.7']
  eng. window (steps) : [1, 2, 3]  (r0=[3, 3, 3, 3, 3, 3, 3, 3, 3, 3, 3, 3, 3, 3, 3, 3, 3, 3, 3, 3, 4, 4, 4, 4, 4, 4, 4, 4, 5, 5, 5, 5, 6, 6, 6, 6, 6, 6, 6, 6, 7, 7, 7, 7, 7, 7, 7, 7, 7, 7, 7, 7, 7, 7, 7, 7, 7, 7, 7, 7, 7, 7, 8, 8, 8, 8, 8, 8, 8, 8, 8, 8, 8, 8, 8, 8, 8, 8, 9, 9, 9, 9, 9, 9, 9, 9, 9, 9, 9, 9, 9, 9, 9, 9, 9, 9, 9, 9, 9, 9] km)
  leak step histogram : [0, 2, 4, 10, 10, 10, 10, 10, 10, 10, 24]  (index K = end settlement, no defense)
  no-defense leaks    : 100/100 by t=100s
  flight steps at det.: 1..2
  total value 9002 | 70 shots vs 100 targets: best-case defense <=70.0%
dn_10x100_K10_s19.txt
  m=10 n=100 K=10 mu=7(total 70, global) dt=10s v_t=0.30km/s v_m=1.00km/s pcap=95%
  arrivals per window : [10, 10, 10, 10, 10, 10, 10, 10, 10, 10]
  per-window mean w   : ['55.2', '41.2', '47.0', '79.4', '84.4', '64.9', '148.4', '137.9', '62.1', '160.5']
  eng. window (steps) : [1, 2, 3]  (r0=[3, 3, 3, 3, 3, 3, 3, 3, 3, 3, 3, 3, 3, 3, 3, 3, 3, 3, 3, 3, 4, 4, 4, 4, 4, 4, 5, 5, 5, 5, 5, 5, 5, 5, 5, 6, 6, 6, 6, 6, 7, 7, 7, 7, 7, 7, 7, 7, 7, 7, 7, 7, 7, 7, 7, 7, 7, 7, 7, 7, 7, 7, 8, 8, 8, 8, 8, 8, 8, 8, 8, 8, 8, 8, 8, 8, 8, 8, 8, 8, 8, 9, 9, 9, 9, 9, 9, 9, 9, 9, 9, 9, 9, 9, 9, 9, 9, 9, 9, 9] km)
  leak step histogram : [0, 2, 4, 10, 10, 10, 10, 10, 10, 10, 24]  (index K = end settlement, no defense)
  no-defense leaks    : 100/100 by t=100s
  flight steps at det.: 1..2
  total value 8810 | 70 shots vs 100 targets: best-case defense <=70.0%
dn_10x100_K10_s20.txt
  m=10 n=100 K=10 mu=7(total 70, global) dt=10s v_t=0.30km/s v_m=1.00km/s pcap=95%
  arrivals per window : [10, 10, 10, 10, 10, 10, 10, 10, 10, 10]
  per-window mean w   : ['39.1', '61.2', '56.1', '66.7', '64.7', '107.4', '106.4', '114.4', '76.0', '95.5']
  eng. window (steps) : [1, 2, 3]  (r0=[3, 3, 3, 3, 3, 3, 3, 3, 3, 3, 3, 3, 3, 3, 3, 3, 3, 3, 3, 3, 4, 4, 4, 4, 5, 5, 5, 5, 5, 5, 6, 6, 6, 6, 6, 6, 6, 6, 6, 6, 7, 7, 7, 7, 7, 7, 7, 7, 7, 7, 7, 7, 7, 7, 7, 7, 8, 8, 8, 8, 8, 8, 8, 8, 8, 8, 8, 8, 8, 8, 8, 8, 8, 8, 8, 8, 8, 8, 9, 9, 9, 9, 9, 9, 9, 9, 9, 9, 9, 9, 9, 9, 9, 9, 9, 9, 9, 9, 9, 9] km)
  leak step histogram : [0, 2, 4, 10, 10, 10, 10, 10, 10, 10, 24]  (index K = end settlement, no defense)
  no-defense leaks    : 100/100 by t=100s
  flight steps at det.: 1..2
  total value 7875 | 70 shots vs 100 targets: best-case defense <=70.0%
dn_10x100_K10_s21.txt
  m=10 n=100 K=10 mu=7(total 70, global) dt=10s v_t=0.30km/s v_m=1.00km/s pcap=95%
  arrivals per window : [10, 10, 10, 10, 10, 10, 10, 10, 10, 10]
  per-window mean w   : ['39.9', '52.0', '37.7', '92.2', '68.7', '64.0', '132.6', '111.6', '101.5', '137.4']
  eng. window (steps) : [1, 2, 3]  (r0=[3, 3, 3, 3, 3, 3, 3, 3, 3, 3, 3, 3, 3, 3, 3, 3, 3, 3, 3, 3, 4, 4, 4, 4, 4, 4, 5, 5, 5, 5, 5, 6, 6, 6, 6, 6, 6, 6, 6, 6, 7, 7, 7, 7, 7, 7, 7, 7, 7, 7, 7, 7, 7, 7, 7, 7, 7, 7, 7, 7, 7, 7, 7, 7, 7, 8, 8, 8, 8, 8, 8, 8, 8, 8, 8, 8, 8, 8, 8, 8, 8, 8, 9, 9, 9, 9, 9, 9, 9, 9, 9, 9, 9, 9, 9, 9, 9, 9, 9, 9] km)
  leak step histogram : [0, 2, 4, 10, 10, 10, 10, 10, 10, 10, 24]  (index K = end settlement, no defense)
  no-defense leaks    : 100/100 by t=100s
  flight steps at det.: 1..2
  total value 8376 | 70 shots vs 100 targets: best-case defense <=70.0%
dn_10x100_K10_s22.txt
  m=10 n=100 K=10 mu=7(total 70, global) dt=10s v_t=0.30km/s v_m=1.00km/s pcap=95%
  arrivals per window : [10, 10, 10, 10, 10, 10, 10, 10, 10, 10]
  per-window mean w   : ['53.1', '69.8', '85.9', '73.7', '105.3', '86.9', '75.4', '122.6', '103.2', '163.0']
  eng. window (steps) : [1, 2, 3]  (r0=[3, 3, 3, 3, 3, 3, 3, 3, 3, 3, 3, 3, 3, 3, 3, 3, 3, 3, 3, 3, 4, 4, 4, 4, 4, 5, 5, 5, 5, 5, 5, 5, 5, 6, 6, 6, 6, 6, 6, 6, 7, 7, 7, 7, 7, 7, 7, 7, 7, 7, 7, 7, 7, 7, 7, 7, 7, 7, 7, 8, 8, 8, 8, 8, 8, 8, 8, 8, 8, 8, 8, 8, 8, 8, 8, 8, 8, 9, 9, 9, 9, 9, 9, 9, 9, 9, 9, 9, 9, 9, 9, 9, 9, 9, 9, 9, 9, 9, 9, 9] km)
  leak step histogram : [0, 2, 4, 10, 10, 10, 10, 10, 10, 10, 24]  (index K = end settlement, no defense)
  no-defense leaks    : 100/100 by t=100s
  flight steps at det.: 1..2
  total value 9389 | 70 shots vs 100 targets: best-case defense <=70.0%
dn_10x100_K10_s23.txt
  m=10 n=100 K=10 mu=7(total 70, global) dt=10s v_t=0.30km/s v_m=1.00km/s pcap=95%
  arrivals per window : [10, 10, 10, 10, 10, 10, 10, 10, 10, 10]
  per-window mean w   : ['62.1', '86.4', '55.4', '84.2', '77.3', '98.0', '103.2', '110.6', '131.1', '131.9']
  eng. window (steps) : [1, 2, 3]  (r0=[3, 3, 3, 3, 3, 3, 3, 3, 3, 3, 3, 3, 3, 3, 3, 3, 3, 3, 3, 3, 4, 4, 4, 4, 4, 5, 5, 5, 5, 5, 5, 5, 5, 5, 6, 6, 6, 6, 6, 6, 7, 7, 7, 7, 7, 7, 7, 7, 7, 7, 7, 7, 7, 7, 7, 7, 7, 8, 8, 8, 8, 8, 8, 8, 8, 8, 8, 8, 8, 8, 8, 8, 8, 8, 8, 8, 8, 8, 8, 8, 8, 9, 9, 9, 9, 9, 9, 9, 9, 9, 9, 9, 9, 9, 9, 9, 9, 9, 9, 9] km)
  leak step histogram : [0, 2, 4, 10, 10, 10, 10, 10, 10, 10, 24]  (index K = end settlement, no defense)
  no-defense leaks    : 100/100 by t=100s
  flight steps at det.: 1..2
  total value 9402 | 70 shots vs 100 targets: best-case defense <=70.0%
dn_10x100_K10_s24.txt
  m=10 n=100 K=10 mu=7(total 70, global) dt=10s v_t=0.30km/s v_m=1.00km/s pcap=95%
  arrivals per window : [10, 10, 10, 10, 10, 10, 10, 10, 10, 10]
  per-window mean w   : ['52.0', '53.4', '56.4', '75.7', '66.0', '93.7', '120.6', '127.3', '123.9', '99.4']
  eng. window (steps) : [1, 2, 3]  (r0=[3, 3, 3, 3, 3, 3, 3, 3, 3, 3, 3, 3, 3, 3, 3, 3, 3, 3, 3, 3, 4, 4, 4, 4, 4, 5, 5, 5, 5, 5, 5, 5, 5, 6, 6, 6, 6, 6, 6, 6, 7, 7, 7, 7, 7, 7, 7, 7, 7, 7, 7, 7, 7, 7, 7, 7, 7, 7, 7, 7, 7, 7, 7, 7, 7, 8, 8, 8, 8, 8, 8, 8, 8, 8, 8, 8, 8, 8, 8, 8, 8, 8, 8, 8, 8, 8, 8, 8, 9, 9, 9, 9, 9, 9, 9, 9, 9, 9, 9, 9] km)
  leak step histogram : [0, 2, 4, 10, 10, 10, 10, 10, 10, 10, 24]  (index K = end settlement, no defense)
  no-defense leaks    : 100/100 by t=100s
  flight steps at det.: 1..2
  total value 8684 | 70 shots vs 100 targets: best-case defense <=70.0%
dn_10x100_K10_s25.txt
  m=10 n=100 K=10 mu=7(total 70, global) dt=10s v_t=0.30km/s v_m=1.00km/s pcap=95%
  arrivals per window : [10, 10, 10, 10, 10, 10, 10, 10, 10, 10]
  per-window mean w   : ['45.2', '62.2', '96.6', '52.6', '75.7', '72.4', '81.8', '89.6', '133.2', '117.1']
  eng. window (steps) : [1, 2, 3]  (r0=[3, 3, 3, 3, 3, 3, 3, 3, 3, 3, 3, 3, 3, 3, 3, 3, 3, 3, 3, 3, 4, 4, 4, 4, 4, 5, 5, 5, 5, 5, 5, 6, 6, 6, 6, 6, 6, 6, 6, 6, 7, 7, 7, 7, 7, 7, 7, 7, 7, 7, 7, 7, 7, 7, 7, 7, 7, 7, 7, 7, 7, 7, 7, 7, 8, 8, 8, 8, 8, 8, 8, 8, 8, 8, 8, 8, 8, 8, 8, 8, 8, 8, 8, 9, 9, 9, 9, 9, 9, 9, 9, 9, 9, 9, 9, 9, 9, 9, 9, 9] km)
  leak step histogram : [0, 2, 4, 10, 10, 10, 10, 10, 10, 10, 24]  (index K = end settlement, no defense)
  no-defense leaks    : 100/100 by t=100s
  flight steps at det.: 1..2
  total value 8264 | 70 shots vs 100 targets: best-case defense <=70.0%
dn_10x100_K10_s26.txt
  m=10 n=100 K=10 mu=7(total 70, global) dt=10s v_t=0.30km/s v_m=1.00km/s pcap=95%
  arrivals per window : [10, 10, 10, 10, 10, 10, 10, 10, 10, 10]
  per-window mean w   : ['66.9', '70.9', '66.2', '64.3', '81.5', '53.4', '102.0', '133.6', '138.1', '120.7']
  eng. window (steps) : [1, 2, 3]  (r0=[3, 3, 3, 3, 3, 3, 3, 3, 3, 3, 3, 3, 3, 3, 3, 3, 3, 3, 3, 3, 4, 4, 4, 4, 4, 5, 5, 5, 5, 5, 5, 5, 6, 6, 6, 6, 6, 6, 6, 6, 7, 7, 7, 7, 7, 7, 7, 7, 7, 7, 7, 7, 7, 7, 7, 7, 7, 8, 8, 8, 8, 8, 8, 8, 8, 8, 8, 8, 8, 8, 8, 8, 8, 8, 8, 8, 8, 8, 8, 8, 8, 9, 9, 9, 9, 9, 9, 9, 9, 9, 9, 9, 9, 9, 9, 9, 9, 9, 9, 9] km)
  leak step histogram : [0, 2, 4, 10, 10, 10, 10, 10, 10, 10, 24]  (index K = end settlement, no defense)
  no-defense leaks    : 100/100 by t=100s
  flight steps at det.: 1..2
  total value 8976 | 70 shots vs 100 targets: best-case defense <=70.0%
dn_10x100_K10_s27.txt
  m=10 n=100 K=10 mu=7(total 70, global) dt=10s v_t=0.30km/s v_m=1.00km/s pcap=95%
  arrivals per window : [10, 10, 10, 10, 10, 10, 10, 10, 10, 10]
  per-window mean w   : ['59.3', '52.2', '49.0', '89.5', '73.8', '108.0', '77.6', '100.3', '104.1', '104.2']
  eng. window (steps) : [1, 2, 3]  (r0=[3, 3, 3, 3, 3, 3, 3, 3, 3, 3, 3, 3, 3, 3, 3, 3, 3, 3, 3, 3, 4, 4, 4, 4, 4, 4, 4, 4, 5, 5, 5, 5, 5, 5, 5, 5, 5, 6, 6, 6, 7, 7, 7, 7, 7, 7, 7, 7, 7, 7, 7, 7, 7, 7, 7, 7, 7, 8, 8, 8, 8, 8, 8, 8, 8, 8, 8, 8, 8, 8, 8, 8, 8, 8, 9, 9, 9, 9, 9, 9, 9, 9, 9, 9, 9, 9, 9, 9, 9, 9, 9, 9, 9, 9, 9, 9, 9, 9, 9, 9] km)
  leak step histogram : [0, 2, 4, 10, 10, 10, 10, 10, 10, 10, 24]  (index K = end settlement, no defense)
  no-defense leaks    : 100/100 by t=100s
  flight steps at det.: 1..2
  total value 8180 | 70 shots vs 100 targets: best-case defense <=70.0%
dn_10x100_K10_s28.txt
  m=10 n=100 K=10 mu=7(total 70, global) dt=10s v_t=0.30km/s v_m=1.00km/s pcap=95%
  arrivals per window : [10, 10, 10, 10, 10, 10, 10, 10, 10, 10]
  per-window mean w   : ['55.7', '62.9', '65.5', '103.4', '57.2', '107.9', '105.4', '104.9', '114.6', '78.5']
  eng. window (steps) : [1, 2, 3]  (r0=[3, 3, 3, 3, 3, 3, 3, 3, 3, 3, 3, 3, 3, 3, 3, 3, 3, 3, 3, 3, 4, 4, 4, 4, 4, 4, 4, 4, 4, 4, 4, 4, 5, 5, 5, 5, 5, 6, 6, 6, 7, 7, 7, 7, 7, 7, 7, 7, 7, 7, 7, 7, 7, 7, 7, 7, 7, 7, 7, 8, 8, 8, 8, 8, 8, 8, 8, 8, 8, 8, 8, 8, 8, 8, 8, 8, 8, 8, 8, 8, 9, 9, 9, 9, 9, 9, 9, 9, 9, 9, 9, 9, 9, 9, 9, 9, 9, 9, 9, 9] km)
  leak step histogram : [0, 2, 4, 10, 10, 10, 10, 10, 10, 10, 24]  (index K = end settlement, no defense)
  no-defense leaks    : 100/100 by t=100s
  flight steps at det.: 1..2
  total value 8560 | 70 shots vs 100 targets: best-case defense <=70.0%
dn_10x100_K10_s29.txt
  m=10 n=100 K=10 mu=7(total 70, global) dt=10s v_t=0.30km/s v_m=1.00km/s pcap=95%
  arrivals per window : [10, 10, 10, 10, 10, 10, 10, 10, 10, 10]
  per-window mean w   : ['47.4', '56.1', '78.2', '86.0', '62.4', '65.2', '75.8', '96.4', '169.3', '118.5']
  eng. window (steps) : [1, 2, 3]  (r0=[3, 3, 3, 3, 3, 3, 3, 3, 3, 3, 3, 3, 3, 3, 3, 3, 3, 3, 3, 3, 4, 4, 4, 4, 4, 4, 4, 4, 5, 5, 5, 5, 6, 6, 6, 6, 6, 6, 6, 6, 7, 7, 7, 7, 7, 7, 7, 7, 7, 7, 7, 7, 7, 7, 7, 7, 7, 7, 8, 8, 8, 8, 8, 8, 8, 8, 8, 8, 8, 8, 8, 8, 8, 8, 8, 8, 8, 9, 9, 9, 9, 9, 9, 9, 9, 9, 9, 9, 9, 9, 9, 9, 9, 9, 9, 9, 9, 9, 9, 9] km)
  leak step histogram : [0, 2, 4, 10, 10, 10, 10, 10, 10, 10, 24]  (index K = end settlement, no defense)
  no-defense leaks    : 100/100 by t=100s
  flight steps at det.: 1..2
  total value 8553 | 70 shots vs 100 targets: best-case defense <=70.0%
dn_10x100_K10_s30.txt
  m=10 n=100 K=10 mu=7(total 70, global) dt=10s v_t=0.30km/s v_m=1.00km/s pcap=95%
  arrivals per window : [10, 10, 10, 10, 10, 10, 10, 10, 10, 10]
  per-window mean w   : ['53.8', '64.8', '94.8', '80.3', '82.8', '72.8', '57.8', '81.5', '115.9', '135.2']
  eng. window (steps) : [1, 2, 3]  (r0=[3, 3, 3, 3, 3, 3, 3, 3, 3, 3, 3, 3, 3, 3, 3, 3, 3, 3, 3, 3, 4, 4, 4, 4, 4, 4, 5, 5, 5, 5, 5, 6, 6, 6, 6, 6, 6, 6, 6, 6, 7, 7, 7, 7, 7, 7, 7, 7, 7, 7, 7, 7, 7, 7, 7, 7, 7, 7, 7, 7, 7, 8, 8, 8, 8, 8, 8, 8, 8, 8, 8, 8, 8, 8, 8, 8, 8, 8, 8, 8, 9, 9, 9, 9, 9, 9, 9, 9, 9, 9, 9, 9, 9, 9, 9, 9, 9, 9, 9, 9] km)
  leak step histogram : [0, 2, 4, 10, 10, 10, 10, 10, 10, 10, 24]  (index K = end settlement, no defense)
  no-defense leaks    : 100/100 by t=100s
  flight steps at det.: 1..2
  total value 8397 | 70 shots vs 100 targets: best-case defense <=70.0%
done
