device=cpu actor_params=10242
[mappo iter     25] train 0.8116 | val 1.0000+-0.0000 | tau 0.99 | 21s
[mappo iter     50] train 0.7658 | val 0.9286+-0.0181 | tau 0.99 | 42s
[mappo iter     75] train 0.7560 | val 0.8178+-0.0568 | tau 0.98 | 64s
[mappo iter    100] train 0.7439 | val 0.7387+-0.0419 | tau 0.98 | 84s
[mappo iter    125] train 0.7242 | val 0.7068+-0.0304 | tau 0.97 | 105s
[mappo iter    150] train 0.7158 | val 0.7135+-0.0340 | tau 0.96 | 126s
[mappo iter    175] train 0.7077 | val 0.7020+-0.0298 | tau 0.96 | 148s
[mappo iter    200] train 0.6978 | val 0.7075+-0.0369 | tau 0.95 | 171s
[mappo iter    225] train 0.6915 | val 0.6862+-0.0464 | tau 0.94 | 195s
[mappo iter    250] train 0.6837 | val 0.6628+-0.0362 | tau 0.94 | 217s
[mappo iter    275] train 0.6831 | val 0.6630+-0.0305 | tau 0.93 | 240s
[mappo iter    300] train 0.6798 | val 0.6595+-0.0313 | tau 0.93 | 265s
[mappo iter    325] train 0.6803 | val 0.6493+-0.0372 | tau 0.92 | 292s
[mappo iter    350] train 0.6703 | val 0.6571+-0.0329 | tau 0.91 | 319s
[mappo iter    375] train 0.6682 | val 0.6485+-0.0352 | tau 0.91 | 345s
[mappo iter    400] train 0.6688 | val 0.6533+-0.0397 | tau 0.90 | 371s
[mappo iter    425] train 0.6586 | val 0.6537+-0.0344 | tau 0.89 | 397s
[mappo iter    450] train 0.6571 | val 0.6399+-0.0455 | tau 0.89 | 426s
[mappo iter    475] train 0.6498 | val 0.6354+-0.0399 | tau 0.88 | 452s
[mappo iter    500] train 0.6490 | val 0.6380+-0.0442 | tau 0.88 | 479s
[mappo iter    525] train 0.6503 | val 0.6344+-0.0416 | tau 0.87 | 502s
[mappo iter    550] train 0.6414 | val 0.6363+-0.0421 | tau 0.86 | 525s
[mappo iter    575] train 0.6440 | val 0.6424+-0.0388 | tau 0.86 | 548s
[mappo iter    600] train 0.6361 | val 0.6355+-0.0457 | tau 0.85 | 570s
[mappo iter    625] train 0.6342 | val 0.6418+-0.0493 | tau 0.84 | 593s
[mappo iter    650] train 0.6305 | val 0.6352+-0.0462 | tau 0.84 | 616s
[mappo iter    675] train 0.6397 | val 0.6322+-0.0475 | tau 0.83 | 639s
[mappo iter    700] train 0.6293 | val 0.6318+-0.0441 | tau 0.83 | 662s
[mappo iter    725] train 0.6292 | val 0.6303+-0.0489 | tau 0.82 | 685s
[mappo iter    750] train 0.6254 | val 0.6353+-0.0459 | tau 0.81 | 707s
[mappo iter    775] train 0.6190 | val 0.6299+-0.0475 | tau 0.81 | 729s
[mappo iter    800] train 0.6241 | val 0.6316+-0.0441 | tau 0.80 | 752s
[mappo iter    825] train 0.6200 | val 0.6329+-0.0501 | tau 0.79 | 775s
[mappo iter    850] train 0.6222 | val 0.6341+-0.0485 | tau 0.79 | 797s
[mappo iter    875] train 0.6242 | val 0.6320+-0.0451 | tau 0.78 | 820s
[mappo iter    900] train 0.6223 | val 0.6264+-0.0485 | tau 0.78 | 843s
[mappo iter    925] train 0.6154 | val 0.6401+-0.0501 | tau 0.77 | 866s
[mappo iter    950] train 0.6180 | val 0.6343+-0.0454 | tau 0.76 | 888s
[mappo iter    975] train 0.6161 | val 0.6381+-0.0385 | tau 0.76 | 910s
[mappo iter   1000] train 0.6259 | val 0.6486+-0.0291 | tau 0.75 | 933s
[mappo iter   1025] train 0.6162 | val 0.6471+-0.0284 | tau 0.74 | 956s
[mappo iter   1050] train 0.6158 | val 0.6273+-0.0418 | tau 0.74 | 978s
[mappo iter   1075] train 0.6155 | val 0.6383+-0.0332 | tau 0.73 | 1001s
[mappo iter   1100] train 0.6163 | val 0.6298+-0.0436 | tau 0.73 | 1023s
[mappo iter   1125] train 0.6191 | val 0.6358+-0.0367 | tau 0.72 | 1044s
[mappo iter   1150] train 0.6217 | val 0.6327+-0.0449 | tau 0.71 | 1066s
[mappo iter   1175] train 0.6132 | val 0.6375+-0.0492 | tau 0.71 | 1088s
[mappo iter   1200] train 0.6111 | val 0.6448+-0.0394 | tau 0.70 | 1110s
[mappo iter   1225] train 0.6169 | val 0.6295+-0.0293 | tau 0.69 | 1131s
[mappo iter   1250] train 0.6108 | val 0.6450+-0.0438 | tau 0.69 | 1154s
[mappo iter   1275] train 0.6126 | val 0.6300+-0.0437 | tau 0.68 | 1178s
[mappo iter   1300] train 0.6165 | val 0.6310+-0.0493 | tau 0.68 | 1201s
[mappo iter   1325] train 0.6107 | val 0.6336+-0.0369 | tau 0.67 | 1223s
[mappo iter   1350] train 0.6156 | val 0.6438+-0.0420 | tau 0.66 | 1247s
[mappo iter   1375] train 0.6127 | val 0.6355+-0.0462 | tau 0.66 | 1270s
[mappo iter   1400] train 0.6135 | val 0.6395+-0.0463 | tau 0.65 | 1292s
[mappo iter   1425] train 0.6087 | val 0.6328+-0.0450 | tau 0.64 | 1315s
[mappo iter   1450] train 0.6150 | val 0.6403+-0.0400 | tau 0.64 | 1339s
[mappo iter   1475] train 0.6134 | val 0.6328+-0.0450 | tau 0.63 | 1362s
[mappo iter   1500] train 0.6075 | val 0.6314+-0.0324 | tau 0.63 | 1384s
[mappo iter   1525] train 0.6094 | val 0.6271+-0.0420 | tau 0.62 | 1406s
[mappo iter   1550] train 0.6097 | val 0.6403+-0.0400 | tau 0.61 | 1427s
[mappo iter   1575] train 0.6081 | val 0.6258+-0.0469 | tau 0.61 | 1448s
[mappo iter   1600] train 0.6180 | val 0.6281+-0.0490 | tau 0.60 | 1470s
[mappo iter   1625] train 0.6117 | val 0.6287+-0.0434 | tau 0.59 | 1492s
[mappo iter   1650] train 0.6049 | val 0.6327+-0.0447 | tau 0.59 | 1516s
[mappo iter   1675] train 0.6081 | val 0.6242+-0.0416 | tau 0.58 | 1538s
[mappo iter   1700] train 0.6104 | val 0.6416+-0.0343 | tau 0.58 | 1560s
[mappo iter   1725] train 0.6079 | val 0.6227+-0.0463 | tau 0.57 | 1583s
[mappo iter   1750] train 0.6143 | val 0.6303+-0.0430 | tau 0.56 | 1606s
[mappo iter   1775] train 0.6067 | val 0.6353+-0.0462 | tau 0.56 | 1628s
[mappo iter   1800] train 0.6061 | val 0.6353+-0.0462 | tau 0.55 | 1650s
[mappo iter   1825] train 0.6082 | val 0.6353+-0.0462 | tau 0.54 | 1672s
[mappo iter   1850] train 0.6135 | val 0.6267+-0.0433 | tau 0.54 | 1693s
[mappo iter   1875] train 0.6061 | val 0.6401+-0.0399 | tau 0.53 | 1715s
[mappo iter   1900] train 0.6098 | val 0.6428+-0.0413 | tau 0.53 | 1737s
[mappo iter   1925] train 0.6100 | val 0.6309+-0.0432 | tau 0.52 | 1758s
[mappo iter   1950] train 0.6055 | val 0.6326+-0.0446 | tau 0.51 | 1779s
[mappo iter   1975] train 0.6057 | val 0.6230+-0.0395 | tau 0.51 | 1800s
[mappo iter   2000] train 0.6037 | val 0.6259+-0.0478 | tau 0.50 | 1823s
[mappo iter   2025] train 0.6072 | val 0.6367+-0.0353 | tau 0.50 | 1845s
[mappo iter   2050] train 0.6108 | val 0.6405+-0.0360 | tau 0.50 | 1867s
[mappo iter   2075] train 0.6058 | val 0.6318+-0.0366 | tau 0.50 | 1888s
[mappo iter   2100] train 0.6071 | val 0.6268+-0.0481 | tau 0.50 | 1911s
[mappo iter   2125] train 0.6050 | val 0.6316+-0.0386 | tau 0.50 | 1932s
[mappo iter   2150] train 0.6072 | val 0.6285+-0.0493 | tau 0.50 | 1953s
[mappo iter   2175] train 0.6081 | val 0.6373+-0.0393 | tau 0.50 | 1974s
[mappo iter   2200] train 0.6092 | val 0.6373+-0.0397 | tau 0.50 | 1996s
[mappo iter   2225] train 0.6063 | val 0.6363+-0.0345 | tau 0.50 | 2017s
[mappo iter   2250] train 0.6049 | val 0.6310+-0.0372 | tau 0.50 | 2038s
[mappo iter   2275] train 0.6067 | val 0.6397+-0.0345 | tau 0.50 | 2058s
[mappo iter   2300] train 0.6033 | val 0.6370+-0.0398 | tau 0.50 | 2078s
[mappo iter   2325] train 0.6059 | val 0.6373+-0.0393 | tau 0.50 | 2098s
[mappo iter   2350] train 0.6069 | val 0.6369+-0.0356 | tau 0.50 | 2118s
[mappo iter   2375] train 0.6078 | val 0.6318+-0.0366 | tau 0.50 | 2138s
[mappo iter   2400] train 0.6024 | val 0.6304+-0.0367 | tau 0.50 | 2158s
[mappo iter   2425] train 0.6026 | val 0.6334+-0.0394 | tau 0.50 | 2178s
[mappo iter   2450] train 0.6055 | val 0.6325+-0.0380 | tau 0.50 | 2199s
[mappo iter   2475] train 0.6064 | val 0.6364+-0.0283 | tau 0.50 | 2219s
[mappo iter   2500] train 0.6067 | val 0.6328+-0.0308 | tau 0.50 | 2239s
[mappo iter   2525] train 0.6070 | val 0.6424+-0.0361 | tau 0.50 | 2259s
[mappo iter   2550] train 0.6052 | val 0.6325+-0.0380 | tau 0.50 | 2280s
[mappo iter   2575] train 0.6036 | val 0.6277+-0.0348 | tau 0.50 | 2300s
[mappo iter   2600] train 0.6050 | val 0.6321+-0.0390 | tau 0.50 | 2321s
[mappo iter   2625] train 0.6038 | val 0.6354+-0.0349 | tau 0.50 | 2341s
[mappo iter   2650] train 0.6003 | val 0.6368+-0.0359 | tau 0.50 | 2361s
[mappo iter   2675] train 0.6062 | val 0.6389+-0.0392 | tau 0.50 | 2380s
[mappo iter   2700] train 0.5988 | val 0.6387+-0.0298 | tau 0.50 | 2400s
[mappo iter   2725] train 0.6007 | val 0.6296+-0.0357 | tau 0.50 | 2420s
[mappo iter   2750] train 0.6077 | val 0.6391+-0.0433 | tau 0.50 | 2440s
[mappo iter   2775] train 0.6035 | val 0.6283+-0.0367 | tau 0.50 | 2460s
[mappo iter   2800] train 0.6045 | val 0.6437+-0.0286 | tau 0.50 | 2480s
[mappo iter   2825] train 0.6054 | val 0.6338+-0.0343 | tau 0.50 | 2499s
[mappo iter   2850] train 0.6021 | val 0.6321+-0.0341 | tau 0.50 | 2519s
[mappo iter   2875] train 0.6073 | val 0.6281+-0.0329 | tau 0.50 | 2539s
[mappo iter   2900] train 0.6016 | val 0.6291+-0.0346 | tau 0.50 | 2559s
[mappo iter   2925] train 0.5976 | val 0.6283+-0.0367 | tau 0.50 | 2580s
[mappo iter   2950] train 0.6016 | val 0.6360+-0.0378 | tau 0.50 | 2600s
[mappo iter   2975] train 0.6003 | val 0.6339+-0.0339 | tau 0.50 | 2619s
[mappo iter   3000] train 0.6023 | val 0.6437+-0.0286 | tau 0.50 | 2639s
mappo training done: iters_done | best val 0.6227 | wall 2639s
