DN-WTA v3 family evaluation
  split=train instances=dn_3x50_K10_s03.txt, dn_3x50_K10_s04.txt, dn_3x50_K10_s05.txt, dn_3x50_K10_s06.txt, dn_3x50_K10_s07.txt, dn_3x50_K10_s08.txt, dn_3x50_K10_s09.txt, dn_3x50_K10_s10.txt, dn_3x50_K10_s11.txt, dn_3x50_K10_s12.txt, dn_3x50_K10_s13.txt, dn_3x50_K10_s14.txt, dn_3x50_K10_s15.txt, dn_3x50_K10_s16.txt, dn_3x50_K10_s17.txt, dn_3x50_K10_s18.txt, dn_3x50_K10_s19.txt, dn_3x50_K10_s20.txt, dn_3x50_K10_s21.txt, dn_3x50_K10_s22.txt, dn_3x50_K10_s23.txt, dn_3x50_K10_s24.txt, dn_3x50_K10_s25.txt, dn_3x50_K10_s26.txt
  policy=qmix seeds=30 (base 42) timelimit=30s

=== dn_3x50_K10_s03.txt (m=3 n=50 K=10 mu=6 pool=18 total_value=4116) ===
  MC runs done: 10/30
  MC runs done: 20/30
  MC runs done: 30/30
  leak rate 0.779462 +- 0.016113 | shots 18.0 | destroyed value 907.7

=== dn_3x50_K10_s04.txt (m=3 n=50 K=10 mu=6 pool=18 total_value=4203) ===
  MC runs done: 10/30
  MC runs done: 20/30
  MC runs done: 30/30
  leak rate 0.823658 +- 0.009708 | shots 18.0 | destroyed value 741.2

=== dn_3x50_K10_s05.txt (m=3 n=50 K=10 mu=6 pool=18 total_value=4828) ===
  MC runs done: 10/30
  MC runs done: 20/30
  MC runs done: 30/30
  leak rate 0.761765 +- 0.024276 | shots 18.0 | destroyed value 1150.2

=== dn_3x50_K10_s06.txt (m=3 n=50 K=10 mu=6 pool=18 total_value=4126) ===
  MC runs done: 10/30
  MC runs done: 20/30
  MC runs done: 30/30
  leak rate 0.787591 +- 0.018137 | shots 18.0 | destroyed value 876.4

=== dn_3x50_K10_s07.txt (m=3 n=50 K=10 mu=6 pool=18 total_value=4910) ===
  MC runs done: 10/30
  MC runs done: 20/30
  MC runs done: 30/30
  leak rate 0.800177 +- 0.015850 | shots 18.0 | destroyed value 981.1

=== dn_3x50_K10_s08.txt (m=3 n=50 K=10 mu=6 pool=18 total_value=4385) ===
  MC runs done: 10/30
  MC runs done: 20/30
  MC runs done: 30/30
  leak rate 0.732353 +- 0.016733 | shots 18.0 | destroyed value 1173.6

=== dn_3x50_K10_s09.txt (m=3 n=50 K=10 mu=6 pool=18 total_value=4246) ===
  MC runs done: 10/30
  MC runs done: 20/30
  MC runs done: 30/30
  leak rate 0.806665 +- 0.017136 | shots 18.0 | destroyed value 820.9

=== dn_3x50_K10_s10.txt (m=3 n=50 K=10 mu=6 pool=18 total_value=5241) ===
  MC runs done: 10/30
  MC runs done: 20/30
  MC runs done: 30/30
  leak rate 0.760548 +- 0.021578 | shots 18.0 | destroyed value 1255.0

=== dn_3x50_K10_s11.txt (m=3 n=50 K=10 mu=6 pool=18 total_value=4367) ===
  MC runs done: 10/30
  MC runs done: 20/30
  MC runs done: 30/30
  leak rate 0.784169 +- 0.020266 | shots 18.0 | destroyed value 942.5

=== dn_3x50_K10_s12.txt (m=3 n=50 K=10 mu=6 pool=18 total_value=5051) ===
  MC runs done: 10/30
  MC runs done: 20/30
  MC runs done: 30/30
  leak rate 0.763631 +- 0.013281 | shots 18.0 | destroyed value 1193.9

=== dn_3x50_K10_s13.txt (m=3 n=50 K=10 mu=6 pool=18 total_value=4377) ===
  MC runs done: 10/30
  MC runs done: 20/30
  MC runs done: 30/30
  leak rate 0.762790 +- 0.027109 | shots 18.0 | destroyed value 1038.3

=== dn_3x50_K10_s14.txt (m=3 n=50 K=10 mu=6 pool=18 total_value=3997) ===
  MC runs done: 10/30
  MC runs done: 20/30
  MC runs done: 30/30
  leak rate 0.797748 +- 0.023495 | shots 18.0 | destroyed value 808.4

=== dn_3x50_K10_s15.txt (m=3 n=50 K=10 mu=6 pool=18 total_value=4154) ===
  MC runs done: 10/30
  MC runs done: 20/30
  MC runs done: 30/30
  leak rate 0.815471 +- 0.011963 | shots 18.0 | destroyed value 766.5

=== dn_3x50_K10_s16.txt (m=3 n=50 K=10 mu=6 pool=18 total_value=4159) ===
  MC runs done: 10/30
  MC runs done: 20/30
  MC runs done: 30/30
  leak rate 0.745083 +- 0.012513 | shots 18.0 | destroyed value 1060.2

=== dn_3x50_K10_s17.txt (m=3 n=50 K=10 mu=6 pool=18 total_value=4312) ===
  MC runs done: 10/30
  MC runs done: 20/30
  MC runs done: 30/30
  leak rate 0.799235 +- 0.015915 | shots 18.0 | destroyed value 865.7

=== dn_3x50_K10_s18.txt (m=3 n=50 K=10 mu=6 pool=18 total_value=4294) ===
  MC runs done: 10/30
  MC runs done: 20/30
  MC runs done: 30/30
  leak rate 0.780446 +- 0.012814 | shots 18.0 | destroyed value 942.8

=== dn_3x50_K10_s19.txt (m=3 n=50 K=10 mu=6 pool=18 total_value=4236) ===
  MC runs done: 10/30
  MC runs done: 20/30
  MC runs done: 30/30
  leak rate 0.785914 +- 0.011965 | shots 18.0 | destroyed value 906.9

=== dn_3x50_K10_s20.txt (m=3 n=50 K=10 mu=6 pool=18 total_value=3766) ===
  MC runs done: 10/30
  MC runs done: 20/30
  MC runs done: 30/30
  leak rate 0.809081 +- 0.027663 | shots 18.0 | destroyed value 719.0

=== dn_3x50_K10_s21.txt (m=3 n=50 K=10 mu=6 pool=18 total_value=3743) ===
  MC runs done: 10/30
  MC runs done: 20/30
  MC runs done: 30/30
  leak rate 0.733253 +- 0.023417 | shots 18.0 | destroyed value 998.4

=== dn_3x50_K10_s22.txt (m=3 n=50 K=10 mu=6 pool=18 total_value=4635) ===
  MC runs done: 10/30
  MC runs done: 20/30
  MC runs done: 30/30
  leak rate 0.801927 +- 0.017559 | shots 18.0 | destroyed value 918.1

=== dn_3x50_K10_s23.txt (m=3 n=50 K=10 mu=6 pool=18 total_value=4764) ===
  MC runs done: 10/30
  MC runs done: 20/30
  MC runs done: 30/30
  leak rate 0.795305 +- 0.026122 | shots 18.0 | destroyed value 975.2

=== dn_3x50_K10_s24.txt (m=3 n=50 K=10 mu=6 pool=18 total_value=4450) ===
  MC runs done: 10/30
  MC runs done: 20/30
  MC runs done: 30/30
  leak rate 0.757828 +- 0.014351 | shots 18.0 | destroyed value 1077.7

=== dn_3x50_K10_s25.txt (m=3 n=50 K=10 mu=6 pool=18 total_value=3749) ===
  MC runs done: 10/30
  MC runs done: 20/30
  MC runs done: 30/30
  leak rate 0.787517 +- 0.007506 | shots 18.0 | destroyed value 796.6

=== dn_3x50_K10_s26.txt (m=3 n=50 K=10 mu=6 pool=18 total_value=4694) ===
  MC runs done: 10/30
  MC runs done: 20/30
  MC runs done: 30/30
  leak rate 0.816233 +- 0.021663 | shots 18.0 | destroyed value 862.6
[cleanup] removed tmp dir /tmp/b5gt

reports written: output/e25_qmix_gen/train/family_report.json, output/e25_qmix_gen/train/family_report.md
family leak rate: 0.7828 +- 0.0252 [worst 0.8237]
DN-WTA v3 family evaluation
  split=val instances=dn_3x50_K10_s27.txt, dn_3x50_K10_s28.txt, dn_3x50_K10_s29.txt, dn_3x50_K10_s30.txt
  policy=qmix seeds=30 (base 42) timelimit=30s

=== dn_3x50_K10_s27.txt (m=3 n=50 K=10 mu=6 pool=18 total_value=4154) ===
  MC runs done: 10/30
  MC runs done: 20/30
  MC runs done: 30/30
  leak rate 0.804117 +- 0.013157 | shots 18.0 | destroyed value 813.7

=== dn_3x50_K10_s28.txt (m=3 n=50 K=10 mu=6 pool=18 total_value=4598) ===
  MC runs done: 10/30
  MC runs done: 20/30
  MC runs done: 30/30
  leak rate 0.768668 +- 0.012362 | shots 18.0 | destroyed value 1063.7

=== dn_3x50_K10_s29.txt (m=3 n=50 K=10 mu=6 pool=18 total_value=4760) ===
  MC runs done: 10/30
  MC runs done: 20/30
  MC runs done: 30/30
  leak rate 0.834748 +- 0.005734 | shots 18.0 | destroyed value 786.6

=== dn_3x50_K10_s30.txt (m=3 n=50 K=10 mu=6 pool=18 total_value=4604) ===
  MC runs done: 10/30
  MC runs done: 20/30
  MC runs done: 30/30
  leak rate 0.819244 +- 0.008677 | shots 18.0 | destroyed value 832.2
[cleanup] removed tmp dir /tmp/b5gv

reports written: output/e25_qmix_gen/val/family_report.json, output/e25_qmix_gen/val/family_report.md
family leak rate: 0.8067 +- 0.0245 [worst 0.8347]
E25_GEN_DONE
