device=cpu algo=qmix agent_params=10242
[qmix iter     25] train 0.8483 | val 0.8395+-0.0284 | eps 0.099 | 24s
[qmix iter     50] train 0.8419 | val 0.8793+-0.0512 | eps 0.098 | 48s
[qmix iter     75] train 0.8483 | val 0.8089+-0.0252 | eps 0.097 | 72s
[qmix iter    100] train 0.8503 | val 0.8495+-0.0266 | eps 0.096 | 96s
[qmix iter    125] train 0.8449 | val 0.8447+-0.0394 | eps 0.095 | 123s
[qmix iter    150] train 0.8432 | val 0.8292+-0.0256 | eps 0.094 | 151s
[qmix iter    175] train 0.8424 | val 0.8694+-0.0361 | eps 0.093 | 179s
[qmix iter    200] train 0.8478 | val 0.8488+-0.0382 | eps 0.092 | 206s
[qmix iter    225] train 0.8416 | val 0.8941+-0.0400 | eps 0.091 | 234s
[qmix iter    250] train 0.8438 | val 0.9266+-0.0326 | eps 0.090 | 263s
[qmix iter    275] train 0.8510 | val 0.9368+-0.0219 | eps 0.089 | 292s
[qmix iter    300] train 0.8412 | val 0.9343+-0.0277 | eps 0.088 | 320s
[qmix iter    325] train 0.8376 | val 0.8692+-0.0220 | eps 0.087 | 346s
[qmix iter    350] train 0.8371 | val 0.8719+-0.0424 | eps 0.086 | 372s
[qmix iter    375] train 0.8438 | val 0.8666+-0.0366 | eps 0.085 | 397s
[qmix iter    400] train 0.8454 | val 0.8516+-0.0234 | eps 0.084 | 421s
[qmix iter    425] train 0.8432 | val 0.8719+-0.0166 | eps 0.083 | 446s
[qmix iter    450] train 0.8466 | val 0.8429+-0.0367 | eps 0.082 | 472s
[qmix iter    475] train 0.8447 | val 0.8375+-0.0448 | eps 0.081 | 497s
[qmix iter    500] train 0.8474 | val 0.8341+-0.0348 | eps 0.080 | 522s
[qmix iter    525] train 0.8430 | val 0.8438+-0.0377 | eps 0.079 | 547s
[qmix iter    550] train 0.8423 | val 0.8613+-0.0407 | eps 0.078 | 572s
[qmix iter    575] train 0.8429 | val 0.8616+-0.0408 | eps 0.077 | 597s
[qmix iter    600] train 0.8518 | val 0.8315+-0.0428 | eps 0.076 | 622s
[qmix iter    625] train 0.8464 | val 0.8684+-0.0304 | eps 0.075 | 647s
[qmix iter    650] train 0.8490 | val 0.8534+-0.0307 | eps 0.074 | 672s
[qmix iter    675] train 0.8437 | val 0.8698+-0.0306 | eps 0.073 | 698s
[qmix iter    700] train 0.8428 | val 0.8890+-0.0312 | eps 0.072 | 723s
[qmix iter    725] train 0.8443 | val 0.8697+-0.0233 | eps 0.071 | 748s
[qmix iter    750] train 0.8465 | val 0.8845+-0.0238 | eps 0.070 | 774s
[qmix iter    775] train 0.8513 | val 0.8897+-0.0135 | eps 0.069 | 799s
[qmix iter    800] train 0.8442 | val 0.8897+-0.0136 | eps 0.068 | 824s
[qmix iter    825] train 0.8412 | val 0.9333+-0.0281 | eps 0.067 | 849s
[qmix iter    850] train 0.8476 | val 0.9298+-0.0259 | eps 0.066 | 874s
[qmix iter    875] train 0.8454 | val 0.9275+-0.0220 | eps 0.065 | 898s
[qmix iter    900] train 0.8469 | val 0.9289+-0.0183 | eps 0.064 | 923s
[qmix iter    925] train 0.8434 | val 0.9330+-0.0148 | eps 0.063 | 948s
[qmix iter    950] train 0.8452 | val 0.9320+-0.0131 | eps 0.062 | 972s
[qmix iter    975] train 0.8415 | val 0.9279+-0.0131 | eps 0.061 | 997s
[qmix iter   1000] train 0.8434 | val 0.9312+-0.0128 | eps 0.060 | 1024s
[qmix iter   1025] train 0.8427 | val 0.9572+-0.0228 | eps 0.059 | 1050s
[qmix iter   1050] train 0.8378 | val 0.9491+-0.0119 | eps 0.058 | 1076s
[qmix iter   1075] train 0.8352 | val 0.9437+-0.0160 | eps 0.057 | 1103s
[qmix iter   1100] train 0.8406 | val 0.9302+-0.0323 | eps 0.056 | 1128s
[qmix iter   1125] train 0.8450 | val 0.9366+-0.0192 | eps 0.055 | 1154s
[qmix iter   1150] train 0.8476 | val 0.9231+-0.0330 | eps 0.054 | 1181s
[qmix iter   1175] train 0.8464 | val 0.8972+-0.0281 | eps 0.053 | 1208s
[qmix iter   1200] train 0.8524 | val 0.8992+-0.0255 | eps 0.052 | 1234s
[qmix iter   1225] train 0.8417 | val 0.9887+-0.0081 | eps 0.051 | 1258s
[qmix iter   1250] train 0.8429 | val 0.9864+-0.0082 | eps 0.050 | 1282s
[qmix iter   1275] train 0.8499 | val 0.9256+-0.0187 | eps 0.049 | 1307s
[qmix iter   1300] train 0.8435 | val 0.9285+-0.0233 | eps 0.048 | 1332s
[qmix iter   1325] train 0.8399 | val 0.9462+-0.0315 | eps 0.047 | 1358s
[qmix iter   1350] train 0.8408 | val 0.9634+-0.0153 | eps 0.046 | 1384s
[qmix iter   1375] train 0.8497 | val 0.9507+-0.0305 | eps 0.045 | 1409s
[qmix iter   1400] train 0.8396 | val 0.9442+-0.0294 | eps 0.044 | 1435s
[qmix iter   1425] train 0.8460 | val 1.0000+-0.0000 | eps 0.043 | 1461s
[qmix iter   1450] train 0.8480 | val 1.0000+-0.0000 | eps 0.042 | 1487s
[qmix iter   1475] train 0.8434 | val 1.0000+-0.0000 | eps 0.041 | 1511s
[qmix iter   1500] train 0.8407 | val 1.0000+-0.0000 | eps 0.040 | 1536s
[qmix iter   1525] train 0.8430 | val 1.0000+-0.0000 | eps 0.039 | 1561s
[qmix iter   1550] train 0.8434 | val 1.0000+-0.0000 | eps 0.038 | 1586s
[qmix iter   1575] train 0.8435 | val 1.0000+-0.0000 | eps 0.037 | 1611s
qmix training done: early_stop | best val 0.8089 | wall 1611s
