device=mps actor_params=10242
[mappo iter     25] train 0.8632 | val 1.0000+-0.0000 | tau 0.99 | 43s
[mappo iter     50] train 0.8576 | val 1.0000+-0.0000 | tau 0.99 | 86s
[mappo iter     75] train 0.8596 | val 1.0000+-0.0000 | tau 0.98 | 129s
[mappo iter    100] train 0.8453 | val 1.0000+-0.0000 | tau 0.98 | 172s
[mappo iter    125] train 0.8582 | val 1.0000+-0.0000 | tau 0.97 | 213s
[mappo iter    150] train 0.8491 | val 1.0000+-0.0000 | tau 0.96 | 254s
[mappo iter    175] train 0.8319 | val 1.0000+-0.0000 | tau 0.96 | 296s
[mappo iter    200] train 0.8297 | val 1.0000+-0.0000 | tau 0.95 | 337s
[mappo iter    225] train 0.8356 | val 1.0000+-0.0000 | tau 0.94 | 378s
[mappo iter    250] train 0.8221 | val 1.0000+-0.0000 | tau 0.94 | 419s
[mappo iter    275] train 0.8166 | val 1.0000+-0.0000 | tau 0.93 | 454s
[mappo iter    300] train 0.8445 | val 0.9672+-0.0432 | tau 0.93 | 489s
[mappo iter    325] train 0.8203 | val 1.0000+-0.0000 | tau 0.92 | 524s
[mappo iter    350] train 0.8171 | val 1.0000+-0.0000 | tau 0.91 | 559s
[mappo iter    375] train 0.8009 | val 1.0000+-0.0000 | tau 0.91 | 594s
[mappo iter    400] train 0.8072 | val 0.9969+-0.0058 | tau 0.90 | 629s
[mappo iter    425] train 0.8057 | val 1.0000+-0.0000 | tau 0.89 | 664s
[mappo iter    450] train 0.8026 | val 1.0000+-0.0000 | tau 0.89 | 698s
[mappo iter    475] train 0.7981 | val 1.0000+-0.0000 | tau 0.88 | 733s
[mappo iter    500] train 0.8171 | val 0.8969+-0.0480 | tau 0.88 | 767s
[mappo iter    525] train 0.7885 | val 1.0000+-0.0000 | tau 0.87 | 804s
[mappo iter    550] train 0.7880 | val 0.9966+-0.0062 | tau 0.86 | 844s
[mappo iter    575] train 0.7936 | val 0.9654+-0.0201 | tau 0.86 | 886s
[mappo iter    600] train 0.7862 | val 0.9829+-0.0126 | tau 0.85 | 925s
[mappo iter    625] train 0.7802 | val 0.9424+-0.0083 | tau 0.84 | 963s
[mappo iter    650] train 0.7647 | val 0.9247+-0.0120 | tau 0.84 | 997s
[mappo iter    675] train 0.7650 | val 0.8451+-0.0115 | tau 0.83 | 1030s
[mappo iter    700] train 0.7725 | val 0.9481+-0.0069 | tau 0.83 | 1062s
[mappo iter    725] train 0.7748 | val 0.8786+-0.0103 | tau 0.82 | 1098s
[mappo iter    750] train 0.7651 | val 0.8302+-0.0158 | tau 0.81 | 1133s
[mappo iter    775] train 0.7750 | val 0.7726+-0.0237 | tau 0.81 | 1168s
[mappo iter    800] train 0.7761 | val 0.7771+-0.0158 | tau 0.80 | 1204s
[mappo iter    825] train 0.7706 | val 0.8600+-0.0228 | tau 0.79 | 1239s
[mappo iter    850] train 0.7652 | val 0.8480+-0.0157 | tau 0.79 | 1274s
[mappo iter    875] train 0.7636 | val 0.8750+-0.0213 | tau 0.78 | 1308s
[mappo iter    900] train 0.7667 | val 0.8100+-0.0318 | tau 0.78 | 1343s
[mappo iter    925] train 0.7625 | val 0.7505+-0.0223 | tau 0.77 | 1378s
[mappo iter    950] train 0.7660 | val 0.7895+-0.0257 | tau 0.76 | 1413s
[mappo iter    975] train 0.7543 | val 0.8067+-0.0286 | tau 0.76 | 1446s
[mappo iter   1000] train 0.7635 | val 0.7574+-0.0182 | tau 0.75 | 1478s
[mappo iter   1025] train 0.7424 | val 0.7997+-0.0301 | tau 0.74 | 1511s
[mappo iter   1050] train 0.7625 | val 0.7743+-0.0277 | tau 0.74 | 1543s
[mappo iter   1075] train 0.7560 | val 0.7570+-0.0250 | tau 0.73 | 1576s
[mappo iter   1100] train 0.7423 | val 0.7726+-0.0210 | tau 0.73 | 1608s
[mappo iter   1125] train 0.7571 | val 0.7163+-0.0167 | tau 0.72 | 1641s
[mappo iter   1150] train 0.7430 | val 0.7348+-0.0210 | tau 0.71 | 1674s
[mappo iter   1175] train 0.7497 | val 0.7298+-0.0171 | tau 0.71 | 1706s
[mappo iter   1200] train 0.7355 | val 0.7681+-0.0292 | tau 0.70 | 1738s
mappo training done: iters_done | best val 0.7163 | wall 1738s
