device=mps actor_params=28482
[iter     25] train 0.8163 | val 1.0000+-0.0000 | tau 0.99 | 163s
[iter     50] train 0.7623 | val 0.9388+-0.0152 | tau 0.99 | 332s
[iter     75] train 0.7301 | val 0.8089+-0.0419 | tau 0.98 | 503s
[iter    100] train 0.7085 | val 0.7449+-0.0235 | tau 0.98 | 678s
[iter    125] train 0.6950 | val 0.7094+-0.0228 | tau 0.97 | 851s
[iter    150] train 0.7006 | val 0.6999+-0.0230 | tau 0.96 | 1022s
[iter    175] train 0.6952 | val 0.6956+-0.0296 | tau 0.96 | 1198s
[iter    200] train 0.6832 | val 0.6858+-0.0264 | tau 0.95 | 1370s
[iter    225] train 0.6853 | val 0.7048+-0.0328 | tau 0.94 | 1541s
[iter    250] train 0.6850 | val 0.6833+-0.0157 | tau 0.94 | 1726s
[iter    275] train 0.6834 | val 0.6748+-0.0241 | tau 0.93 | 1901s
[iter    300] train 0.6928 | val 0.6882+-0.0233 | tau 0.93 | 2070s
[iter    325] train 0.6748 | val 0.6692+-0.0284 | tau 0.92 | 2268s
[iter    350] train 0.6757 | val 0.6582+-0.0184 | tau 0.91 | 2486s
[iter    375] train 0.6697 | val 0.6763+-0.0194 | tau 0.91 | 2661s
[iter    400] train 0.6737 | val 0.7136+-0.0215 | tau 0.90 | 2860s
[iter    425] train 0.6675 | val 0.7011+-0.0265 | tau 0.89 | 3036s
[iter    450] train 0.6757 | val 0.6749+-0.0202 | tau 0.89 | 3248s
[iter    475] train 0.6679 | val 0.6902+-0.0260 | tau 0.88 | 3452s
[iter    500] train 0.6700 | val 0.6632+-0.0286 | tau 0.88 | 3683s
[iter    525] train 0.6770 | val 0.6961+-0.0176 | tau 0.87 | 3895s
[iter    550] train 0.6649 | val 0.6705+-0.0148 | tau 0.86 | 4157s
[iter    575] train 0.6682 | val 0.6869+-0.0185 | tau 0.86 | 4411s
[iter    600] train 0.6723 | val 0.6954+-0.0165 | tau 0.85 | 4652s
[iter    625] train 0.6603 | val 0.6763+-0.0188 | tau 0.84 | 4863s
[iter    650] train 0.6802 | val 0.6980+-0.0226 | tau 0.84 | 5071s
[iter    675] train 0.6706 | val 0.6583+-0.0253 | tau 0.83 | 5278s
[iter    700] train 0.6640 | val 0.6884+-0.0228 | tau 0.83 | 5480s
[iter    725] train 0.6665 | val 0.6930+-0.0250 | tau 0.82 | 5679s
[iter    750] train 0.6627 | val 0.6889+-0.0169 | tau 0.81 | 5876s
[iter    775] train 0.6666 | val 0.6641+-0.0208 | tau 0.81 | 6068s
[iter    800] train 0.6640 | val 0.6736+-0.0223 | tau 0.80 | 6264s
[iter    825] train 0.6600 | val 0.6977+-0.0192 | tau 0.79 | 6451s
[iter    850] train 0.6717 | val 0.7056+-0.0152 | tau 0.79 | 6654s
[iter    875] train 0.6683 | val 0.6968+-0.0161 | tau 0.78 | 6869s
[iter    900] train 0.6770 | val 0.7134+-0.0232 | tau 0.78 | 7079s
[iter    925] train 0.6748 | val 0.7000+-0.0190 | tau 0.77 | 7295s
[iter    950] train 0.6828 | val 0.6770+-0.0264 | tau 0.76 | 7516s
[iter    975] train 0.6742 | val 0.6744+-0.0209 | tau 0.76 | 7721s
[iter   1000] train 0.6788 | val 0.6816+-0.0143 | tau 0.75 | 7942s
[iter   1025] train 0.6607 | val 0.6687+-0.0236 | tau 0.74 | 8156s
[iter   1050] train 0.6609 | val 0.6834+-0.0194 | tau 0.74 | 8357s
[iter   1075] train 0.6685 | val 0.6736+-0.0230 | tau 0.73 | 8568s
[iter   1100] train 0.6623 | val 0.6877+-0.0219 | tau 0.73 | 8776s
[iter   1125] train 0.6646 | val 0.6670+-0.0186 | tau 0.72 | 9011s
[iter   1150] train 0.6641 | val 0.6662+-0.0226 | tau 0.71 | 9232s
[iter   1175] train 0.6707 | val 0.6635+-0.0314 | tau 0.71 | 9453s
[iter   1200] train 0.6697 | val 0.6699+-0.0366 | tau 0.70 | 9681s
[iter   1225] train 0.6774 | val 0.6869+-0.0290 | tau 0.69 | 9912s
[iter   1250] train 0.6624 | val 0.6692+-0.0261 | tau 0.69 | 10141s
[iter   1275] train 0.6631 | val 0.6849+-0.0216 | tau 0.68 | 10368s
[iter   1300] train 0.6677 | val 0.6863+-0.0221 | tau 0.68 | 10591s
[iter   1325] train 0.6650 | val 0.6648+-0.0279 | tau 0.67 | 10800s
[iter   1350] train 0.6636 | val 0.6813+-0.0305 | tau 0.66 | 11008s
[iter   1375] train 0.6651 | val 0.6631+-0.0248 | tau 0.66 | 11243s
[iter   1400] train 0.6679 | val 0.6829+-0.0219 | tau 0.65 | 11463s
[iter   1425] train 0.6601 | val 0.6622+-0.0240 | tau 0.64 | 11683s
[iter   1450] train 0.6556 | val 0.6671+-0.0298 | tau 0.64 | 11888s
[iter   1475] train 0.6665 | val 0.6646+-0.0298 | tau 0.63 | 12094s
[iter   1500] train 0.6629 | val 0.6773+-0.0179 | tau 0.63 | 12303s
[iter   1525] train 0.6626 | val 0.6755+-0.0213 | tau 0.62 | 12532s
[iter   1550] train 0.6593 | val 0.6650+-0.0319 | tau 0.61 | 12748s
[iter   1575] train 0.6667 | val 0.6698+-0.0275 | tau 0.61 | 12959s
[iter   1600] train 0.6654 | val 0.6790+-0.0256 | tau 0.60 | 13177s
[iter   1625] train 0.6737 | val 0.6710+-0.0222 | tau 0.59 | 13394s
[iter   1650] train 0.6699 | val 0.6652+-0.0298 | tau 0.59 | 13597s
[iter   1675] train 0.6577 | val 0.6608+-0.0183 | tau 0.58 | 13813s
[iter   1700] train 0.6600 | val 0.6430+-0.0244 | tau 0.58 | 14034s
[iter   1725] train 0.6625 | val 0.6559+-0.0275 | tau 0.57 | 14246s
[iter   1750] train 0.6567 | val 0.6631+-0.0228 | tau 0.56 | 14445s
[iter   1775] train 0.6529 | val 0.6682+-0.0228 | tau 0.56 | 14645s
[iter   1800] train 0.6603 | val 0.6588+-0.0372 | tau 0.55 | 14839s
[iter   1825] train 0.6578 | val 0.6517+-0.0240 | tau 0.54 | 15032s
[iter   1850] train 0.6563 | val 0.6599+-0.0233 | tau 0.54 | 15226s
[iter   1875] train 0.6660 | val 0.6675+-0.0259 | tau 0.53 | 15419s
[iter   1900] train 0.6592 | val 0.6637+-0.0221 | tau 0.53 | 15612s
[iter   1925] train 0.6610 | val 0.6688+-0.0214 | tau 0.52 | 15806s
[iter   1950] train 0.6629 | val 0.6648+-0.0220 | tau 0.51 | 15998s
[iter   1975] train 0.6581 | val 0.6673+-0.0265 | tau 0.51 | 16192s
[iter   2000] train 0.6544 | val 0.6612+-0.0259 | tau 0.50 | 16387s
[iter   2025] train 0.6511 | val 0.6691+-0.0357 | tau 0.50 | 16582s
[iter   2050] train 0.6593 | val 0.6695+-0.0190 | tau 0.50 | 16775s
[iter   2075] train 0.6623 | val 0.6688+-0.0272 | tau 0.50 | 16970s
[iter   2100] train 0.6763 | val 0.6705+-0.0264 | tau 0.50 | 17165s
[iter   2125] train 0.6640 | val 0.6594+-0.0214 | tau 0.50 | 17360s
[iter   2150] train 0.6547 | val 0.6645+-0.0261 | tau 0.50 | 17556s
[iter   2175] train 0.6539 | val 0.6616+-0.0203 | tau 0.50 | 17752s
[iter   2200] train 0.6629 | val 0.6638+-0.0185 | tau 0.50 | 17948s
[iter   2225] train 0.6579 | val 0.6567+-0.0179 | tau 0.50 | 18142s
[iter   2250] train 0.6553 | val 0.6571+-0.0277 | tau 0.50 | 18345s
[iter   2275] train 0.6652 | val 0.6628+-0.0202 | tau 0.50 | 18546s
[iter   2300] train 0.6546 | val 0.6634+-0.0190 | tau 0.50 | 18739s
[iter   2325] train 0.6516 | val 0.6604+-0.0214 | tau 0.50 | 18930s
[iter   2350] train 0.6651 | val 0.6641+-0.0195 | tau 0.50 | 19122s
[iter   2375] train 0.6576 | val 0.6572+-0.0231 | tau 0.50 | 19308s
[iter   2400] train 0.6613 | val 0.6651+-0.0230 | tau 0.50 | 19490s
[iter   2425] train 0.6646 | val 0.6666+-0.0220 | tau 0.50 | 19665s
[iter   2450] train 0.6577 | val 0.6573+-0.0189 | tau 0.50 | 19840s
[iter   2475] train 0.6569 | val 0.6588+-0.0203 | tau 0.50 | 20015s
[iter   2500] train 0.6561 | val 0.6591+-0.0201 | tau 0.50 | 20191s
training done: iters_done | best val 0.6430 | wall 20191s
