DN-WTA v3 family evaluation
  split=train instances=dn_5x100_K10_s03.txt, dn_5x100_K10_s04.txt, dn_5x100_K10_s05.txt, dn_5x100_K10_s06.txt, dn_5x100_K10_s07.txt, dn_5x100_K10_s08.txt, dn_5x100_K10_s09.txt, dn_5x100_K10_s10.txt, dn_5x100_K10_s11.txt, dn_5x100_K10_s12.txt, dn_5x100_K10_s13.txt, dn_5x100_K10_s14.txt, dn_5x100_K10_s15.txt, dn_5x100_K10_s16.txt, dn_5x100_K10_s17.txt, dn_5x100_K10_s18.txt, dn_5x100_K10_s19.txt, dn_5x100_K10_s20.txt, dn_5x100_K10_s21.txt, dn_5x100_K10_s22.txt, dn_5x100_K10_s23.txt, dn_5x100_K10_s24.txt, dn_5x100_K10_s25.txt, dn_5x100_K10_s26.txt
  policy=marl seeds=30 (base 42) timelimit=30s

=== dn_5x100_K10_s03.txt (m=5 n=100 K=10 mu=6 pool=30 total_value=8419) ===
  MC runs done: 1/30
  MC runs done: 2/30
  MC runs done: 3/30
  MC runs done: 4/30
  MC runs done: 5/30
  MC runs done: 6/30
  MC runs done: 7/30
  MC runs done: 8/30
  MC runs done: 9/30
  MC runs done: 10/30
  MC runs done: 11/30
  MC runs done: 12/30
  MC runs done: 13/30
  MC runs done: 14/30
  MC runs done: 15/30
  MC runs done: 16/30
  MC runs done: 17/30
  MC runs done: 18/30
  MC runs done: 19/30
  MC runs done: 20/30
  MC runs done: 21/30
  MC runs done: 22/30
  MC runs done: 23/30
  MC runs done: 24/30
  MC runs done: 25/30
  MC runs done: 26/30
  MC runs done: 27/30
  MC runs done: 28/30
  MC runs done: 29/30
  MC runs done: 30/30
  leak rate 0.642796 +- 0.021508 | shots 28.2 | destroyed value 3007.3

=== dn_5x100_K10_s04.txt (m=5 n=100 K=10 mu=6 pool=30 total_value=8817) ===
  MC runs done: 1/30
  MC runs done: 2/30
  MC runs done: 3/30
  MC runs done: 4/30
  MC runs done: 5/30
  MC runs done: 6/30
  MC runs done: 7/30
  MC runs done: 8/30
  MC runs done: 9/30
  MC runs done: 10/30
  MC runs done: 11/30
  MC runs done: 12/30
  MC runs done: 13/30
  MC runs done: 14/30
  MC runs done: 15/30
  MC runs done: 16/30
  MC runs done: 17/30
  MC runs done: 18/30
  MC runs done: 19/30
  MC runs done: 20/30
  MC runs done: 21/30
  MC runs done: 22/30
  MC runs done: 23/30
  MC runs done: 24/30
  MC runs done: 25/30
  MC runs done: 26/30
  MC runs done: 27/30
  MC runs done: 28/30
  MC runs done: 29/30
  MC runs done: 30/30
  leak rate 0.658198 +- 0.013670 | shots 30.0 | destroyed value 3013.7

=== dn_5x100_K10_s05.txt (m=5 n=100 K=10 mu=6 pool=30 total_value=10196) ===
  MC runs done: 1/30
  MC runs done: 2/30
  MC runs done: 3/30
  MC runs done: 4/30
  MC runs done: 5/30
  MC runs done: 6/30
  MC runs done: 7/30
  MC runs done: 8/30
  MC runs done: 9/30
  MC runs done: 10/30
  MC runs done: 11/30
  MC runs done: 12/30
  MC runs done: 13/30
  MC runs done: 14/30
  MC runs done: 15/30
  MC runs done: 16/30
  MC runs done: 17/30
  MC runs done: 18/30
  MC runs done: 19/30
  MC runs done: 20/30
  MC runs done: 21/30
  MC runs done: 22/30
  MC runs done: 23/30
  MC runs done: 24/30
  MC runs done: 25/30
  MC runs done: 26/30
  MC runs done: 27/30
  MC runs done: 28/30
  MC runs done: 29/30
  MC runs done: 30/30
  leak rate 0.676438 +- 0.016193 | shots 29.1 | destroyed value 3299.0

=== dn_5x100_K10_s06.txt (m=5 n=100 K=10 mu=6 pool=30 total_value=8176) ===
  MC runs done: 1/30
  MC runs done: 2/30
  MC runs done: 3/30
  MC runs done: 4/30
  MC runs done: 5/30
  MC runs done: 6/30
  MC runs done: 7/30
  MC runs done: 8/30
  MC runs done: 9/30
  MC runs done: 10/30
  MC runs done: 11/30
  MC runs done: 12/30
  MC runs done: 13/30
  MC runs done: 14/30
  MC runs done: 15/30
  MC runs done: 16/30
  MC runs done: 17/30
  MC runs done: 18/30
  MC runs done: 19/30
  MC runs done: 20/30
  MC runs done: 21/30
  MC runs done: 22/30
  MC runs done: 23/30
  MC runs done: 24/30
  MC runs done: 25/30
  MC runs done: 26/30
  MC runs done: 27/30
  MC runs done: 28/30
  MC runs done: 29/30
  MC runs done: 30/30
  leak rate 0.635217 +- 0.018140 | shots 30.0 | destroyed value 2982.5

=== dn_5x100_K10_s07.txt (m=5 n=100 K=10 mu=6 pool=30 total_value=8985) ===
  MC runs done: 1/30
  MC runs done: 2/30
  MC runs done: 3/30
  MC runs done: 4/30
  MC runs done: 5/30
  MC runs done: 6/30
  MC runs done: 7/30
  MC runs done: 8/30
  MC runs done: 9/30
  MC runs done: 10/30
  MC runs done: 11/30
  MC runs done: 12/30
  MC runs done: 13/30
  MC runs done: 14/30
  MC runs done: 15/30
  MC runs done: 16/30
  MC runs done: 17/30
  MC runs done: 18/30
  MC runs done: 19/30
  MC runs done: 20/30
  MC runs done: 21/30
  MC runs done: 22/30
  MC runs done: 23/30
  MC runs done: 24/30
  MC runs done: 25/30
  MC runs done: 26/30
  MC runs done: 27/30
  MC runs done: 28/30
  MC runs done: 29/30
  MC runs done: 30/30
  leak rate 0.688314 +- 0.014761 | shots 30.0 | destroyed value 2800.5

=== dn_5x100_K10_s08.txt (m=5 n=100 K=10 mu=6 pool=30 total_value=9141) ===
  MC runs done: 1/30
  MC runs done: 2/30
  MC runs done: 3/30
  MC runs done: 4/30
  MC runs done: 5/30
  MC runs done: 6/30
  MC runs done: 7/30
  MC runs done: 8/30
  MC runs done: 9/30
  MC runs done: 10/30
  MC runs done: 11/30
  MC runs done: 12/30
  MC runs done: 13/30
  MC runs done: 14/30
  MC runs done: 15/30
  MC runs done: 16/30
  MC runs done: 17/30
  MC runs done: 18/30
  MC runs done: 19/30
  MC runs done: 20/30
  MC runs done: 21/30
  MC runs done: 22/30
  MC runs done: 23/30
  MC runs done: 24/30
  MC runs done: 25/30
  MC runs done: 26/30
  MC runs done: 27/30
  MC runs done: 28/30
  MC runs done: 29/30
  MC runs done: 30/30
  leak rate 0.653718 +- 0.019716 | shots 30.0 | destroyed value 3165.4

=== dn_5x100_K10_s09.txt (m=5 n=100 K=10 mu=6 pool=30 total_value=8511) ===
  MC runs done: 1/30
  MC runs done: 2/30
  MC runs done: 3/30
  MC runs done: 4/30
  MC runs done: 5/30
  MC runs done: 6/30
  MC runs done: 7/30
  MC runs done: 8/30
  MC runs done: 9/30
  MC runs done: 10/30
  MC runs done: 11/30
  MC runs done: 12/30
  MC runs done: 13/30
  MC runs done: 14/30
  MC runs done: 15/30
  MC runs done: 16/30
  MC runs done: 17/30
  MC runs done: 18/30
  MC runs done: 19/30
  MC runs done: 20/30
  MC runs done: 21/30
  MC runs done: 22/30
  MC runs done: 23/30
  MC runs done: 24/30
  MC runs done: 25/30
  MC runs done: 26/30
  MC runs done: 27/30
  MC runs done: 28/30
  MC runs done: 29/30
  MC runs done: 30/30
  leak rate 0.667203 +- 0.018973 | shots 30.0 | destroyed value 2832.4

=== dn_5x100_K10_s10.txt (m=5 n=100 K=10 mu=6 pool=30 total_value=9155) ===
  MC runs done: 1/30
  MC runs done: 2/30
  MC runs done: 3/30
  MC runs done: 4/30
  MC runs done: 5/30
  MC runs done: 6/30
  MC runs done: 7/30
  MC runs done: 8/30
  MC runs done: 9/30
  MC runs done: 10/30
  MC runs done: 11/30
  MC runs done: 12/30
  MC runs done: 13/30
  MC runs done: 14/30
  MC runs done: 15/30
  MC runs done: 16/30
  MC runs done: 17/30
  MC runs done: 18/30
  MC runs done: 19/30
  MC runs done: 20/30
  MC runs done: 21/30
  MC runs done: 22/30
  MC runs done: 23/30
  MC runs done: 24/30
  MC runs done: 25/30
  MC runs done: 26/30
  MC runs done: 27/30
  MC runs done: 28/30
  MC runs done: 29/30
  MC runs done: 30/30
  leak rate 0.649507 +- 0.022261 | shots 30.0 | destroyed value 3208.8

=== dn_5x100_K10_s11.txt (m=5 n=100 K=10 mu=6 pool=30 total_value=8850) ===
  MC runs done: 1/30
  MC runs done: 2/30
  MC runs done: 3/30
  MC runs done: 4/30
  MC runs done: 5/30
  MC runs done: 6/30
  MC runs done: 7/30
  MC runs done: 8/30
  MC runs done: 9/30
  MC runs done: 10/30
  MC runs done: 11/30
  MC runs done: 12/30
  MC runs done: 13/30
  MC runs done: 14/30
  MC runs done: 15/30
  MC runs done: 16/30
  MC runs done: 17/30
  MC runs done: 18/30
  MC runs done: 19/30
  MC runs done: 20/30
  MC runs done: 21/30
  MC runs done: 22/30
  MC runs done: 23/30
  MC runs done: 24/30
  MC runs done: 25/30
  MC runs done: 26/30
  MC runs done: 27/30
  MC runs done: 28/30
  MC runs done: 29/30
  MC runs done: 30/30
  leak rate 0.680670 +- 0.020646 | shots 29.1 | destroyed value 2826.1

=== dn_5x100_K10_s12.txt (m=5 n=100 K=10 mu=6 pool=30 total_value=8909) ===
  MC runs done: 1/30
  MC runs done: 2/30
  MC runs done: 3/30
  MC runs done: 4/30
  MC runs done: 5/30
  MC runs done: 6/30
  MC runs done: 7/30
  MC runs done: 8/30
  MC runs done: 9/30
  MC runs done: 10/30
  MC runs done: 11/30
  MC runs done: 12/30
  MC runs done: 13/30
  MC runs done: 14/30
  MC runs done: 15/30
  MC runs done: 16/30
  MC runs done: 17/30
  MC runs done: 18/30
  MC runs done: 19/30
  MC runs done: 20/30
  MC runs done: 21/30
  MC runs done: 22/30
  MC runs done: 23/30
  MC runs done: 24/30
  MC runs done: 25/30
  MC runs done: 26/30
  MC runs done: 27/30
  MC runs done: 28/30
  MC runs done: 29/30
  MC runs done: 30/30
  leak rate 0.694661 +- 0.016014 | shots 28.2 | destroyed value 2720.3

=== dn_5x100_K10_s13.txt (m=5 n=100 K=10 mu=6 pool=30 total_value=9905) ===
  MC runs done: 1/30
  MC runs done: 2/30
  MC runs done: 3/30
  MC runs done: 4/30
  MC runs done: 5/30
  MC runs done: 6/30
  MC runs done: 7/30
  MC runs done: 8/30
  MC runs done: 9/30
  MC runs done: 10/30
  MC runs done: 11/30
  MC runs done: 12/30
  MC runs done: 13/30
  MC runs done: 14/30
  MC runs done: 15/30
  MC runs done: 16/30
  MC runs done: 17/30
  MC runs done: 18/30
  MC runs done: 19/30
  MC runs done: 20/30
  MC runs done: 21/30
  MC runs done: 22/30
  MC runs done: 23/30
  MC runs done: 24/30
  MC runs done: 25/30
  MC runs done: 26/30
  MC runs done: 27/30
  MC runs done: 28/30
  MC runs done: 29/30
  MC runs done: 30/30
  leak rate 0.658092 +- 0.015060 | shots 30.0 | destroyed value 3386.6

=== dn_5x100_K10_s14.txt (m=5 n=100 K=10 mu=6 pool=30 total_value=9190) ===
  MC runs done: 1/30
  MC runs done: 2/30
  MC runs done: 3/30
  MC runs done: 4/30
  MC runs done: 5/30
  MC runs done: 6/30
  MC runs done: 7/30
  MC runs done: 8/30
  MC runs done: 9/30
  MC runs done: 10/30
  MC runs done: 11/30
  MC runs done: 12/30
  MC runs done: 13/30
  MC runs done: 14/30
  MC runs done: 15/30
  MC runs done: 16/30
  MC runs done: 17/30
  MC runs done: 18/30
  MC runs done: 19/30
  MC runs done: 20/30
  MC runs done: 21/30
  MC runs done: 22/30
  MC runs done: 23/30
  MC runs done: 24/30
  MC runs done: 25/30
  MC runs done: 26/30
  MC runs done: 27/30
  MC runs done: 28/30
  MC runs done: 29/30
  MC runs done: 30/30
  leak rate 0.637305 +- 0.017146 | shots 30.0 | destroyed value 3333.2

=== dn_5x100_K10_s15.txt (m=5 n=100 K=10 mu=6 pool=30 total_value=7913) ===
  MC runs done: 1/30
  MC runs done: 2/30
  MC runs done: 3/30
  MC runs done: 4/30
  MC runs done: 5/30
  MC runs done: 6/30
  MC runs done: 7/30
  MC runs done: 8/30
  MC runs done: 9/30
  MC runs done: 10/30
  MC runs done: 11/30
  MC runs done: 12/30
  MC runs done: 13/30
  MC runs done: 14/30
  MC runs done: 15/30
  MC runs done: 16/30
  MC runs done: 17/30
  MC runs done: 18/30
  MC runs done: 19/30
  MC runs done: 20/30
  MC runs done: 21/30
  MC runs done: 22/30
  MC runs done: 23/30
  MC runs done: 24/30
  MC runs done: 25/30
  MC runs done: 26/30
  MC runs done: 27/30
  MC runs done: 28/30
  MC runs done: 29/30
  MC runs done: 30/30
  leak rate 0.612591 +- 0.033988 | shots 29.3 | destroyed value 3065.6

=== dn_5x100_K10_s16.txt (m=5 n=100 K=10 mu=6 pool=30 total_value=8526) ===
  MC runs done: 1/30
  MC runs done: 2/30
  MC runs done: 3/30
  MC runs done: 4/30
  MC runs done: 5/30
  MC runs done: 6/30
  MC runs done: 7/30
  MC runs done: 8/30
  MC runs done: 9/30
  MC runs done: 10/30
  MC runs done: 11/30
  MC runs done: 12/30
  MC runs done: 13/30
  MC runs done: 14/30
  MC runs done: 15/30
  MC runs done: 16/30
  MC runs done: 17/30
  MC runs done: 18/30
  MC runs done: 19/30
  MC runs done: 20/30
  MC runs done: 21/30
  MC runs done: 22/30
  MC runs done: 23/30
  MC runs done: 24/30
  MC runs done: 25/30
  MC runs done: 26/30
  MC runs done: 27/30
  MC runs done: 28/30
  MC runs done: 29/30
  MC runs done: 30/30
  leak rate 0.661678 +- 0.020218 | shots 29.1 | destroyed value 2884.5

=== dn_5x100_K10_s17.txt (m=5 n=100 K=10 mu=6 pool=30 total_value=9044) ===
  MC runs done: 1/30
  MC runs done: 2/30
  MC runs done: 3/30
  MC runs done: 4/30
  MC runs done: 5/30
  MC runs done: 6/30
  MC runs done: 7/30
  MC runs done: 8/30
  MC runs done: 9/30
  MC runs done: 10/30
  MC runs done: 11/30
  MC runs done: 12/30
  MC runs done: 13/30
  MC runs done: 14/30
  MC runs done: 15/30
  MC runs done: 16/30
  MC runs done: 17/30
  MC runs done: 18/30
  MC runs done: 19/30
  MC runs done: 20/30
  MC runs done: 21/30
  MC runs done: 22/30
  MC runs done: 23/30
  MC runs done: 24/30
  MC runs done: 25/30
  MC runs done: 26/30
  MC runs done: 27/30
  MC runs done: 28/30
  MC runs done: 29/30
  MC runs done: 30/30
  leak rate 0.671465 +- 0.014889 | shots 29.9 | destroyed value 2971.3

=== dn_5x100_K10_s18.txt (m=5 n=100 K=10 mu=6 pool=30 total_value=9002) ===
  MC runs done: 1/30
  MC runs done: 2/30
  MC runs done: 3/30
  MC runs done: 4/30
  MC runs done: 5/30
  MC runs done: 6/30
  MC runs done: 7/30
  MC runs done: 8/30
  MC runs done: 9/30
  MC runs done: 10/30
  MC runs done: 11/30
  MC runs done: 12/30
  MC runs done: 13/30
  MC runs done: 14/30
  MC runs done: 15/30
  MC runs done: 16/30
  MC runs done: 17/30
  MC runs done: 18/30
  MC runs done: 19/30
  MC runs done: 20/30
  MC runs done: 21/30
  MC runs done: 22/30
  MC runs done: 23/30
  MC runs done: 24/30
  MC runs done: 25/30
  MC runs done: 26/30
  MC runs done: 27/30
  MC runs done: 28/30
  MC runs done: 29/30
  MC runs done: 30/30
  leak rate 0.627420 +- 0.021480 | shots 30.0 | destroyed value 3354.0

=== dn_5x100_K10_s19.txt (m=5 n=100 K=10 mu=6 pool=30 total_value=8810) ===
  MC runs done: 1/30
  MC runs done: 2/30
  MC runs done: 3/30
  MC runs done: 4/30
  MC runs done: 5/30
  MC runs done: 6/30
  MC runs done: 7/30
  MC runs done: 8/30
  MC runs done: 9/30
  MC runs done: 10/30
  MC runs done: 11/30
  MC runs done: 12/30
  MC runs done: 13/30
  MC runs done: 14/30
  MC runs done: 15/30
  MC runs done: 16/30
  MC runs done: 17/30
  MC runs done: 18/30
  MC runs done: 19/30
  MC runs done: 20/30
  MC runs done: 21/30
  MC runs done: 22/30
  MC runs done: 23/30
  MC runs done: 24/30
  MC runs done: 25/30
  MC runs done: 26/30
  MC runs done: 27/30
  MC runs done: 28/30
  MC runs done: 29/30
  MC runs done: 30/30
  leak rate 0.645899 +- 0.018282 | shots 30.0 | destroyed value 3119.6

=== dn_5x100_K10_s20.txt (m=5 n=100 K=10 mu=6 pool=30 total_value=7875) ===
  MC runs done: 1/30
  MC runs done: 2/30
  MC runs done: 3/30
  MC runs done: 4/30
  MC runs done: 5/30
  MC runs done: 6/30
  MC runs done: 7/30
  MC runs done: 8/30
  MC runs done: 9/30
  MC runs done: 10/30
  MC runs done: 11/30
  MC runs done: 12/30
  MC runs done: 13/30
  MC runs done: 14/30
  MC runs done: 15/30
  MC runs done: 16/30
  MC runs done: 17/30
  MC runs done: 18/30
  MC runs done: 19/30
  MC runs done: 20/30
  MC runs done: 21/30
  MC runs done: 22/30
  MC runs done: 23/30
  MC runs done: 24/30
  MC runs done: 25/30
  MC runs done: 26/30
  MC runs done: 27/30
  MC runs done: 28/30
  MC runs done: 29/30
  MC runs done: 30/30
  leak rate 0.622307 +- 0.020175 | shots 30.0 | destroyed value 2974.3

=== dn_5x100_K10_s21.txt (m=5 n=100 K=10 mu=6 pool=30 total_value=8376) ===
  MC runs done: 1/30
  MC runs done: 2/30
  MC runs done: 3/30
  MC runs done: 4/30
  MC runs done: 5/30
  MC runs done: 6/30
  MC runs done: 7/30
  MC runs done: 8/30
  MC runs done: 9/30
  MC runs done: 10/30
  MC runs done: 11/30
  MC runs done: 12/30
  MC runs done: 13/30
  MC runs done: 14/30
  MC runs done: 15/30
  MC runs done: 16/30
  MC runs done: 17/30
  MC runs done: 18/30
  MC runs done: 19/30
  MC runs done: 20/30
  MC runs done: 21/30
  MC runs done: 22/30
  MC runs done: 23/30
  MC runs done: 24/30
  MC runs done: 25/30
  MC runs done: 26/30
  MC runs done: 27/30
  MC runs done: 28/30
  MC runs done: 29/30
  MC runs done: 30/30
  leak rate 0.677849 +- 0.018833 | shots 28.2 | destroyed value 2698.3

=== dn_5x100_K10_s22.txt (m=5 n=100 K=10 mu=6 pool=30 total_value=9389) ===
  MC runs done: 1/30
  MC runs done: 2/30
  MC runs done: 3/30
  MC runs done: 4/30
  MC runs done: 5/30
  MC runs done: 6/30
  MC runs done: 7/30
  MC runs done: 8/30
  MC runs done: 9/30
  MC runs done: 10/30
  MC runs done: 11/30
  MC runs done: 12/30
  MC runs done: 13/30
  MC runs done: 14/30
  MC runs done: 15/30
  MC runs done: 16/30
  MC runs done: 17/30
  MC runs done: 18/30
  MC runs done: 19/30
  MC runs done: 20/30
  MC runs done: 21/30
  MC runs done: 22/30
  MC runs done: 23/30
  MC runs done: 24/30
  MC runs done: 25/30
  MC runs done: 26/30
  MC runs done: 27/30
  MC runs done: 28/30
  MC runs done: 29/30
  MC runs done: 30/30
  leak rate 0.676771 +- 0.019684 | shots 30.0 | destroyed value 3034.8

=== dn_5x100_K10_s23.txt (m=5 n=100 K=10 mu=6 pool=30 total_value=9402) ===
  MC runs done: 1/30
  MC runs done: 2/30
  MC runs done: 3/30
  MC runs done: 4/30
  MC runs done: 5/30
  MC runs done: 6/30
  MC runs done: 7/30
  MC runs done: 8/30
  MC runs done: 9/30
  MC runs done: 10/30
  MC runs done: 11/30
  MC runs done: 12/30
  MC runs done: 13/30
  MC runs done: 14/30
  MC runs done: 15/30
  MC runs done: 16/30
  MC runs done: 17/30
  MC runs done: 18/30
  MC runs done: 19/30
  MC runs done: 20/30
  MC runs done: 21/30
  MC runs done: 22/30
  MC runs done: 23/30
  MC runs done: 24/30
  MC runs done: 25/30
  MC runs done: 26/30
  MC runs done: 27/30
  MC runs done: 28/30
  MC runs done: 29/30
  MC runs done: 30/30
  leak rate 0.738967 +- 0.007317 | shots 29.1 | destroyed value 2454.2

=== dn_5x100_K10_s24.txt (m=5 n=100 K=10 mu=6 pool=30 total_value=8684) ===
  MC runs done: 1/30
  MC runs done: 2/30
  MC runs done: 3/30
  MC runs done: 4/30
  MC runs done: 5/30
  MC runs done: 6/30
  MC runs done: 7/30
  MC runs done: 8/30
  MC runs done: 9/30
  MC runs done: 10/30
  MC runs done: 11/30
  MC runs done: 12/30
  MC runs done: 13/30
  MC runs done: 14/30
  MC runs done: 15/30
  MC runs done: 16/30
  MC runs done: 17/30
  MC runs done: 18/30
  MC runs done: 19/30
  MC runs done: 20/30
  MC runs done: 21/30
  MC runs done: 22/30
  MC runs done: 23/30
  MC runs done: 24/30
  MC runs done: 25/30
  MC runs done: 26/30
  MC runs done: 27/30
  MC runs done: 28/30
  MC runs done: 29/30
  MC runs done: 30/30
  leak rate 0.665170 +- 0.015524 | shots 30.0 | destroyed value 2907.7

=== dn_5x100_K10_s25.txt (m=5 n=100 K=10 mu=6 pool=30 total_value=8264) ===
  MC runs done: 1/30
  MC runs done: 2/30
  MC runs done: 3/30
  MC runs done: 4/30
  MC runs done: 5/30
  MC runs done: 6/30
  MC runs done: 7/30
  MC runs done: 8/30
  MC runs done: 9/30
  MC runs done: 10/30
  MC runs done: 11/30
  MC runs done: 12/30
  MC runs done: 13/30
  MC runs done: 14/30
  MC runs done: 15/30
  MC runs done: 16/30
  MC runs done: 17/30
  MC runs done: 18/30
  MC runs done: 19/30
  MC runs done: 20/30
  MC runs done: 21/30
  MC runs done: 22/30
  MC runs done: 23/30
  MC runs done: 24/30
  MC runs done: 25/30
  MC runs done: 26/30
  MC runs done: 27/30
  MC runs done: 28/30
  MC runs done: 29/30
  MC runs done: 30/30
  leak rate 0.622987 +- 0.015426 | shots 29.0 | destroyed value 3115.6

=== dn_5x100_K10_s26.txt (m=5 n=100 K=10 mu=6 pool=30 total_value=8976) ===
  MC runs done: 1/30
  MC runs done: 2/30
  MC runs done: 3/30
  MC runs done: 4/30
  MC runs done: 5/30
  MC runs done: 6/30
  MC runs done: 7/30
  MC runs done: 8/30
  MC runs done: 9/30
  MC runs done: 10/30
  MC runs done: 11/30
  MC runs done: 12/30
  MC runs done: 13/30
  MC runs done: 14/30
  MC runs done: 15/30
  MC runs done: 16/30
  MC runs done: 17/30
  MC runs done: 18/30
  MC runs done: 19/30
  MC runs done: 20/30
  MC runs done: 21/30
  MC runs done: 22/30
  MC runs done: 23/30
  MC runs done: 24/30
  MC runs done: 25/30
  MC runs done: 26/30
  MC runs done: 27/30
  MC runs done: 28/30
  MC runs done: 29/30
  MC runs done: 30/30
  leak rate 0.650724 +- 0.014303 | shots 28.5 | destroyed value 3135.1
[cleanup] removed tmp dir output/e35_v4_ecmappo_gen/train/tmp

reports written: output/e35_v4_ecmappo_gen/train/family_report.json, output/e35_v4_ecmappo_gen/train/family_report.md
family leak rate: 0.6590 +- 0.0272 [worst 0.7390]
