DN-WTA v3 family evaluation
  split=train instances=dn_5x100_K10_s03.txt, dn_5x100_K10_s04.txt, dn_5x100_K10_s05.txt, dn_5x100_K10_s06.txt, dn_5x100_K10_s07.txt, dn_5x100_K10_s08.txt, dn_5x100_K10_s09.txt, dn_5x100_K10_s10.txt, dn_5x100_K10_s11.txt, dn_5x100_K10_s12.txt, dn_5x100_K10_s13.txt, dn_5x100_K10_s14.txt, dn_5x100_K10_s15.txt, dn_5x100_K10_s16.txt, dn_5x100_K10_s17.txt, dn_5x100_K10_s18.txt, dn_5x100_K10_s19.txt, dn_5x100_K10_s20.txt, dn_5x100_K10_s21.txt, dn_5x100_K10_s22.txt, dn_5x100_K10_s23.txt, dn_5x100_K10_s24.txt, dn_5x100_K10_s25.txt, dn_5x100_K10_s26.txt
  policy=mappo seeds=30 (base 42) timelimit=30s

=== dn_5x100_K10_s03.txt (m=5 n=100 K=10 mu=6 pool=30 total_value=8419) ===
  MC runs done: 1/30
  MC runs done: 2/30
  MC runs done: 3/30
  MC runs done: 4/30
  MC runs done: 5/30
  MC runs done: 6/30
  MC runs done: 7/30
  MC runs done: 8/30
  MC runs done: 9/30
  MC runs done: 10/30
  MC runs done: 11/30
  MC runs done: 12/30
  MC runs done: 13/30
  MC runs done: 14/30
  MC runs done: 15/30
  MC runs done: 16/30
  MC runs done: 17/30
  MC runs done: 18/30
  MC runs done: 19/30
  MC runs done: 20/30
  MC runs done: 21/30
  MC runs done: 22/30
  MC runs done: 23/30
  MC runs done: 24/30
  MC runs done: 25/30
  MC runs done: 26/30
  MC runs done: 27/30
  MC runs done: 28/30
  MC runs done: 29/30
  MC runs done: 30/30
  leak rate 0.692497 +- 0.018530 | shots 30.0 | destroyed value 2588.9

=== dn_5x100_K10_s04.txt (m=5 n=100 K=10 mu=6 pool=30 total_value=8817) ===
  MC runs done: 1/30
  MC runs done: 2/30
  MC runs done: 3/30
  MC runs done: 4/30
  MC runs done: 5/30
  MC runs done: 6/30
  MC runs done: 7/30
  MC runs done: 8/30
  MC runs done: 9/30
  MC runs done: 10/30
  MC runs done: 11/30
  MC runs done: 12/30
  MC runs done: 13/30
  MC runs done: 14/30
  MC runs done: 15/30
  MC runs done: 16/30
  MC runs done: 17/30
  MC runs done: 18/30
  MC runs done: 19/30
  MC runs done: 20/30
  MC runs done: 21/30
  MC runs done: 22/30
  MC runs done: 23/30
  MC runs done: 24/30
  MC runs done: 25/30
  MC runs done: 26/30
  MC runs done: 27/30
  MC runs done: 28/30
  MC runs done: 29/30
  MC runs done: 30/30
  leak rate 0.704847 +- 0.019010 | shots 30.0 | destroyed value 2602.4

=== dn_5x100_K10_s05.txt (m=5 n=100 K=10 mu=6 pool=30 total_value=10196) ===
  MC runs done: 1/30
  MC runs done: 2/30
  MC runs done: 3/30
  MC runs done: 4/30
  MC runs done: 5/30
  MC runs done: 6/30
  MC runs done: 7/30
  MC runs done: 8/30
  MC runs done: 9/30
  MC runs done: 10/30
  MC runs done: 11/30
  MC runs done: 12/30
  MC runs done: 13/30
  MC runs done: 14/30
  MC runs done: 15/30
  MC runs done: 16/30
  MC runs done: 17/30
  MC runs done: 18/30
  MC runs done: 19/30
  MC runs done: 20/30
  MC runs done: 21/30
  MC runs done: 22/30
  MC runs done: 23/30
  MC runs done: 24/30
  MC runs done: 25/30
  MC runs done: 26/30
  MC runs done: 27/30
  MC runs done: 28/30
  MC runs done: 29/30
  MC runs done: 30/30
  leak rate 0.711812 +- 0.013925 | shots 28.9 | destroyed value 2938.4

=== dn_5x100_K10_s06.txt (m=5 n=100 K=10 mu=6 pool=30 total_value=8176) ===
  MC runs done: 1/30
  MC runs done: 2/30
  MC runs done: 3/30
  MC runs done: 4/30
  MC runs done: 5/30
  MC runs done: 6/30
  MC runs done: 7/30
  MC runs done: 8/30
  MC runs done: 9/30
  MC runs done: 10/30
  MC runs done: 11/30
  MC runs done: 12/30
  MC runs done: 13/30
  MC runs done: 14/30
  MC runs done: 15/30
  MC runs done: 16/30
  MC runs done: 17/30
  MC runs done: 18/30
  MC runs done: 19/30
  MC runs done: 20/30
  MC runs done: 21/30
  MC runs done: 22/30
  MC runs done: 23/30
  MC runs done: 24/30
  MC runs done: 25/30
  MC runs done: 26/30
  MC runs done: 27/30
  MC runs done: 28/30
  MC runs done: 29/30
  MC runs done: 30/30
  leak rate 0.702984 +- 0.015429 | shots 28.0 | destroyed value 2428.4

=== dn_5x100_K10_s07.txt (m=5 n=100 K=10 mu=6 pool=30 total_value=8985) ===
  MC runs done: 1/30
  MC runs done: 2/30
  MC runs done: 3/30
  MC runs done: 4/30
  MC runs done: 5/30
  MC runs done: 6/30
  MC runs done: 7/30
  MC runs done: 8/30
  MC runs done: 9/30
  MC runs done: 10/30
  MC runs done: 11/30
  MC runs done: 12/30
  MC runs done: 13/30
  MC runs done: 14/30
  MC runs done: 15/30
  MC runs done: 16/30
  MC runs done: 17/30
  MC runs done: 18/30
  MC runs done: 19/30
  MC runs done: 20/30
  MC runs done: 21/30
  MC runs done: 22/30
  MC runs done: 23/30
  MC runs done: 24/30
  MC runs done: 25/30
  MC runs done: 26/30
  MC runs done: 27/30
  MC runs done: 28/30
  MC runs done: 29/30
  MC runs done: 30/30
  leak rate 0.703302 +- 0.015372 | shots 28.0 | destroyed value 2665.8

=== dn_5x100_K10_s08.txt (m=5 n=100 K=10 mu=6 pool=30 total_value=9141) ===
  MC runs done: 1/30
  MC runs done: 2/30
  MC runs done: 3/30
  MC runs done: 4/30
  MC runs done: 5/30
  MC runs done: 6/30
  MC runs done: 7/30
  MC runs done: 8/30
  MC runs done: 9/30
  MC runs done: 10/30
  MC runs done: 11/30
  MC runs done: 12/30
  MC runs done: 13/30
  MC runs done: 14/30
  MC runs done: 15/30
  MC runs done: 16/30
  MC runs done: 17/30
  MC runs done: 18/30
  MC runs done: 19/30
  MC runs done: 20/30
  MC runs done: 21/30
  MC runs done: 22/30
  MC runs done: 23/30
  MC runs done: 24/30
  MC runs done: 25/30
  MC runs done: 26/30
  MC runs done: 27/30
  MC runs done: 28/30
  MC runs done: 29/30
  MC runs done: 30/30
  leak rate 0.693859 +- 0.014706 | shots 30.0 | destroyed value 2798.4

=== dn_5x100_K10_s09.txt (m=5 n=100 K=10 mu=6 pool=30 total_value=8511) ===
  MC runs done: 1/30
  MC runs done: 2/30
  MC runs done: 3/30
  MC runs done: 4/30
  MC runs done: 5/30
  MC runs done: 6/30
  MC runs done: 7/30
  MC runs done: 8/30
  MC runs done: 9/30
  MC runs done: 10/30
  MC runs done: 11/30
  MC runs done: 12/30
  MC runs done: 13/30
  MC runs done: 14/30
  MC runs done: 15/30
  MC runs done: 16/30
  MC runs done: 17/30
  MC runs done: 18/30
  MC runs done: 19/30
  MC runs done: 20/30
  MC runs done: 21/30
  MC runs done: 22/30
  MC runs done: 23/30
  MC runs done: 24/30
  MC runs done: 25/30
  MC runs done: 26/30
  MC runs done: 27/30
  MC runs done: 28/30
  MC runs done: 29/30
  MC runs done: 30/30
  leak rate 0.725167 +- 0.011650 | shots 30.0 | destroyed value 2339.1

=== dn_5x100_K10_s10.txt (m=5 n=100 K=10 mu=6 pool=30 total_value=9155) ===
  MC runs done: 1/30
  MC runs done: 2/30
  MC runs done: 3/30
  MC runs done: 4/30
  MC runs done: 5/30
  MC runs done: 6/30
  MC runs done: 7/30
  MC runs done: 8/30
  MC runs done: 9/30
  MC runs done: 10/30
  MC runs done: 11/30
  MC runs done: 12/30
  MC runs done: 13/30
  MC runs done: 14/30
  MC runs done: 15/30
  MC runs done: 16/30
  MC runs done: 17/30
  MC runs done: 18/30
  MC runs done: 19/30
  MC runs done: 20/30
  MC runs done: 21/30
  MC runs done: 22/30
  MC runs done: 23/30
  MC runs done: 24/30
  MC runs done: 25/30
  MC runs done: 26/30
  MC runs done: 27/30
  MC runs done: 28/30
  MC runs done: 29/30
  MC runs done: 30/30
  leak rate 0.709459 +- 0.017126 | shots 30.0 | destroyed value 2659.9

=== dn_5x100_K10_s11.txt (m=5 n=100 K=10 mu=6 pool=30 total_value=8850) ===
  MC runs done: 1/30
  MC runs done: 2/30
  MC runs done: 3/30
  MC runs done: 4/30
  MC runs done: 5/30
  MC runs done: 6/30
  MC runs done: 7/30
  MC runs done: 8/30
  MC runs done: 9/30
  MC runs done: 10/30
  MC runs done: 11/30
  MC runs done: 12/30
  MC runs done: 13/30
  MC runs done: 14/30
  MC runs done: 15/30
  MC runs done: 16/30
  MC runs done: 17/30
  MC runs done: 18/30
  MC runs done: 19/30
  MC runs done: 20/30
  MC runs done: 21/30
  MC runs done: 22/30
  MC runs done: 23/30
  MC runs done: 24/30
  MC runs done: 25/30
  MC runs done: 26/30
  MC runs done: 27/30
  MC runs done: 28/30
  MC runs done: 29/30
  MC runs done: 30/30
  leak rate 0.742524 +- 0.013380 | shots 29.0 | destroyed value 2278.7

=== dn_5x100_K10_s12.txt (m=5 n=100 K=10 mu=6 pool=30 total_value=8909) ===
  MC runs done: 1/30
  MC runs done: 2/30
  MC runs done: 3/30
  MC runs done: 4/30
  MC runs done: 5/30
  MC runs done: 6/30
  MC runs done: 7/30
  MC runs done: 8/30
  MC runs done: 9/30
  MC runs done: 10/30
  MC runs done: 11/30
  MC runs done: 12/30
  MC runs done: 13/30
  MC runs done: 14/30
  MC runs done: 15/30
  MC runs done: 16/30
  MC runs done: 17/30
  MC runs done: 18/30
  MC runs done: 19/30
  MC runs done: 20/30
  MC runs done: 21/30
  MC runs done: 22/30
  MC runs done: 23/30
  MC runs done: 24/30
  MC runs done: 25/30
  MC runs done: 26/30
  MC runs done: 27/30
  MC runs done: 28/30
  MC runs done: 29/30
  MC runs done: 30/30
  leak rate 0.715673 +- 0.012831 | shots 30.0 | destroyed value 2533.1

=== dn_5x100_K10_s13.txt (m=5 n=100 K=10 mu=6 pool=30 total_value=9905) ===
  MC runs done: 1/30
  MC runs done: 2/30
  MC runs done: 3/30
  MC runs done: 4/30
  MC runs done: 5/30
  MC runs done: 6/30
  MC runs done: 7/30
  MC runs done: 8/30
  MC runs done: 9/30
  MC runs done: 10/30
  MC runs done: 11/30
  MC runs done: 12/30
  MC runs done: 13/30
  MC runs done: 14/30
  MC runs done: 15/30
  MC runs done: 16/30
  MC runs done: 17/30
  MC runs done: 18/30
  MC runs done: 19/30
  MC runs done: 20/30
  MC runs done: 21/30
  MC runs done: 22/30
  MC runs done: 23/30
  MC runs done: 24/30
  MC runs done: 25/30
  MC runs done: 26/30
  MC runs done: 27/30
  MC runs done: 28/30
  MC runs done: 29/30
  MC runs done: 30/30
  leak rate 0.717409 +- 0.014351 | shots 30.0 | destroyed value 2799.1

=== dn_5x100_K10_s14.txt (m=5 n=100 K=10 mu=6 pool=30 total_value=9190) ===
  MC runs done: 1/30
  MC runs done: 2/30
  MC runs done: 3/30
  MC runs done: 4/30
  MC runs done: 5/30
  MC runs done: 6/30
  MC runs done: 7/30
  MC runs done: 8/30
  MC runs done: 9/30
  MC runs done: 10/30
  MC runs done: 11/30
  MC runs done: 12/30
  MC runs done: 13/30
  MC runs done: 14/30
  MC runs done: 15/30
  MC runs done: 16/30
  MC runs done: 17/30
  MC runs done: 18/30
  MC runs done: 19/30
  MC runs done: 20/30
  MC runs done: 21/30
  MC runs done: 22/30
  MC runs done: 23/30
  MC runs done: 24/30
  MC runs done: 25/30
  MC runs done: 26/30
  MC runs done: 27/30
  MC runs done: 28/30
  MC runs done: 29/30
  MC runs done: 30/30
  leak rate 0.722339 +- 0.013134 | shots 29.0 | destroyed value 2551.7

=== dn_5x100_K10_s15.txt (m=5 n=100 K=10 mu=6 pool=30 total_value=7913) ===
  MC runs done: 1/30
  MC runs done: 2/30
  MC runs done: 3/30
  MC runs done: 4/30
  MC runs done: 5/30
  MC runs done: 6/30
  MC runs done: 7/30
  MC runs done: 8/30
  MC runs done: 9/30
  MC runs done: 10/30
  MC runs done: 11/30
  MC runs done: 12/30
  MC runs done: 13/30
  MC runs done: 14/30
  MC runs done: 15/30
  MC runs done: 16/30
  MC runs done: 17/30
  MC runs done: 18/30
  MC runs done: 19/30
  MC runs done: 20/30
  MC runs done: 21/30
  MC runs done: 22/30
  MC runs done: 23/30
  MC runs done: 24/30
  MC runs done: 25/30
  MC runs done: 26/30
  MC runs done: 27/30
  MC runs done: 28/30
  MC runs done: 29/30
  MC runs done: 30/30
  leak rate 0.715148 +- 0.012615 | shots 30.0 | destroyed value 2254.0

=== dn_5x100_K10_s16.txt (m=5 n=100 K=10 mu=6 pool=30 total_value=8526) ===
  MC runs done: 1/30
  MC runs done: 2/30
  MC runs done: 3/30
  MC runs done: 4/30
  MC runs done: 5/30
  MC runs done: 6/30
  MC runs done: 7/30
  MC runs done: 8/30
  MC runs done: 9/30
  MC runs done: 10/30
  MC runs done: 11/30
  MC runs done: 12/30
  MC runs done: 13/30
  MC runs done: 14/30
  MC runs done: 15/30
  MC runs done: 16/30
  MC runs done: 17/30
  MC runs done: 18/30
  MC runs done: 19/30
  MC runs done: 20/30
  MC runs done: 21/30
  MC runs done: 22/30
  MC runs done: 23/30
  MC runs done: 24/30
  MC runs done: 25/30
  MC runs done: 26/30
  MC runs done: 27/30
  MC runs done: 28/30
  MC runs done: 29/30
  MC runs done: 30/30
  leak rate 0.755165 +- 0.011090 | shots 30.0 | destroyed value 2087.5

=== dn_5x100_K10_s17.txt (m=5 n=100 K=10 mu=6 pool=30 total_value=9044) ===
  MC runs done: 1/30
  MC runs done: 2/30
  MC runs done: 3/30
  MC runs done: 4/30
  MC runs done: 5/30
  MC runs done: 6/30
  MC runs done: 7/30
  MC runs done: 8/30
  MC runs done: 9/30
  MC runs done: 10/30
  MC runs done: 11/30
  MC runs done: 12/30
  MC runs done: 13/30
  MC runs done: 14/30
  MC runs done: 15/30
  MC runs done: 16/30
  MC runs done: 17/30
  MC runs done: 18/30
  MC runs done: 19/30
  MC runs done: 20/30
  MC runs done: 21/30
  MC runs done: 22/30
  MC runs done: 23/30
  MC runs done: 24/30
  MC runs done: 25/30
  MC runs done: 26/30
  MC runs done: 27/30
  MC runs done: 28/30
  MC runs done: 29/30
  MC runs done: 30/30
  leak rate 0.764835 +- 0.011460 | shots 30.0 | destroyed value 2126.8

=== dn_5x100_K10_s18.txt (m=5 n=100 K=10 mu=6 pool=30 total_value=9002) ===
  MC runs done: 1/30
  MC runs done: 2/30
  MC runs done: 3/30
  MC runs done: 4/30
  MC runs done: 5/30
  MC runs done: 6/30
  MC runs done: 7/30
  MC runs done: 8/30
  MC runs done: 9/30
  MC runs done: 10/30
  MC runs done: 11/30
  MC runs done: 12/30
  MC runs done: 13/30
  MC runs done: 14/30
  MC runs done: 15/30
  MC runs done: 16/30
  MC runs done: 17/30
  MC runs done: 18/30
  MC runs done: 19/30
  MC runs done: 20/30
  MC runs done: 21/30
  MC runs done: 22/30
  MC runs done: 23/30
  MC runs done: 24/30
  MC runs done: 25/30
  MC runs done: 26/30
  MC runs done: 27/30
  MC runs done: 28/30
  MC runs done: 29/30
  MC runs done: 30/30
  leak rate 0.765460 +- 0.015555 | shots 27.0 | destroyed value 2111.3

=== dn_5x100_K10_s19.txt (m=5 n=100 K=10 mu=6 pool=30 total_value=8810) ===
  MC runs done: 1/30
  MC runs done: 2/30
  MC runs done: 3/30
  MC runs done: 4/30
  MC runs done: 5/30
  MC runs done: 6/30
  MC runs done: 7/30
  MC runs done: 8/30
  MC runs done: 9/30
  MC runs done: 10/30
  MC runs done: 11/30
  MC runs done: 12/30
  MC runs done: 13/30
  MC runs done: 14/30
  MC runs done: 15/30
  MC runs done: 16/30
  MC runs done: 17/30
  MC runs done: 18/30
  MC runs done: 19/30
  MC runs done: 20/30
  MC runs done: 21/30
  MC runs done: 22/30
  MC runs done: 23/30
  MC runs done: 24/30
  MC runs done: 25/30
  MC runs done: 26/30
  MC runs done: 27/30
  MC runs done: 28/30
  MC runs done: 29/30
  MC runs done: 30/30
  leak rate 0.704616 +- 0.015262 | shots 30.0 | destroyed value 2602.3

=== dn_5x100_K10_s20.txt (m=5 n=100 K=10 mu=6 pool=30 total_value=7875) ===
  MC runs done: 1/30
  MC runs done: 2/30
  MC runs done: 3/30
  MC runs done: 4/30
  MC runs done: 5/30
  MC runs done: 6/30
  MC runs done: 7/30
  MC runs done: 8/30
  MC runs done: 9/30
  MC runs done: 10/30
  MC runs done: 11/30
  MC runs done: 12/30
  MC runs done: 13/30
  MC runs done: 14/30
  MC runs done: 15/30
  MC runs done: 16/30
  MC runs done: 17/30
  MC runs done: 18/30
  MC runs done: 19/30
  MC runs done: 20/30
  MC runs done: 21/30
  MC runs done: 22/30
  MC runs done: 23/30
  MC runs done: 24/30
  MC runs done: 25/30
  MC runs done: 26/30
  MC runs done: 27/30
  MC runs done: 28/30
  MC runs done: 29/30
  MC runs done: 30/30
  leak rate 0.685867 +- 0.016801 | shots 28.0 | destroyed value 2473.8

=== dn_5x100_K10_s21.txt (m=5 n=100 K=10 mu=6 pool=30 total_value=8376) ===
  MC runs done: 1/30
  MC runs done: 2/30
  MC runs done: 3/30
  MC runs done: 4/30
  MC runs done: 5/30
  MC runs done: 6/30
  MC runs done: 7/30
  MC runs done: 8/30
  MC runs done: 9/30
  MC runs done: 10/30
  MC runs done: 11/30
  MC runs done: 12/30
  MC runs done: 13/30
  MC runs done: 14/30
  MC runs done: 15/30
  MC runs done: 16/30
  MC runs done: 17/30
  MC runs done: 18/30
  MC runs done: 19/30
  MC runs done: 20/30
  MC runs done: 21/30
  MC runs done: 22/30
  MC runs done: 23/30
  MC runs done: 24/30
  MC runs done: 25/30
  MC runs done: 26/30
  MC runs done: 27/30
  MC runs done: 28/30
  MC runs done: 29/30
  MC runs done: 30/30
  leak rate 0.743545 +- 0.011504 | shots 30.0 | destroyed value 2148.1

=== dn_5x100_K10_s22.txt (m=5 n=100 K=10 mu=6 pool=30 total_value=9389) ===
  MC runs done: 1/30
  MC runs done: 2/30
  MC runs done: 3/30
  MC runs done: 4/30
  MC runs done: 5/30
  MC runs done: 6/30
  MC runs done: 7/30
  MC runs done: 8/30
  MC runs done: 9/30
  MC runs done: 10/30
  MC runs done: 11/30
  MC runs done: 12/30
  MC runs done: 13/30
  MC runs done: 14/30
  MC runs done: 15/30
  MC runs done: 16/30
  MC runs done: 17/30
  MC runs done: 18/30
  MC runs done: 19/30
  MC runs done: 20/30
  MC runs done: 21/30
  MC runs done: 22/30
  MC runs done: 23/30
  MC runs done: 24/30
  MC runs done: 25/30
  MC runs done: 26/30
  MC runs done: 27/30
  MC runs done: 28/30
  MC runs done: 29/30
  MC runs done: 30/30
  leak rate 0.777569 +- 0.009820 | shots 30.0 | destroyed value 2088.4

=== dn_5x100_K10_s23.txt (m=5 n=100 K=10 mu=6 pool=30 total_value=9402) ===
  MC runs done: 1/30
  MC runs done: 2/30
  MC runs done: 3/30
  MC runs done: 4/30
  MC runs done: 5/30
  MC runs done: 6/30
  MC runs done: 7/30
  MC runs done: 8/30
  MC runs done: 9/30
  MC runs done: 10/30
  MC runs done: 11/30
  MC runs done: 12/30
  MC runs done: 13/30
  MC runs done: 14/30
  MC runs done: 15/30
  MC runs done: 16/30
  MC runs done: 17/30
  MC runs done: 18/30
  MC runs done: 19/30
  MC runs done: 20/30
  MC runs done: 21/30
  MC runs done: 22/30
  MC runs done: 23/30
  MC runs done: 24/30
  MC runs done: 25/30
  MC runs done: 26/30
  MC runs done: 27/30
  MC runs done: 28/30
  MC runs done: 29/30
  MC runs done: 30/30
  leak rate 0.743703 +- 0.016857 | shots 28.0 | destroyed value 2409.7

=== dn_5x100_K10_s24.txt (m=5 n=100 K=10 mu=6 pool=30 total_value=8684) ===
  MC runs done: 1/30
  MC runs done: 2/30
  MC runs done: 3/30
  MC runs done: 4/30
  MC runs done: 5/30
  MC runs done: 6/30
  MC runs done: 7/30
  MC runs done: 8/30
  MC runs done: 9/30
  MC runs done: 10/30
  MC runs done: 11/30
  MC runs done: 12/30
  MC runs done: 13/30
  MC runs done: 14/30
  MC runs done: 15/30
  MC runs done: 16/30
  MC runs done: 17/30
  MC runs done: 18/30
  MC runs done: 19/30
  MC runs done: 20/30
  MC runs done: 21/30
  MC runs done: 22/30
  MC runs done: 23/30
  MC runs done: 24/30
  MC runs done: 25/30
  MC runs done: 26/30
  MC runs done: 27/30
  MC runs done: 28/30
  MC runs done: 29/30
  MC runs done: 30/30
  leak rate 0.691195 +- 0.021124 | shots 29.0 | destroyed value 2681.7

=== dn_5x100_K10_s25.txt (m=5 n=100 K=10 mu=6 pool=30 total_value=8264) ===
  MC runs done: 1/30
  MC runs done: 2/30
  MC runs done: 3/30
  MC runs done: 4/30
  MC runs done: 5/30
  MC runs done: 6/30
  MC runs done: 7/30
  MC runs done: 8/30
  MC runs done: 9/30
  MC runs done: 10/30
  MC runs done: 11/30
  MC runs done: 12/30
  MC runs done: 13/30
  MC runs done: 14/30
  MC runs done: 15/30
  MC runs done: 16/30
  MC runs done: 17/30
  MC runs done: 18/30
  MC runs done: 19/30
  MC runs done: 20/30
  MC runs done: 21/30
  MC runs done: 22/30
  MC runs done: 23/30
  MC runs done: 24/30
  MC runs done: 25/30
  MC runs done: 26/30
  MC runs done: 27/30
  MC runs done: 28/30
  MC runs done: 29/30
  MC runs done: 30/30
  leak rate 0.709551 +- 0.016955 | shots 30.0 | destroyed value 2400.3

=== dn_5x100_K10_s26.txt (m=5 n=100 K=10 mu=6 pool=30 total_value=8976) ===
  MC runs done: 1/30
  MC runs done: 2/30
  MC runs done: 3/30
  MC runs done: 4/30
  MC runs done: 5/30
  MC runs done: 6/30
  MC runs done: 7/30
  MC runs done: 8/30
  MC runs done: 9/30
  MC runs done: 10/30
  MC runs done: 11/30
  MC runs done: 12/30
  MC runs done: 13/30
  MC runs done: 14/30
  MC runs done: 15/30
  MC runs done: 16/30
  MC runs done: 17/30
  MC runs done: 18/30
  MC runs done: 19/30
  MC runs done: 20/30
  MC runs done: 21/30
  MC runs done: 22/30
  MC runs done: 23/30
  MC runs done: 24/30
  MC runs done: 25/30
  MC runs done: 26/30
  MC runs done: 27/30
  MC runs done: 28/30
  MC runs done: 29/30
  MC runs done: 30/30
  leak rate 0.736330 +- 0.018175 | shots 28.1 | destroyed value 2366.7
[cleanup] removed tmp dir output/e35_v4_mappo_gen/train/tmp

reports written: output/e35_v4_mappo_gen/train/family_report.json, output/e35_v4_mappo_gen/train/family_report.md
family leak rate: 0.7223 +- 0.0252 [worst 0.7776]
