DN-WTA v3 family evaluation
  split=test instances=dn_3x50_K10_s01.txt, dn_3x50_K10_s02.txt
  policy=greedy (with per-step CPLEX reference) seeds=30 (base 42) timelimit=30s

=== dn_3x50_K10_s01.txt (m=3 n=50 K=10 mu=6 pool=18 total_value=3942) ===
  MC runs done: 10/30
  MC runs done: 20/30
  MC runs done: 30/30
  leak rate 0.800820 +- 0.016625 | shots 18.0 | destroyed value 785.2

=== dn_3x50_K10_s02.txt (m=3 n=50 K=10 mu=6 pool=18 total_value=3819) ===
  MC runs done: 10/30
  MC runs done: 20/30
  MC runs done: 30/30
  leak rate 0.781819 +- 0.025659 | shots 18.0 | destroyed value 833.2
[cleanup] removed tmp dir /tmp/fix_g

reports written: /tmp/regress_check/greedy/family_report.json, /tmp/regress_check/greedy/family_report.md
family leak rate: 0.7913 +- 0.0095 [worst 0.8008]
DN-WTA v3 family evaluation
  split=test instances=dn_3x50_K10_s01.txt, dn_3x50_K10_s02.txt
  policy=pocplex (with per-step CPLEX reference) seeds=30 (base 42) timelimit=30s

=== dn_3x50_K10_s01.txt (m=3 n=50 K=10 mu=6 pool=18 total_value=3942) ===
  MC runs done: 10/30
  MC runs done: 20/30
  MC runs done: 30/30
  leak rate 0.742753 +- 0.023851 | shots 18.0 | destroyed value 1014.1

=== dn_3x50_K10_s02.txt (m=3 n=50 K=10 mu=6 pool=18 total_value=3819) ===
  MC runs done: 10/30
  MC runs done: 20/30
  MC runs done: 30/30
  leak rate 0.674234 +- 0.043549 | shots 18.0 | destroyed value 1244.1
[cleanup] removed tmp dir /tmp/fix_p

reports written: /tmp/regress_check/pocplex/family_report.json, /tmp/regress_check/pocplex/family_report.md
family leak rate: 0.7085 +- 0.0343 [worst 0.7428]
DN-WTA v3 family evaluation
  split=test instances=dn_3x50_K10_s01.txt, dn_3x50_K10_s02.txt
  policy=cplex seeds=30 (base 42) timelimit=30s

=== dn_3x50_K10_s01.txt (m=3 n=50 K=10 mu=6 pool=18 total_value=3942) ===
  MC runs done: 10/30
  MC runs done: 20/30
  MC runs done: 30/30
  leak rate 0.742753 +- 0.023851 | shots 18.0 | destroyed value 1014.1

=== dn_3x50_K10_s02.txt (m=3 n=50 K=10 mu=6 pool=18 total_value=3819) ===
  MC runs done: 10/30
  MC runs done: 20/30
  MC runs done: 30/30
  leak rate 0.674234 +- 0.043549 | shots 18.0 | destroyed value 1244.1
[cleanup] removed tmp dir /tmp/fix_c

reports written: /tmp/regress_check/cplex/family_report.json, /tmp/regress_check/cplex/family_report.md
family leak rate: 0.7085 +- 0.0343 [worst 0.7428]
REGRESS_ALL_DONE
