
==== [pipeline] s1_cplex attempt 1 at 2026-09-18 19:26:15 ====
DN-WTA v3 family evaluation
  split=test instances=dn_10x100_K10_s01.txt, dn_10x100_K10_s02.txt
  policy=cplex seeds=30 (base 42) timelimit=30s

=== dn_10x100_K10_s01.txt (m=10 n=100 K=10 mu=7 pool=70 total_value=8157) ===
  MC runs done: 10/30
[cleanup] removed tmp dir output/e40_v5_cplex/tmp
Traceback (most recent call last):
  File "/Users/fgod/Desktop/FGOD/Projects/UAS/WTA-Dn-branch01/experiments/dn_family_eval.py", line 364, in <module>
    sys.exit(main())
  File "/Users/fgod/Desktop/FGOD/Projects/UAS/WTA-Dn-branch01/experiments/dn_family_eval.py", line 284, in main
    runs.append(dn_env.simulate_dn(dn, seed, policy))
  File "/Users/fgod/Desktop/FGOD/Projects/UAS/WTA-Dn-branch01/dwta/dn_env.py", line 356, in simulate_dn
    return env.run(policy, log=log)
  File "/Users/fgod/Desktop/FGOD/Projects/UAS/WTA-Dn-branch01/dwta/dn_env.py", line 252, in run
    actions, info = policy.act(self, t)
  File "/Users/fgod/Desktop/FGOD/Projects/UAS/WTA-Dn-branch01/dwta/dn_policies.py", line 371, in act
    assignment, objective, solved, detail = self._solve(env, t)
  File "/Users/fgod/Desktop/FGOD/Projects/UAS/WTA-Dn-branch01/dwta/dn_policies.py", line 333, in _solve
    parsed = wave_runner.parse_wave_solution(inst, sol, target_ids)
  File "/Users/fgod/Desktop/FGOD/Projects/UAS/WTA-Dn-branch01/dwta/wave_runner.py", line 106, in parse_wave_solution
    sol = _StaticSolution(inst, sol_path)
  File "/Users/fgod/Desktop/FGOD/Projects/UAS/WTA-Dn-branch01/cplex/validator.py", line 78, in __init__
    targets[t].append(w)
IndexError: list index out of range

==== [pipeline] s1_cplex attempt 2 at 2026-09-18 19:28:15 ====
DN-WTA v3 family evaluation
  split=test instances=dn_10x100_K10_s01.txt, dn_10x100_K10_s02.txt
  policy=cplex seeds=30 (base 42) timelimit=30s

=== dn_10x100_K10_s01.txt (m=10 n=100 K=10 mu=7 pool=70 total_value=8157) ===
  MC runs done: 10/30
[cleanup] removed tmp dir output/e40_v5_cplex/tmp
Traceback (most recent call last):
  File "/Users/fgod/Desktop/FGOD/Projects/UAS/WTA-Dn-branch01/experiments/dn_family_eval.py", line 364, in <module>
    sys.exit(main())
  File "/Users/fgod/Desktop/FGOD/Projects/UAS/WTA-Dn-branch01/experiments/dn_family_eval.py", line 284, in main
    runs.append(dn_env.simulate_dn(dn, seed, policy))
  File "/Users/fgod/Desktop/FGOD/Projects/UAS/WTA-Dn-branch01/dwta/dn_env.py", line 356, in simulate_dn
    return env.run(policy, log=log)
  File "/Users/fgod/Desktop/FGOD/Projects/UAS/WTA-Dn-branch01/dwta/dn_env.py", line 252, in run
    actions, info = policy.act(self, t)
  File "/Users/fgod/Desktop/FGOD/Projects/UAS/WTA-Dn-branch01/dwta/dn_policies.py", line 371, in act
    assignment, objective, solved, detail = self._solve(env, t)
  File "/Users/fgod/Desktop/FGOD/Projects/UAS/WTA-Dn-branch01/dwta/dn_policies.py", line 333, in _solve
    parsed = wave_runner.parse_wave_solution(inst, sol, target_ids)
  File "/Users/fgod/Desktop/FGOD/Projects/UAS/WTA-Dn-branch01/dwta/wave_runner.py", line 106, in parse_wave_solution
    sol = _StaticSolution(inst, sol_path)
  File "/Users/fgod/Desktop/FGOD/Projects/UAS/WTA-Dn-branch01/cplex/validator.py", line 78, in __init__
    targets[t].append(w)
IndexError: list index out of range

==== [pipeline] s1_cplex attempt 3 at 2026-09-18 19:30:15 ====
DN-WTA v3 family evaluation
  split=test instances=dn_10x100_K10_s01.txt, dn_10x100_K10_s02.txt
  policy=cplex seeds=30 (base 42) timelimit=30s

=== dn_10x100_K10_s01.txt (m=10 n=100 K=10 mu=7 pool=70 total_value=8157) ===
  MC runs done: 10/30
[cleanup] removed tmp dir output/e40_v5_cplex/tmp
Traceback (most recent call last):
  File "/Users/fgod/Desktop/FGOD/Projects/UAS/WTA-Dn-branch01/experiments/dn_family_eval.py", line 364, in <module>
    sys.exit(main())
  File "/Users/fgod/Desktop/FGOD/Projects/UAS/WTA-Dn-branch01/experiments/dn_family_eval.py", line 284, in main
    runs.append(dn_env.simulate_dn(dn, seed, policy))
  File "/Users/fgod/Desktop/FGOD/Projects/UAS/WTA-Dn-branch01/dwta/dn_env.py", line 356, in simulate_dn
    return env.run(policy, log=log)
  File "/Users/fgod/Desktop/FGOD/Projects/UAS/WTA-Dn-branch01/dwta/dn_env.py", line 252, in run
    actions, info = policy.act(self, t)
  File "/Users/fgod/Desktop/FGOD/Projects/UAS/WTA-Dn-branch01/dwta/dn_policies.py", line 371, in act
    assignment, objective, solved, detail = self._solve(env, t)
  File "/Users/fgod/Desktop/FGOD/Projects/UAS/WTA-Dn-branch01/dwta/dn_policies.py", line 333, in _solve
    parsed = wave_runner.parse_wave_solution(inst, sol, target_ids)
  File "/Users/fgod/Desktop/FGOD/Projects/UAS/WTA-Dn-branch01/dwta/wave_runner.py", line 106, in parse_wave_solution
    sol = _StaticSolution(inst, sol_path)
  File "/Users/fgod/Desktop/FGOD/Projects/UAS/WTA-Dn-branch01/cplex/validator.py", line 78, in __init__
    targets[t].append(w)
IndexError: list index out of range

==== [pipeline] s1_cplex attempt 4 at 2026-09-18 19:32:15 ====
DN-WTA v3 family evaluation
  split=test instances=dn_10x100_K10_s01.txt, dn_10x100_K10_s02.txt
  policy=cplex seeds=30 (base 42) timelimit=30s

=== dn_10x100_K10_s01.txt (m=10 n=100 K=10 mu=7 pool=70 total_value=8157) ===
  MC runs done: 10/30
[cleanup] removed tmp dir output/e40_v5_cplex/tmp
Traceback (most recent call last):
  File "/Users/fgod/Desktop/FGOD/Projects/UAS/WTA-Dn-branch01/experiments/dn_family_eval.py", line 364, in <module>
    sys.exit(main())
  File "/Users/fgod/Desktop/FGOD/Projects/UAS/WTA-Dn-branch01/experiments/dn_family_eval.py", line 284, in main
    runs.append(dn_env.simulate_dn(dn, seed, policy))
  File "/Users/fgod/Desktop/FGOD/Projects/UAS/WTA-Dn-branch01/dwta/dn_env.py", line 356, in simulate_dn
    return env.run(policy, log=log)
  File "/Users/fgod/Desktop/FGOD/Projects/UAS/WTA-Dn-branch01/dwta/dn_env.py", line 252, in run
    actions, info = policy.act(self, t)
  File "/Users/fgod/Desktop/FGOD/Projects/UAS/WTA-Dn-branch01/dwta/dn_policies.py", line 371, in act
    assignment, objective, solved, detail = self._solve(env, t)
  File "/Users/fgod/Desktop/FGOD/Projects/UAS/WTA-Dn-branch01/dwta/dn_policies.py", line 333, in _solve
    parsed = wave_runner.parse_wave_solution(inst, sol, target_ids)
  File "/Users/fgod/Desktop/FGOD/Projects/UAS/WTA-Dn-branch01/dwta/wave_runner.py", line 106, in parse_wave_solution
    sol = _StaticSolution(inst, sol_path)
  File "/Users/fgod/Desktop/FGOD/Projects/UAS/WTA-Dn-branch01/cplex/validator.py", line 78, in __init__
    targets[t].append(w)
IndexError: list index out of range
