[S1] CPLEX 30-seed formal evaluation
DN-WTA v3 family evaluation
  split=test instances=dn_5x100_K10_s01.txt, dn_5x100_K10_s02.txt
  policy=cplex seeds=30 (base 42) timelimit=30s

=== dn_5x100_K10_s01.txt (m=5 n=100 K=10 mu=6 pool=30 total_value=8157) ===
  MC runs done: 10/30
  MC runs done: 20/30
  MC runs done: 30/30
  leak rate 0.711217 +- 0.018272 | shots 30.0 | destroyed value 2355.6

=== dn_5x100_K10_s02.txt (m=5 n=100 K=10 mu=6 pool=30 total_value=7616) ===
  MC runs done: 10/30
  MC runs done: 20/30
  MC runs done: 30/30
  leak rate 0.679613 +- 0.020681 | shots 30.0 | destroyed value 2440.1
[cleanup] removed tmp dir output/e30_v4_cplex/tmp

reports written: output/e30_v4_cplex/family_report.json, output/e30_v4_cplex/family_report.md
family leak rate: 0.6954 +- 0.0158 [worst 0.7112]
[S1] GA main arm p40 g50
DN-WTA v3 family evaluation
  split=test instances=dn_5x100_K10_s01.txt, dn_5x100_K10_s02.txt
  policy=ga (with per-step CPLEX reference) seeds=30 (base 42) timelimit=30s

=== dn_5x100_K10_s01.txt (m=5 n=100 K=10 mu=6 pool=30 total_value=8157) ===
  MC runs done: 10/30
  MC runs done: 20/30
  MC runs done: 30/30
  leak rate 0.719472 +- 0.023266 | shots 30.0 | destroyed value 2288.3

=== dn_5x100_K10_s02.txt (m=5 n=100 K=10 mu=6 pool=30 total_value=7616) ===
  MC runs done: 10/30
  MC runs done: 20/30
  MC runs done: 30/30
  leak rate 0.688647 +- 0.024502 | shots 30.0 | destroyed value 2371.3
[cleanup] removed tmp dir output/e31_v4_ga/p40g50/tmp

reports written: output/e31_v4_ga/p40g50/family_report.json, output/e31_v4_ga/p40g50/family_report.md
family leak rate: 0.7041 +- 0.0154 [worst 0.7195]
[S1] GA sensitivity p20 g25
DN-WTA v3 family evaluation
  split=test instances=dn_5x100_K10_s01.txt, dn_5x100_K10_s02.txt
  policy=ga (with per-step CPLEX reference) seeds=30 (base 42) timelimit=30s

=== dn_5x100_K10_s01.txt (m=5 n=100 K=10 mu=6 pool=30 total_value=8157) ===
  MC runs done: 10/30
  MC runs done: 20/30
  MC runs done: 30/30
  leak rate 0.723791 +- 0.021958 | shots 30.0 | destroyed value 2253.0

=== dn_5x100_K10_s02.txt (m=5 n=100 K=10 mu=6 pool=30 total_value=7616) ===
  MC runs done: 10/30
  MC runs done: 20/30
  MC runs done: 30/30
  leak rate 0.693982 +- 0.025176 | shots 30.0 | destroyed value 2330.6
[cleanup] removed tmp dir output/e31_v4_ga/p20g25/tmp

reports written: output/e31_v4_ga/p20g25/family_report.json, output/e31_v4_ga/p20g25/family_report.md
family leak rate: 0.7089 +- 0.0149 [worst 0.7238]
[S1] GA sensitivity p80 g100
DN-WTA v3 family evaluation
  split=test instances=dn_5x100_K10_s01.txt, dn_5x100_K10_s02.txt
  policy=ga (with per-step CPLEX reference) seeds=30 (base 42) timelimit=30s

=== dn_5x100_K10_s01.txt (m=5 n=100 K=10 mu=6 pool=30 total_value=8157) ===
  MC runs done: 10/30
  MC runs done: 20/30
  MC runs done: 30/30
  leak rate 0.722198 +- 0.021780 | shots 30.0 | destroyed value 2266.0

=== dn_5x100_K10_s02.txt (m=5 n=100 K=10 mu=6 pool=30 total_value=7616) ===
  MC runs done: 10/30
  MC runs done: 20/30
  MC runs done: 30/30
  leak rate 0.684948 +- 0.026051 | shots 30.0 | destroyed value 2399.4
[cleanup] removed tmp dir output/e31_v4_ga/p80g100/tmp

reports written: output/e31_v4_ga/p80g100/family_report.json, output/e31_v4_ga/p80g100/family_report.md
family leak rate: 0.7036 +- 0.0186 [worst 0.7222]
[S2] Random 30 seeds
DN-WTA v3 family evaluation
  split=test instances=dn_5x100_K10_s01.txt, dn_5x100_K10_s02.txt
  policy=random seeds=30 (base 42) timelimit=30s

=== dn_5x100_K10_s01.txt (m=5 n=100 K=10 mu=6 pool=30 total_value=8157) ===
  MC runs done: 10/30
  MC runs done: 20/30
  MC runs done: 30/30
  leak rate 0.840546 +- 0.022072 | shots 30.0 | destroyed value 1300.7

=== dn_5x100_K10_s02.txt (m=5 n=100 K=10 mu=6 pool=30 total_value=7616) ===
  MC runs done: 10/30
  MC runs done: 20/30
  MC runs done: 30/30
  leak rate 0.843820 +- 0.023885 | shots 30.0 | destroyed value 1189.5
[cleanup] removed tmp dir output/e32_v4_baselines/random/tmp

reports written: output/e32_v4_baselines/random/family_report.json, output/e32_v4_baselines/random/family_report.md
family leak rate: 0.8422 +- 0.0016 [worst 0.8438]
[S2] Greedy-Nearest 30 seeds
DN-WTA v3 family evaluation
  split=test instances=dn_5x100_K10_s01.txt, dn_5x100_K10_s02.txt
  policy=greedy_nearest (with per-step CPLEX reference) seeds=30 (base 42) timelimit=30s

=== dn_5x100_K10_s01.txt (m=5 n=100 K=10 mu=6 pool=30 total_value=8157) ===
  MC runs done: 10/30
  MC runs done: 20/30
  MC runs done: 30/30
  leak rate 0.916395 +- 0.003412 | shots 30.0 | destroyed value 682.0

=== dn_5x100_K10_s02.txt (m=5 n=100 K=10 mu=6 pool=30 total_value=7616) ===
  MC runs done: 10/30
  MC runs done: 20/30
  MC runs done: 30/30
  leak rate 0.933167 +- 0.005415 | shots 30.0 | destroyed value 509.0
[cleanup] removed tmp dir output/e32_v4_baselines/greedy_nearest/tmp

reports written: output/e32_v4_baselines/greedy_nearest/family_report.json, output/e32_v4_baselines/greedy_nearest/family_report.md
family leak rate: 0.9248 +- 0.0084 [worst 0.9332]
[S2] Greedy-Threat 30 seeds
DN-WTA v3 family evaluation
  split=test instances=dn_5x100_K10_s01.txt, dn_5x100_K10_s02.txt
  policy=greedy_threat (with per-step CPLEX reference) seeds=30 (base 42) timelimit=30s

=== dn_5x100_K10_s01.txt (m=5 n=100 K=10 mu=6 pool=30 total_value=8157) ===
  MC runs done: 10/30
  MC runs done: 20/30
  MC runs done: 30/30
  leak rate 0.915635 +- 0.006020 | shots 30.0 | destroyed value 688.2

=== dn_5x100_K10_s02.txt (m=5 n=100 K=10 mu=6 pool=30 total_value=7616) ===
  MC runs done: 10/30
  MC runs done: 20/30
  MC runs done: 30/30
  leak rate 0.907230 +- 0.005142 | shots 30.0 | destroyed value 706.5
[cleanup] removed tmp dir output/e32_v4_baselines/greedy_threat/tmp

reports written: output/e32_v4_baselines/greedy_threat/family_report.json, output/e32_v4_baselines/greedy_threat/family_report.md
family leak rate: 0.9114 +- 0.0042 [worst 0.9156]
[S1+S2] ALL DONE
