
==== [pipeline] s3_mappo attempt 1 at 2026-09-18 23:21:21 ====
device=mps actor_params=10242
[mappo iter     25] train 0.7206 | val 1.0000+-0.0000 | tau 0.99 | 52s
[hb] iter=30 elapsed=61s budget=2.5h
[mappo iter     50] train 0.6605 | val 1.0000+-0.0000 | tau 0.99 | 101s
[hb] iter=61 elapsed=121s budget=2.5h
[mappo iter     75] train 0.6985 | val 1.0000+-0.0000 | tau 0.98 | 152s
[hb] iter=92 elapsed=183s budget=2.5h
[mappo iter    100] train 0.6583 | val 1.0000+-0.0000 | tau 0.98 | 202s
[hb] iter=123 elapsed=244s budget=2.5h
[mappo iter    125] train 0.6687 | val 1.0000+-0.0000 | tau 0.97 | 253s
[mappo iter    150] train 0.6654 | val 1.0000+-0.0000 | tau 0.96 | 304s
[hb] iter=150 elapsed=304s budget=2.5h
[mappo iter    175] train 0.6659 | val 1.0000+-0.0000 | tau 0.96 | 356s
[hb] iter=180 elapsed=366s budget=2.5h
[mappo iter    200] train 0.6642 | val 1.0000+-0.0000 | tau 0.95 | 406s
[hb] iter=212 elapsed=426s budget=2.5h
[mappo iter    225] train 0.6590 | val 1.0000+-0.0000 | tau 0.94 | 454s
[hb] iter=245 elapsed=488s budget=2.5h
[mappo iter    250] train 0.6550 | val 1.0000+-0.0000 | tau 0.94 | 502s
[mappo iter    275] train 0.6502 | val 1.0000+-0.0000 | tau 0.93 | 550s
[hb] iter=275 elapsed=550s budget=2.5h
[mappo iter    300] train 0.6537 | val 1.0000+-0.0000 | tau 0.93 | 598s
[hb] iter=308 elapsed=611s budget=2.5h
[mappo iter    325] train 0.6378 | val 1.0000+-0.0000 | tau 0.92 | 646s
mappo training done: early_stop | best val 1.0000 | wall 646s

==== [pipeline] s3_mappo attempt 1 at 2026-09-19 20:03:14 ====
device=mps actor_params=10242
[mappo iter     25] train 0.7135 | val 1.0000+-0.0000 | tau 0.99 | 52s
[hb] iter=30 elapsed=61s budget=2.5h
[mappo iter     50] train 0.6837 | val 1.0000+-0.0000 | tau 0.99 | 102s
[hb] iter=61 elapsed=121s budget=2.5h
[mappo iter     75] train 0.6939 | val 1.0000+-0.0000 | tau 0.98 | 151s
[hb] iter=92 elapsed=181s budget=2.5h
[mappo iter    100] train 0.6931 | val 1.0000+-0.0000 | tau 0.98 | 201s
[hb] iter=123 elapsed=241s budget=2.5h
[mappo iter    125] train 0.6760 | val 1.0000+-0.0000 | tau 0.97 | 250s
[mappo iter    150] train 0.6821 | val 1.0000+-0.0000 | tau 0.96 | 300s
[hb] iter=151 elapsed=302s budget=2.5h
[mappo iter    175] train 0.6612 | val 1.0000+-0.0000 | tau 0.96 | 350s
[hb] iter=182 elapsed=362s budget=2.5h
[mappo iter    200] train 0.6680 | val 1.0000+-0.0000 | tau 0.95 | 399s
[hb] iter=214 elapsed=423s budget=2.5h
[mappo iter    225] train 0.6661 | val 1.0000+-0.0000 | tau 0.94 | 448s
[hb] iter=245 elapsed=483s budget=2.5h
[mappo iter    250] train 0.6699 | val 1.0000+-0.0000 | tau 0.94 | 498s
[mappo iter    275] train 0.6632 | val 1.0000+-0.0000 | tau 0.93 | 548s
[hb] iter=275 elapsed=548s budget=2.5h
[mappo iter    300] train 0.6672 | val 1.0000+-0.0000 | tau 0.93 | 603s
[hb] iter=303 elapsed=610s budget=2.5h
[mappo iter    325] train 0.6649 | val 1.0000+-0.0000 | tau 0.92 | 657s
[hb] iter=332 elapsed=671s budget=2.5h
[mappo iter    350] train 0.6585 | val 1.0000+-0.0000 | tau 0.91 | 713s
[hb] iter=360 elapsed=732s budget=2.5h
[mappo iter    375] train 0.6350 | val 1.0000+-0.0000 | tau 0.91 | 770s
[hb] iter=386 elapsed=793s budget=2.5h
[mappo iter    400] train 0.6508 | val 1.0000+-0.0000 | tau 0.90 | 827s
[hb] iter=414 elapsed=853s budget=2.5h
[mappo iter    425] train 0.6286 | val 1.0000+-0.0000 | tau 0.89 | 880s
[hb] iter=443 elapsed=914s budget=2.5h
[mappo iter    450] train 0.6451 | val 1.0000+-0.0000 | tau 0.89 | 933s
[hb] iter=473 elapsed=975s budget=2.5h
[mappo iter    475] train 0.6495 | val 1.0000+-0.0000 | tau 0.88 | 984s
[mappo iter    500] train 0.6429 | val 1.0000+-0.0000 | tau 0.88 | 1036s
[hb] iter=500 elapsed=1036s budget=2.5h
[mappo iter    525] train 0.6080 | val 1.0000+-0.0000 | tau 0.87 | 1094s
[hb] iter=527 elapsed=1098s budget=2.5h
[mappo iter    550] train 0.6391 | val 1.0000+-0.0000 | tau 0.86 | 1144s
[hb] iter=559 elapsed=1158s budget=2.5h
[mappo iter    575] train 0.5860 | val 1.0000+-0.0000 | tau 0.86 | 1189s
[hb] iter=593 elapsed=1219s budget=2.5h
[mappo iter    600] train 0.6232 | val 1.0000+-0.0000 | tau 0.85 | 1235s
[mappo iter    625] train 0.6052 | val 1.0000+-0.0000 | tau 0.84 | 1276s
[hb] iter=627 elapsed=1279s budget=2.5h
[mappo iter    650] train 0.5795 | val 1.0000+-0.0000 | tau 0.84 | 1316s
[hb] iter=667 elapsed=1340s budget=2.5h
[mappo iter    675] train 0.5949 | val 1.0000+-0.0000 | tau 0.83 | 1356s
[mappo iter    700] train 0.6028 | val 1.0000+-0.0000 | tau 0.83 | 1397s
[hb] iter=702 elapsed=1400s budget=2.5h
[mappo iter    725] train 0.5609 | val 1.0000+-0.0000 | tau 0.82 | 1450s
[hb] iter=731 elapsed=1460s budget=2.5h
[mappo iter    750] train 0.5900 | val 0.9206+-0.0210 | tau 0.81 | 1490s
[hb] iter=773 elapsed=1521s budget=2.5h
[mappo iter    775] train 0.5936 | val 0.7569+-0.0168 | tau 0.81 | 1528s
[mappo iter    800] train 0.5986 | val 0.9654+-0.0209 | tau 0.80 | 1564s
[hb] iter=813 elapsed=1582s budget=2.5h
[mappo iter    825] train 0.5673 | val 0.8715+-0.0173 | tau 0.79 | 1601s
[mappo iter    850] train 0.5773 | val 0.8744+-0.0242 | tau 0.79 | 1638s
[hb] iter=853 elapsed=1642s budget=2.5h
[mappo iter    875] train 0.5739 | val 0.8665+-0.0218 | tau 0.78 | 1674s
[hb] iter=896 elapsed=1702s budget=2.5h
[mappo iter    900] train 0.5653 | val 0.7612+-0.0381 | tau 0.78 | 1714s
[mappo iter    925] train 0.5517 | val 0.9436+-0.0134 | tau 0.77 | 1757s
[hb] iter=929 elapsed=1763s budget=2.5h
[mappo iter    950] train 0.5527 | val 0.6688+-0.0252 | tau 0.76 | 1800s
[hb] iter=965 elapsed=1823s budget=2.5h
[mappo iter    975] train 0.5470 | val 0.5933+-0.0267 | tau 0.76 | 1844s
[mappo iter   1000] train 0.5629 | val 0.8480+-0.0159 | tau 0.75 | 1888s
[hb] iter=1000 elapsed=1888s budget=2.5h
[mappo iter   1025] train 0.5692 | val 0.7432+-0.0384 | tau 0.74 | 1931s
[hb] iter=1036 elapsed=1948s budget=2.5h
[mappo iter   1050] train 0.5559 | val 0.5529+-0.0394 | tau 0.74 | 1974s
[hb] iter=1073 elapsed=2008s budget=2.5h
[mappo iter   1075] train 0.5787 | val 0.5321+-0.0516 | tau 0.73 | 2016s
[mappo iter   1100] train 0.5344 | val 0.8167+-0.0470 | tau 0.73 | 2056s
[hb] iter=1109 elapsed=2069s budget=2.5h
[mappo iter   1125] train 0.5564 | val 0.5564+-0.0331 | tau 0.72 | 2097s
[hb] iter=1148 elapsed=2130s budget=2.5h
[mappo iter   1150] train 0.5393 | val 0.6123+-0.0267 | tau 0.71 | 2137s
[mappo iter   1175] train 0.5350 | val 0.5732+-0.0291 | tau 0.71 | 2178s
[hb] iter=1184 elapsed=2191s budget=2.5h
[mappo iter   1200] train 0.5504 | val 0.5801+-0.0363 | tau 0.70 | 2222s
mappo training done: iters_done | best val 0.5321 | wall 2222s
