
==== [pipeline] s4_final_maddpg attempt 1 at 2026-09-19 07:11:58 ====
DN-WTA v3 family evaluation
  split=test instances=dn_10x100_K10_s01.txt, dn_10x100_K10_s02.txt
  policy=maddpg (with per-step CPLEX reference) seeds=30 (base 42) timelimit=30s

=== dn_10x100_K10_s01.txt (m=10 n=100 K=10 mu=7 pool=70 total_value=8157) ===
  MC runs done: 1/30
  MC runs done: 2/30
  MC runs done: 3/30
  MC runs done: 4/30
  MC runs done: 5/30
  MC runs done: 6/30
  MC runs done: 7/30
  MC runs done: 8/30
  MC runs done: 9/30
  MC runs done: 10/30
  MC runs done: 11/30
  MC runs done: 12/30
  MC runs done: 13/30
  MC runs done: 14/30
  MC runs done: 15/30
  MC runs done: 16/30
  MC runs done: 17/30
  MC runs done: 18/30
  MC runs done: 19/30
  MC runs done: 20/30
  MC runs done: 21/30
  MC runs done: 22/30
  MC runs done: 23/30
  MC runs done: 24/30
  MC runs done: 25/30
  MC runs done: 26/30
  MC runs done: 27/30
  MC runs done: 28/30
  MC runs done: 29/30
  MC runs done: 30/30
  leak rate 0.733628 +- 0.011867 | shots 70.0 | destroyed value 2172.8

=== dn_10x100_K10_s02.txt (m=10 n=100 K=10 mu=7 pool=70 total_value=7616) ===
  MC runs done: 1/30
  MC runs done: 2/30
  MC runs done: 3/30
  MC runs done: 4/30
  MC runs done: 5/30
  MC runs done: 6/30
  MC runs done: 7/30
  MC runs done: 8/30
  MC runs done: 9/30
  MC runs done: 10/30
  MC runs done: 11/30
  MC runs done: 12/30
  MC runs done: 13/30
  MC runs done: 14/30
  MC runs done: 15/30
  MC runs done: 16/30
  MC runs done: 17/30
  MC runs done: 18/30
  MC runs done: 19/30
  MC runs done: 20/30
  MC runs done: 21/30
  MC runs done: 22/30
  MC runs done: 23/30
  MC runs done: 24/30
  MC runs done: 25/30
  MC runs done: 26/30
  MC runs done: 27/30
  MC runs done: 28/30
  MC runs done: 29/30
  MC runs done: 30/30
  leak rate 0.679880 +- 0.016412 | shots 70.0 | destroyed value 2438.0
[cleanup] removed tmp dir output/e44_v5_final_maddpg/tmp

reports written: output/e44_v5_final_maddpg/family_report.json, output/e44_v5_final_maddpg/family_report.md
family leak rate: 0.7068 +- 0.0269 [worst 0.7336]
