
==== [pipeline] s4_gen_ecmappo_train attempt 1 at 2026-09-19 06:53:58 ====
DN-WTA v3 family evaluation
  split=train instances=dn_10x100_K10_s03.txt, dn_10x100_K10_s04.txt, dn_10x100_K10_s05.txt, dn_10x100_K10_s06.txt, dn_10x100_K10_s07.txt, dn_10x100_K10_s08.txt, dn_10x100_K10_s09.txt, dn_10x100_K10_s10.txt, dn_10x100_K10_s11.txt, dn_10x100_K10_s12.txt, dn_10x100_K10_s13.txt, dn_10x100_K10_s14.txt, dn_10x100_K10_s15.txt, dn_10x100_K10_s16.txt, dn_10x100_K10_s17.txt, dn_10x100_K10_s18.txt, dn_10x100_K10_s19.txt, dn_10x100_K10_s20.txt, dn_10x100_K10_s21.txt, dn_10x100_K10_s22.txt, dn_10x100_K10_s23.txt, dn_10x100_K10_s24.txt, dn_10x100_K10_s25.txt, dn_10x100_K10_s26.txt
  policy=ecmappo seeds=10 (base 42) timelimit=30s

=== dn_10x100_K10_s03.txt (m=10 n=100 K=10 mu=7 pool=70 total_value=8419) ===
  MC runs done: 1/10
  MC runs done: 2/10
  MC runs done: 3/10
  MC runs done: 4/10
  MC runs done: 5/10
  MC runs done: 6/10
  MC runs done: 7/10
  MC runs done: 8/10
  MC runs done: 9/10
  MC runs done: 10/10
  leak rate 0.456503 +- 0.020512 | shots 70.0 | destroyed value 4575.7

=== dn_10x100_K10_s04.txt (m=10 n=100 K=10 mu=7 pool=70 total_value=8817) ===
  MC runs done: 1/10
  MC runs done: 2/10
  MC runs done: 3/10
  MC runs done: 4/10
  MC runs done: 5/10
  MC runs done: 6/10
  MC runs done: 7/10
  MC runs done: 8/10
  MC runs done: 9/10
  MC runs done: 10/10
  leak rate 0.433016 +- 0.012752 | shots 68.2 | destroyed value 4999.1

=== dn_10x100_K10_s05.txt (m=10 n=100 K=10 mu=7 pool=70 total_value=10196) ===
  MC runs done: 1/10
  MC runs done: 2/10
  MC runs done: 3/10
  MC runs done: 4/10
  MC runs done: 5/10
  MC runs done: 6/10
  MC runs done: 7/10
  MC runs done: 8/10
  MC runs done: 9/10
  MC runs done: 10/10
  leak rate 0.475461 +- 0.014955 | shots 62.0 | destroyed value 5348.2

=== dn_10x100_K10_s06.txt (m=10 n=100 K=10 mu=7 pool=70 total_value=8176) ===
  MC runs done: 1/10
  MC runs done: 2/10
  MC runs done: 3/10
  MC runs done: 4/10
  MC runs done: 5/10
  MC runs done: 6/10
  MC runs done: 7/10
  MC runs done: 8/10
  MC runs done: 9/10
  MC runs done: 10/10
  leak rate 0.413662 +- 0.009757 | shots 70.0 | destroyed value 4793.9

=== dn_10x100_K10_s07.txt (m=10 n=100 K=10 mu=7 pool=70 total_value=8985) ===
  MC runs done: 1/10
  MC runs done: 2/10
  MC runs done: 3/10
  MC runs done: 4/10
  MC runs done: 5/10
  MC runs done: 6/10
  MC runs done: 7/10
  MC runs done: 8/10
  MC runs done: 9/10
  MC runs done: 10/10
  leak rate 0.450595 +- 0.018143 | shots 70.0 | destroyed value 4936.4

=== dn_10x100_K10_s08.txt (m=10 n=100 K=10 mu=7 pool=70 total_value=9141) ===
  MC runs done: 1/10
  MC runs done: 2/10
  MC runs done: 3/10
  MC runs done: 4/10
  MC runs done: 5/10
  MC runs done: 6/10
  MC runs done: 7/10
  MC runs done: 8/10
  MC runs done: 9/10
  MC runs done: 10/10
  leak rate 0.467618 +- 0.007304 | shots 69.7 | destroyed value 4866.5

=== dn_10x100_K10_s09.txt (m=10 n=100 K=10 mu=7 pool=70 total_value=8511) ===
  MC runs done: 1/10
  MC runs done: 2/10
  MC runs done: 3/10
  MC runs done: 4/10
  MC runs done: 5/10
  MC runs done: 6/10
  MC runs done: 7/10
  MC runs done: 8/10
  MC runs done: 9/10
  MC runs done: 10/10
  leak rate 0.433181 +- 0.018943 | shots 70.0 | destroyed value 4824.2

=== dn_10x100_K10_s10.txt (m=10 n=100 K=10 mu=7 pool=70 total_value=9155) ===
  MC runs done: 1/10
  MC runs done: 2/10
  MC runs done: 3/10
  MC runs done: 4/10
  MC runs done: 5/10
  MC runs done: 6/10
  MC runs done: 7/10
  MC runs done: 8/10
  MC runs done: 9/10
  MC runs done: 10/10
  leak rate 0.447155 +- 0.011965 | shots 70.0 | destroyed value 5061.3

=== dn_10x100_K10_s11.txt (m=10 n=100 K=10 mu=7 pool=70 total_value=8850) ===
  MC runs done: 1/10
  MC runs done: 2/10
  MC runs done: 3/10
  MC runs done: 4/10
  MC runs done: 5/10
  MC runs done: 6/10
  MC runs done: 7/10
  MC runs done: 8/10
  MC runs done: 9/10
  MC runs done: 10/10
  leak rate 0.442475 +- 0.019173 | shots 70.0 | destroyed value 4934.1

=== dn_10x100_K10_s12.txt (m=10 n=100 K=10 mu=7 pool=70 total_value=8909) ===
  MC runs done: 1/10
  MC runs done: 2/10
  MC runs done: 3/10
  MC runs done: 4/10
  MC runs done: 5/10
  MC runs done: 6/10
  MC runs done: 7/10
  MC runs done: 8/10
  MC runs done: 9/10
  MC runs done: 10/10
  leak rate 0.459558 +- 0.016443 | shots 70.0 | destroyed value 4814.8

=== dn_10x100_K10_s13.txt (m=10 n=100 K=10 mu=7 pool=70 total_value=9905) ===
  MC runs done: 1/10
  MC runs done: 2/10
  MC runs done: 3/10
  MC runs done: 4/10
  MC runs done: 5/10
  MC runs done: 6/10
  MC runs done: 7/10
  MC runs done: 8/10
  MC runs done: 9/10
  MC runs done: 10/10
  leak rate 0.464644 +- 0.013827 | shots 68.0 | destroyed value 5302.7

=== dn_10x100_K10_s14.txt (m=10 n=100 K=10 mu=7 pool=70 total_value=9190) ===
  MC runs done: 1/10
  MC runs done: 2/10
  MC runs done: 3/10
  MC runs done: 4/10
  MC runs done: 5/10
  MC runs done: 6/10
  MC runs done: 7/10
  MC runs done: 8/10
  MC runs done: 9/10
  MC runs done: 10/10
  leak rate 0.422220 +- 0.012489 | shots 67.0 | destroyed value 5309.8

=== dn_10x100_K10_s15.txt (m=10 n=100 K=10 mu=7 pool=70 total_value=7913) ===
  MC runs done: 1/10
  MC runs done: 2/10
  MC runs done: 3/10
  MC runs done: 4/10
  MC runs done: 5/10
  MC runs done: 6/10
  MC runs done: 7/10
  MC runs done: 8/10
  MC runs done: 9/10
  MC runs done: 10/10
  leak rate 0.405636 +- 0.017556 | shots 70.0 | destroyed value 4703.2

=== dn_10x100_K10_s16.txt (m=10 n=100 K=10 mu=7 pool=70 total_value=8526) ===
  MC runs done: 1/10
  MC runs done: 2/10
  MC runs done: 3/10
  MC runs done: 4/10
  MC runs done: 5/10
  MC runs done: 6/10
  MC runs done: 7/10
  MC runs done: 8/10
  MC runs done: 9/10
  MC runs done: 10/10
  leak rate 0.488529 +- 0.018782 | shots 63.0 | destroyed value 4360.8

=== dn_10x100_K10_s17.txt (m=10 n=100 K=10 mu=7 pool=70 total_value=9044) ===
  MC runs done: 1/10
  MC runs done: 2/10
  MC runs done: 3/10
  MC runs done: 4/10
  MC runs done: 5/10
  MC runs done: 6/10
  MC runs done: 7/10
  MC runs done: 8/10
  MC runs done: 9/10
  MC runs done: 10/10
  leak rate 0.519715 +- 0.009224 | shots 58.0 | destroyed value 4343.7

=== dn_10x100_K10_s18.txt (m=10 n=100 K=10 mu=7 pool=70 total_value=9002) ===
  MC runs done: 1/10
  MC runs done: 2/10
  MC runs done: 3/10
  MC runs done: 4/10
  MC runs done: 5/10
  MC runs done: 6/10
  MC runs done: 7/10
  MC runs done: 8/10
  MC runs done: 9/10
  MC runs done: 10/10
  leak rate 0.466196 +- 0.016266 | shots 70.0 | destroyed value 4805.3

=== dn_10x100_K10_s19.txt (m=10 n=100 K=10 mu=7 pool=70 total_value=8810) ===
  MC runs done: 1/10
  MC runs done: 2/10
  MC runs done: 3/10
  MC runs done: 4/10
  MC runs done: 5/10
  MC runs done: 6/10
  MC runs done: 7/10
  MC runs done: 8/10
  MC runs done: 9/10
  MC runs done: 10/10
  leak rate 0.419205 +- 0.020303 | shots 70.0 | destroyed value 5116.8

=== dn_10x100_K10_s20.txt (m=10 n=100 K=10 mu=7 pool=70 total_value=7875) ===
  MC runs done: 1/10
  MC runs done: 2/10
  MC runs done: 3/10
  MC runs done: 4/10
  MC runs done: 5/10
  MC runs done: 6/10
  MC runs done: 7/10
  MC runs done: 8/10
  MC runs done: 9/10
  MC runs done: 10/10
  leak rate 0.373143 +- 0.021571 | shots 70.0 | destroyed value 4936.5

=== dn_10x100_K10_s21.txt (m=10 n=100 K=10 mu=7 pool=70 total_value=8376) ===
  MC runs done: 1/10
  MC runs done: 2/10
  MC runs done: 3/10
  MC runs done: 4/10
  MC runs done: 5/10
  MC runs done: 6/10
  MC runs done: 7/10
  MC runs done: 8/10
  MC runs done: 9/10
  MC runs done: 10/10
  leak rate 0.415915 +- 0.015025 | shots 70.0 | destroyed value 4892.3

=== dn_10x100_K10_s22.txt (m=10 n=100 K=10 mu=7 pool=70 total_value=9389) ===
  MC runs done: 1/10
  MC runs done: 2/10
  MC runs done: 3/10
  MC runs done: 4/10
  MC runs done: 5/10
  MC runs done: 6/10
  MC runs done: 7/10
  MC runs done: 8/10
  MC runs done: 9/10
  MC runs done: 10/10
  leak rate 0.451592 +- 0.011936 | shots 70.0 | destroyed value 5149.0

=== dn_10x100_K10_s23.txt (m=10 n=100 K=10 mu=7 pool=70 total_value=9402) ===
  MC runs done: 1/10
  MC runs done: 2/10
  MC runs done: 3/10
  MC runs done: 4/10
  MC runs done: 5/10
  MC runs done: 6/10
  MC runs done: 7/10
  MC runs done: 8/10
  MC runs done: 9/10
  MC runs done: 10/10
  leak rate 0.480536 +- 0.018182 | shots 70.0 | destroyed value 4884.0

=== dn_10x100_K10_s24.txt (m=10 n=100 K=10 mu=7 pool=70 total_value=8684) ===
  MC runs done: 1/10
  MC runs done: 2/10
  MC runs done: 3/10
  MC runs done: 4/10
  MC runs done: 5/10
  MC runs done: 6/10
  MC runs done: 7/10
  MC runs done: 8/10
  MC runs done: 9/10
  MC runs done: 10/10
  leak rate 0.366467 +- 0.011688 | shots 70.0 | destroyed value 5501.6

=== dn_10x100_K10_s25.txt (m=10 n=100 K=10 mu=7 pool=70 total_value=8264) ===
  MC runs done: 1/10
  MC runs done: 2/10
  MC runs done: 3/10
  MC runs done: 4/10
  MC runs done: 5/10
  MC runs done: 6/10
  MC runs done: 7/10
  MC runs done: 8/10
  MC runs done: 9/10
  MC runs done: 10/10
  leak rate 0.454272 +- 0.011352 | shots 70.0 | destroyed value 4509.9

=== dn_10x100_K10_s26.txt (m=10 n=100 K=10 mu=7 pool=70 total_value=8976) ===
  MC runs done: 1/10
  MC runs done: 2/10
  MC runs done: 3/10
  MC runs done: 4/10
  MC runs done: 5/10
  MC runs done: 6/10
  MC runs done: 7/10
  MC runs done: 8/10
  MC runs done: 9/10
  MC runs done: 10/10
  leak rate 0.429980 +- 0.024463 | shots 70.0 | destroyed value 5116.5
[cleanup] removed tmp dir output/e45_v5_gen_ecmappo_train/tmp

reports written: output/e45_v5_gen_ecmappo_train/family_report.json, output/e45_v5_gen_ecmappo_train/family_report.md
family leak rate: 0.4432 +- 0.0341 [worst 0.5197]
