
==== [pipeline] s4_gen_qmix_train attempt 1 at 2026-09-19 07:10:28 ====
DN-WTA v3 family evaluation
  split=train instances=dn_10x100_K10_s03.txt, dn_10x100_K10_s04.txt, dn_10x100_K10_s05.txt, dn_10x100_K10_s06.txt, dn_10x100_K10_s07.txt, dn_10x100_K10_s08.txt, dn_10x100_K10_s09.txt, dn_10x100_K10_s10.txt, dn_10x100_K10_s11.txt, dn_10x100_K10_s12.txt, dn_10x100_K10_s13.txt, dn_10x100_K10_s14.txt, dn_10x100_K10_s15.txt, dn_10x100_K10_s16.txt, dn_10x100_K10_s17.txt, dn_10x100_K10_s18.txt, dn_10x100_K10_s19.txt, dn_10x100_K10_s20.txt, dn_10x100_K10_s21.txt, dn_10x100_K10_s22.txt, dn_10x100_K10_s23.txt, dn_10x100_K10_s24.txt, dn_10x100_K10_s25.txt, dn_10x100_K10_s26.txt
  policy=qmix seeds=10 (base 42) timelimit=30s

=== dn_10x100_K10_s03.txt (m=10 n=100 K=10 mu=7 pool=70 total_value=8419) ===
  MC runs done: 1/10
  MC runs done: 2/10
  MC runs done: 3/10
  MC runs done: 4/10
  MC runs done: 5/10
  MC runs done: 6/10
  MC runs done: 7/10
  MC runs done: 8/10
  MC runs done: 9/10
  MC runs done: 10/10
  leak rate 0.748996 +- 0.013032 | shots 70.0 | destroyed value 2113.2

=== dn_10x100_K10_s04.txt (m=10 n=100 K=10 mu=7 pool=70 total_value=8817) ===
  MC runs done: 1/10
  MC runs done: 2/10
  MC runs done: 3/10
  MC runs done: 4/10
  MC runs done: 5/10
  MC runs done: 6/10
  MC runs done: 7/10
  MC runs done: 8/10
  MC runs done: 9/10
  MC runs done: 10/10
  leak rate 0.751185 +- 0.015744 | shots 70.0 | destroyed value 2193.8

=== dn_10x100_K10_s05.txt (m=10 n=100 K=10 mu=7 pool=70 total_value=10196) ===
  MC runs done: 1/10
  MC runs done: 2/10
  MC runs done: 3/10
  MC runs done: 4/10
  MC runs done: 5/10
  MC runs done: 6/10
  MC runs done: 7/10
  MC runs done: 8/10
  MC runs done: 9/10
  MC runs done: 10/10
  leak rate 0.781355 +- 0.011740 | shots 70.0 | destroyed value 2229.3

=== dn_10x100_K10_s06.txt (m=10 n=100 K=10 mu=7 pool=70 total_value=8176) ===
  MC runs done: 1/10
  MC runs done: 2/10
  MC runs done: 3/10
  MC runs done: 4/10
  MC runs done: 5/10
  MC runs done: 6/10
  MC runs done: 7/10
  MC runs done: 8/10
  MC runs done: 9/10
  MC runs done: 10/10
  leak rate 0.760678 +- 0.023644 | shots 70.0 | destroyed value 1956.7

=== dn_10x100_K10_s07.txt (m=10 n=100 K=10 mu=7 pool=70 total_value=8985) ===
  MC runs done: 1/10
  MC runs done: 2/10
  MC runs done: 3/10
  MC runs done: 4/10
  MC runs done: 5/10
  MC runs done: 6/10
  MC runs done: 7/10
  MC runs done: 8/10
  MC runs done: 9/10
  MC runs done: 10/10
  leak rate 0.774925 +- 0.016962 | shots 70.0 | destroyed value 2022.3

=== dn_10x100_K10_s08.txt (m=10 n=100 K=10 mu=7 pool=70 total_value=9141) ===
  MC runs done: 1/10
  MC runs done: 2/10
  MC runs done: 3/10
  MC runs done: 4/10
  MC runs done: 5/10
  MC runs done: 6/10
  MC runs done: 7/10
  MC runs done: 8/10
  MC runs done: 9/10
  MC runs done: 10/10
  leak rate 0.763232 +- 0.017403 | shots 70.0 | destroyed value 2164.3

=== dn_10x100_K10_s09.txt (m=10 n=100 K=10 mu=7 pool=70 total_value=8511) ===
  MC runs done: 1/10
  MC runs done: 2/10
  MC runs done: 3/10
  MC runs done: 4/10
  MC runs done: 5/10
  MC runs done: 6/10
  MC runs done: 7/10
  MC runs done: 8/10
  MC runs done: 9/10
  MC runs done: 10/10
  leak rate 0.712055 +- 0.018325 | shots 70.0 | destroyed value 2450.7

=== dn_10x100_K10_s10.txt (m=10 n=100 K=10 mu=7 pool=70 total_value=9155) ===
  MC runs done: 1/10
  MC runs done: 2/10
  MC runs done: 3/10
  MC runs done: 4/10
  MC runs done: 5/10
  MC runs done: 6/10
  MC runs done: 7/10
  MC runs done: 8/10
  MC runs done: 9/10
  MC runs done: 10/10
  leak rate 0.730311 +- 0.016294 | shots 70.0 | destroyed value 2469.0

=== dn_10x100_K10_s11.txt (m=10 n=100 K=10 mu=7 pool=70 total_value=8850) ===
  MC runs done: 1/10
  MC runs done: 2/10
  MC runs done: 3/10
  MC runs done: 4/10
  MC runs done: 5/10
  MC runs done: 6/10
  MC runs done: 7/10
  MC runs done: 8/10
  MC runs done: 9/10
  MC runs done: 10/10
  leak rate 0.759288 +- 0.018150 | shots 70.0 | destroyed value 2130.3

=== dn_10x100_K10_s12.txt (m=10 n=100 K=10 mu=7 pool=70 total_value=8909) ===
  MC runs done: 1/10
  MC runs done: 2/10
  MC runs done: 3/10
  MC runs done: 4/10
  MC runs done: 5/10
  MC runs done: 6/10
  MC runs done: 7/10
  MC runs done: 8/10
  MC runs done: 9/10
  MC runs done: 10/10
  leak rate 0.776260 +- 0.016428 | shots 70.0 | destroyed value 1993.3

=== dn_10x100_K10_s13.txt (m=10 n=100 K=10 mu=7 pool=70 total_value=9905) ===
  MC runs done: 1/10
  MC runs done: 2/10
  MC runs done: 3/10
  MC runs done: 4/10
  MC runs done: 5/10
  MC runs done: 6/10
  MC runs done: 7/10
  MC runs done: 8/10
  MC runs done: 9/10
  MC runs done: 10/10
  leak rate 0.729965 +- 0.018938 | shots 70.0 | destroyed value 2674.7

=== dn_10x100_K10_s14.txt (m=10 n=100 K=10 mu=7 pool=70 total_value=9190) ===
  MC runs done: 1/10
  MC runs done: 2/10
  MC runs done: 3/10
  MC runs done: 4/10
  MC runs done: 5/10
  MC runs done: 6/10
  MC runs done: 7/10
  MC runs done: 8/10
  MC runs done: 9/10
  MC runs done: 10/10
  leak rate 0.747573 +- 0.020218 | shots 70.0 | destroyed value 2319.8

=== dn_10x100_K10_s15.txt (m=10 n=100 K=10 mu=7 pool=70 total_value=7913) ===
  MC runs done: 1/10
  MC runs done: 2/10
  MC runs done: 3/10
  MC runs done: 4/10
  MC runs done: 5/10
  MC runs done: 6/10
  MC runs done: 7/10
  MC runs done: 8/10
  MC runs done: 9/10
  MC runs done: 10/10
  leak rate 0.743372 +- 0.018604 | shots 70.0 | destroyed value 2030.7

=== dn_10x100_K10_s16.txt (m=10 n=100 K=10 mu=7 pool=70 total_value=8526) ===
  MC runs done: 1/10
  MC runs done: 2/10
  MC runs done: 3/10
  MC runs done: 4/10
  MC runs done: 5/10
  MC runs done: 6/10
  MC runs done: 7/10
  MC runs done: 8/10
  MC runs done: 9/10
  MC runs done: 10/10
  leak rate 0.747596 +- 0.015262 | shots 70.0 | destroyed value 2152.0

=== dn_10x100_K10_s17.txt (m=10 n=100 K=10 mu=7 pool=70 total_value=9044) ===
  MC runs done: 1/10
  MC runs done: 2/10
  MC runs done: 3/10
  MC runs done: 4/10
  MC runs done: 5/10
  MC runs done: 6/10
  MC runs done: 7/10
  MC runs done: 8/10
  MC runs done: 9/10
  MC runs done: 10/10
  leak rate 0.727101 +- 0.017730 | shots 70.0 | destroyed value 2468.1

=== dn_10x100_K10_s18.txt (m=10 n=100 K=10 mu=7 pool=70 total_value=9002) ===
  MC runs done: 1/10
  MC runs done: 2/10
  MC runs done: 3/10
  MC runs done: 4/10
  MC runs done: 5/10
  MC runs done: 6/10
  MC runs done: 7/10
  MC runs done: 8/10
  MC runs done: 9/10
  MC runs done: 10/10
  leak rate 0.768363 +- 0.022104 | shots 70.0 | destroyed value 2085.2

=== dn_10x100_K10_s19.txt (m=10 n=100 K=10 mu=7 pool=70 total_value=8810) ===
  MC runs done: 1/10
  MC runs done: 2/10
  MC runs done: 3/10
  MC runs done: 4/10
  MC runs done: 5/10
  MC runs done: 6/10
  MC runs done: 7/10
  MC runs done: 8/10
  MC runs done: 9/10
  MC runs done: 10/10
  leak rate 0.756844 +- 0.012602 | shots 70.0 | destroyed value 2142.2

=== dn_10x100_K10_s20.txt (m=10 n=100 K=10 mu=7 pool=70 total_value=7875) ===
  MC runs done: 1/10
  MC runs done: 2/10
  MC runs done: 3/10
  MC runs done: 4/10
  MC runs done: 5/10
  MC runs done: 6/10
  MC runs done: 7/10
  MC runs done: 8/10
  MC runs done: 9/10
  MC runs done: 10/10
  leak rate 0.779137 +- 0.019220 | shots 70.0 | destroyed value 1739.3

=== dn_10x100_K10_s21.txt (m=10 n=100 K=10 mu=7 pool=70 total_value=8376) ===
  MC runs done: 1/10
  MC runs done: 2/10
  MC runs done: 3/10
  MC runs done: 4/10
  MC runs done: 5/10
  MC runs done: 6/10
  MC runs done: 7/10
  MC runs done: 8/10
  MC runs done: 9/10
  MC runs done: 10/10
  leak rate 0.801671 +- 0.011946 | shots 70.0 | destroyed value 1661.2

=== dn_10x100_K10_s22.txt (m=10 n=100 K=10 mu=7 pool=70 total_value=9389) ===
  MC runs done: 1/10
  MC runs done: 2/10
  MC runs done: 3/10
  MC runs done: 4/10
  MC runs done: 5/10
  MC runs done: 6/10
  MC runs done: 7/10
  MC runs done: 8/10
  MC runs done: 9/10
  MC runs done: 10/10
  leak rate 0.748386 +- 0.014813 | shots 70.0 | destroyed value 2362.4

=== dn_10x100_K10_s23.txt (m=10 n=100 K=10 mu=7 pool=70 total_value=9402) ===
  MC runs done: 1/10
  MC runs done: 2/10
  MC runs done: 3/10
  MC runs done: 4/10
  MC runs done: 5/10
  MC runs done: 6/10
  MC runs done: 7/10
  MC runs done: 8/10
  MC runs done: 9/10
  MC runs done: 10/10
  leak rate 0.768953 +- 0.018843 | shots 70.0 | destroyed value 2172.3

=== dn_10x100_K10_s24.txt (m=10 n=100 K=10 mu=7 pool=70 total_value=8684) ===
  MC runs done: 1/10
  MC runs done: 2/10
  MC runs done: 3/10
  MC runs done: 4/10
  MC runs done: 5/10
  MC runs done: 6/10
  MC runs done: 7/10
  MC runs done: 8/10
  MC runs done: 9/10
  MC runs done: 10/10
  leak rate 0.737011 +- 0.012531 | shots 70.0 | destroyed value 2283.8

=== dn_10x100_K10_s25.txt (m=10 n=100 K=10 mu=7 pool=70 total_value=8264) ===
  MC runs done: 1/10
  MC runs done: 2/10
  MC runs done: 3/10
  MC runs done: 4/10
  MC runs done: 5/10
  MC runs done: 6/10
  MC runs done: 7/10
  MC runs done: 8/10
  MC runs done: 9/10
  MC runs done: 10/10
  leak rate 0.789606 +- 0.014906 | shots 70.0 | destroyed value 1738.7

=== dn_10x100_K10_s26.txt (m=10 n=100 K=10 mu=7 pool=70 total_value=8976) ===
  MC runs done: 1/10
  MC runs done: 2/10
  MC runs done: 3/10
  MC runs done: 4/10
  MC runs done: 5/10
  MC runs done: 6/10
  MC runs done: 7/10
  MC runs done: 8/10
  MC runs done: 9/10
  MC runs done: 10/10
  leak rate 0.774176 +- 0.013141 | shots 70.0 | destroyed value 2027.0
[cleanup] removed tmp dir output/e45_v5_gen_qmix_train/tmp

reports written: output/e45_v5_gen_qmix_train/family_report.json, output/e45_v5_gen_qmix_train/family_report.md
family leak rate: 0.7574 +- 0.0212 [worst 0.8017]
