
==== [pipeline] s4_gen_mappo_train attempt 1 at 2026-09-19 07:02:28 ====
DN-WTA v3 family evaluation
  split=train instances=dn_10x100_K10_s03.txt, dn_10x100_K10_s04.txt, dn_10x100_K10_s05.txt, dn_10x100_K10_s06.txt, dn_10x100_K10_s07.txt, dn_10x100_K10_s08.txt, dn_10x100_K10_s09.txt, dn_10x100_K10_s10.txt, dn_10x100_K10_s11.txt, dn_10x100_K10_s12.txt, dn_10x100_K10_s13.txt, dn_10x100_K10_s14.txt, dn_10x100_K10_s15.txt, dn_10x100_K10_s16.txt, dn_10x100_K10_s17.txt, dn_10x100_K10_s18.txt, dn_10x100_K10_s19.txt, dn_10x100_K10_s20.txt, dn_10x100_K10_s21.txt, dn_10x100_K10_s22.txt, dn_10x100_K10_s23.txt, dn_10x100_K10_s24.txt, dn_10x100_K10_s25.txt, dn_10x100_K10_s26.txt
  policy=mappo seeds=10 (base 42) timelimit=30s

=== dn_10x100_K10_s03.txt (m=10 n=100 K=10 mu=7 pool=70 total_value=8419) ===
  MC runs done: 1/10
  MC runs done: 2/10
  MC runs done: 3/10
  MC runs done: 4/10
  MC runs done: 5/10
  MC runs done: 6/10
  MC runs done: 7/10
  MC runs done: 8/10
  MC runs done: 9/10
  MC runs done: 10/10
  leak rate 1.000000 +- 0.000000 | shots 0.0 | destroyed value 0.0

=== dn_10x100_K10_s04.txt (m=10 n=100 K=10 mu=7 pool=70 total_value=8817) ===
  MC runs done: 1/10
  MC runs done: 2/10
  MC runs done: 3/10
  MC runs done: 4/10
  MC runs done: 5/10
  MC runs done: 6/10
  MC runs done: 7/10
  MC runs done: 8/10
  MC runs done: 9/10
  MC runs done: 10/10
  leak rate 1.000000 +- 0.000000 | shots 0.0 | destroyed value 0.0

=== dn_10x100_K10_s05.txt (m=10 n=100 K=10 mu=7 pool=70 total_value=10196) ===
  MC runs done: 1/10
  MC runs done: 2/10
  MC runs done: 3/10
  MC runs done: 4/10
  MC runs done: 5/10
  MC runs done: 6/10
  MC runs done: 7/10
  MC runs done: 8/10
  MC runs done: 9/10
  MC runs done: 10/10
  leak rate 1.000000 +- 0.000000 | shots 0.0 | destroyed value 0.0

=== dn_10x100_K10_s06.txt (m=10 n=100 K=10 mu=7 pool=70 total_value=8176) ===
  MC runs done: 1/10
  MC runs done: 2/10
  MC runs done: 3/10
  MC runs done: 4/10
  MC runs done: 5/10
  MC runs done: 6/10
  MC runs done: 7/10
  MC runs done: 8/10
  MC runs done: 9/10
  MC runs done: 10/10
  leak rate 1.000000 +- 0.000000 | shots 0.0 | destroyed value 0.0

=== dn_10x100_K10_s07.txt (m=10 n=100 K=10 mu=7 pool=70 total_value=8985) ===
  MC runs done: 1/10
  MC runs done: 2/10
  MC runs done: 3/10
  MC runs done: 4/10
  MC runs done: 5/10
  MC runs done: 6/10
  MC runs done: 7/10
  MC runs done: 8/10
  MC runs done: 9/10
  MC runs done: 10/10
  leak rate 1.000000 +- 0.000000 | shots 0.0 | destroyed value 0.0

=== dn_10x100_K10_s08.txt (m=10 n=100 K=10 mu=7 pool=70 total_value=9141) ===
  MC runs done: 1/10
  MC runs done: 2/10
  MC runs done: 3/10
  MC runs done: 4/10
  MC runs done: 5/10
  MC runs done: 6/10
  MC runs done: 7/10
  MC runs done: 8/10
  MC runs done: 9/10
  MC runs done: 10/10
  leak rate 1.000000 +- 0.000000 | shots 0.0 | destroyed value 0.0

=== dn_10x100_K10_s09.txt (m=10 n=100 K=10 mu=7 pool=70 total_value=8511) ===
  MC runs done: 1/10
  MC runs done: 2/10
  MC runs done: 3/10
  MC runs done: 4/10
  MC runs done: 5/10
  MC runs done: 6/10
  MC runs done: 7/10
  MC runs done: 8/10
  MC runs done: 9/10
  MC runs done: 10/10
  leak rate 1.000000 +- 0.000000 | shots 0.0 | destroyed value 0.0

=== dn_10x100_K10_s10.txt (m=10 n=100 K=10 mu=7 pool=70 total_value=9155) ===
  MC runs done: 1/10
  MC runs done: 2/10
  MC runs done: 3/10
  MC runs done: 4/10
  MC runs done: 5/10
  MC runs done: 6/10
  MC runs done: 7/10
  MC runs done: 8/10
  MC runs done: 9/10
  MC runs done: 10/10
  leak rate 1.000000 +- 0.000000 | shots 0.0 | destroyed value 0.0

=== dn_10x100_K10_s11.txt (m=10 n=100 K=10 mu=7 pool=70 total_value=8850) ===
  MC runs done: 1/10
  MC runs done: 2/10
  MC runs done: 3/10
  MC runs done: 4/10
  MC runs done: 5/10
  MC runs done: 6/10
  MC runs done: 7/10
  MC runs done: 8/10
  MC runs done: 9/10
  MC runs done: 10/10
  leak rate 1.000000 +- 0.000000 | shots 0.0 | destroyed value 0.0

=== dn_10x100_K10_s12.txt (m=10 n=100 K=10 mu=7 pool=70 total_value=8909) ===
  MC runs done: 1/10
  MC runs done: 2/10
  MC runs done: 3/10
  MC runs done: 4/10
  MC runs done: 5/10
  MC runs done: 6/10
  MC runs done: 7/10
  MC runs done: 8/10
  MC runs done: 9/10
  MC runs done: 10/10
  leak rate 1.000000 +- 0.000000 | shots 0.0 | destroyed value 0.0

=== dn_10x100_K10_s13.txt (m=10 n=100 K=10 mu=7 pool=70 total_value=9905) ===
  MC runs done: 1/10
  MC runs done: 2/10
  MC runs done: 3/10
  MC runs done: 4/10
  MC runs done: 5/10
  MC runs done: 6/10
  MC runs done: 7/10
  MC runs done: 8/10
  MC runs done: 9/10
  MC runs done: 10/10
  leak rate 1.000000 +- 0.000000 | shots 0.0 | destroyed value 0.0

=== dn_10x100_K10_s14.txt (m=10 n=100 K=10 mu=7 pool=70 total_value=9190) ===
  MC runs done: 1/10
  MC runs done: 2/10
  MC runs done: 3/10
  MC runs done: 4/10
  MC runs done: 5/10
  MC runs done: 6/10
  MC runs done: 7/10
  MC runs done: 8/10
  MC runs done: 9/10
  MC runs done: 10/10
  leak rate 1.000000 +- 0.000000 | shots 0.0 | destroyed value 0.0

=== dn_10x100_K10_s15.txt (m=10 n=100 K=10 mu=7 pool=70 total_value=7913) ===
  MC runs done: 1/10
  MC runs done: 2/10
  MC runs done: 3/10
  MC runs done: 4/10
  MC runs done: 5/10
  MC runs done: 6/10
  MC runs done: 7/10
  MC runs done: 8/10
  MC runs done: 9/10
  MC runs done: 10/10
  leak rate 1.000000 +- 0.000000 | shots 0.0 | destroyed value 0.0

=== dn_10x100_K10_s16.txt (m=10 n=100 K=10 mu=7 pool=70 total_value=8526) ===
  MC runs done: 1/10
  MC runs done: 2/10
  MC runs done: 3/10
  MC runs done: 4/10
  MC runs done: 5/10
  MC runs done: 6/10
  MC runs done: 7/10
  MC runs done: 8/10
  MC runs done: 9/10
  MC runs done: 10/10
  leak rate 1.000000 +- 0.000000 | shots 0.0 | destroyed value 0.0

=== dn_10x100_K10_s17.txt (m=10 n=100 K=10 mu=7 pool=70 total_value=9044) ===
  MC runs done: 1/10
  MC runs done: 2/10
  MC runs done: 3/10
  MC runs done: 4/10
  MC runs done: 5/10
  MC runs done: 6/10
  MC runs done: 7/10
  MC runs done: 8/10
  MC runs done: 9/10
  MC runs done: 10/10
  leak rate 1.000000 +- 0.000000 | shots 0.0 | destroyed value 0.0

=== dn_10x100_K10_s18.txt (m=10 n=100 K=10 mu=7 pool=70 total_value=9002) ===
  MC runs done: 1/10
  MC runs done: 2/10
  MC runs done: 3/10
  MC runs done: 4/10
  MC runs done: 5/10
  MC runs done: 6/10
  MC runs done: 7/10
  MC runs done: 8/10
  MC runs done: 9/10
  MC runs done: 10/10
  leak rate 1.000000 +- 0.000000 | shots 0.0 | destroyed value 0.0

=== dn_10x100_K10_s19.txt (m=10 n=100 K=10 mu=7 pool=70 total_value=8810) ===
  MC runs done: 1/10
  MC runs done: 2/10
  MC runs done: 3/10
  MC runs done: 4/10
  MC runs done: 5/10
  MC runs done: 6/10
  MC runs done: 7/10
  MC runs done: 8/10
  MC runs done: 9/10
  MC runs done: 10/10
  leak rate 1.000000 +- 0.000000 | shots 0.0 | destroyed value 0.0

=== dn_10x100_K10_s20.txt (m=10 n=100 K=10 mu=7 pool=70 total_value=7875) ===
  MC runs done: 1/10
  MC runs done: 2/10
  MC runs done: 3/10
  MC runs done: 4/10
  MC runs done: 5/10
  MC runs done: 6/10
  MC runs done: 7/10
  MC runs done: 8/10
  MC runs done: 9/10
  MC runs done: 10/10
  leak rate 1.000000 +- 0.000000 | shots 0.0 | destroyed value 0.0

=== dn_10x100_K10_s21.txt (m=10 n=100 K=10 mu=7 pool=70 total_value=8376) ===
  MC runs done: 1/10
  MC runs done: 2/10
  MC runs done: 3/10
  MC runs done: 4/10
  MC runs done: 5/10
  MC runs done: 6/10
  MC runs done: 7/10
  MC runs done: 8/10
  MC runs done: 9/10
  MC runs done: 10/10
  leak rate 1.000000 +- 0.000000 | shots 0.0 | destroyed value 0.0

=== dn_10x100_K10_s22.txt (m=10 n=100 K=10 mu=7 pool=70 total_value=9389) ===
  MC runs done: 1/10
  MC runs done: 2/10
  MC runs done: 3/10
  MC runs done: 4/10
  MC runs done: 5/10
  MC runs done: 6/10
  MC runs done: 7/10
  MC runs done: 8/10
  MC runs done: 9/10
  MC runs done: 10/10
  leak rate 1.000000 +- 0.000000 | shots 0.0 | destroyed value 0.0

=== dn_10x100_K10_s23.txt (m=10 n=100 K=10 mu=7 pool=70 total_value=9402) ===
  MC runs done: 1/10
  MC runs done: 2/10
  MC runs done: 3/10
  MC runs done: 4/10
  MC runs done: 5/10
  MC runs done: 6/10
  MC runs done: 7/10
  MC runs done: 8/10
  MC runs done: 9/10
  MC runs done: 10/10
  leak rate 1.000000 +- 0.000000 | shots 0.0 | destroyed value 0.0

=== dn_10x100_K10_s24.txt (m=10 n=100 K=10 mu=7 pool=70 total_value=8684) ===
  MC runs done: 1/10
  MC runs done: 2/10
  MC runs done: 3/10
  MC runs done: 4/10
  MC runs done: 5/10
  MC runs done: 6/10
  MC runs done: 7/10
  MC runs done: 8/10
  MC runs done: 9/10
  MC runs done: 10/10
  leak rate 1.000000 +- 0.000000 | shots 0.0 | destroyed value 0.0

=== dn_10x100_K10_s25.txt (m=10 n=100 K=10 mu=7 pool=70 total_value=8264) ===
  MC runs done: 1/10
  MC runs done: 2/10
  MC runs done: 3/10
  MC runs done: 4/10
  MC runs done: 5/10
  MC runs done: 6/10
  MC runs done: 7/10
  MC runs done: 8/10
  MC runs done: 9/10
  MC runs done: 10/10
  leak rate 1.000000 +- 0.000000 | shots 0.0 | destroyed value 0.0

=== dn_10x100_K10_s26.txt (m=10 n=100 K=10 mu=7 pool=70 total_value=8976) ===
  MC runs done: 1/10
  MC runs done: 2/10
  MC runs done: 3/10
  MC runs done: 4/10
  MC runs done: 5/10
  MC runs done: 6/10
  MC runs done: 7/10
  MC runs done: 8/10
  MC runs done: 9/10
  MC runs done: 10/10
  leak rate 1.000000 +- 0.000000 | shots 0.0 | destroyed value 0.0
[cleanup] removed tmp dir output/e45_v5_gen_mappo_train/tmp

reports written: output/e45_v5_gen_mappo_train/family_report.json, output/e45_v5_gen_mappo_train/family_report.md
family leak rate: 1.0000 +- 0.0000 [worst 1.0000]
