
==== [pipeline] s4_gen_maddpg_train attempt 1 at 2026-09-19 07:17:29 ====
DN-WTA v3 family evaluation
  split=train instances=dn_10x100_K10_s03.txt, dn_10x100_K10_s04.txt, dn_10x100_K10_s05.txt, dn_10x100_K10_s06.txt, dn_10x100_K10_s07.txt, dn_10x100_K10_s08.txt, dn_10x100_K10_s09.txt, dn_10x100_K10_s10.txt, dn_10x100_K10_s11.txt, dn_10x100_K10_s12.txt, dn_10x100_K10_s13.txt, dn_10x100_K10_s14.txt, dn_10x100_K10_s15.txt, dn_10x100_K10_s16.txt, dn_10x100_K10_s17.txt, dn_10x100_K10_s18.txt, dn_10x100_K10_s19.txt, dn_10x100_K10_s20.txt, dn_10x100_K10_s21.txt, dn_10x100_K10_s22.txt, dn_10x100_K10_s23.txt, dn_10x100_K10_s24.txt, dn_10x100_K10_s25.txt, dn_10x100_K10_s26.txt
  policy=maddpg seeds=10 (base 42) timelimit=30s

=== dn_10x100_K10_s03.txt (m=10 n=100 K=10 mu=7 pool=70 total_value=8419) ===
  MC runs done: 1/10
  MC runs done: 2/10
  MC runs done: 3/10
  MC runs done: 4/10
  MC runs done: 5/10
  MC runs done: 6/10
  MC runs done: 7/10
  MC runs done: 8/10
  MC runs done: 9/10
  MC runs done: 10/10
  leak rate 0.723352 +- 0.017692 | shots 70.0 | destroyed value 2329.1

=== dn_10x100_K10_s04.txt (m=10 n=100 K=10 mu=7 pool=70 total_value=8817) ===
  MC runs done: 1/10
  MC runs done: 2/10
  MC runs done: 3/10
  MC runs done: 4/10
  MC runs done: 5/10
  MC runs done: 6/10
  MC runs done: 7/10
  MC runs done: 8/10
  MC runs done: 9/10
  MC runs done: 10/10
  leak rate 0.715493 +- 0.015541 | shots 70.0 | destroyed value 2508.5

=== dn_10x100_K10_s05.txt (m=10 n=100 K=10 mu=7 pool=70 total_value=10196) ===
  MC runs done: 1/10
  MC runs done: 2/10
  MC runs done: 3/10
  MC runs done: 4/10
  MC runs done: 5/10
  MC runs done: 6/10
  MC runs done: 7/10
  MC runs done: 8/10
  MC runs done: 9/10
  MC runs done: 10/10
  leak rate 0.706032 +- 0.011187 | shots 70.0 | destroyed value 2997.3

=== dn_10x100_K10_s06.txt (m=10 n=100 K=10 mu=7 pool=70 total_value=8176) ===
  MC runs done: 1/10
  MC runs done: 2/10
  MC runs done: 3/10
  MC runs done: 4/10
  MC runs done: 5/10
  MC runs done: 6/10
  MC runs done: 7/10
  MC runs done: 8/10
  MC runs done: 9/10
  MC runs done: 10/10
  leak rate 0.705492 +- 0.021335 | shots 70.0 | destroyed value 2407.9

=== dn_10x100_K10_s07.txt (m=10 n=100 K=10 mu=7 pool=70 total_value=8985) ===
  MC runs done: 1/10
  MC runs done: 2/10
  MC runs done: 3/10
  MC runs done: 4/10
  MC runs done: 5/10
  MC runs done: 6/10
  MC runs done: 7/10
  MC runs done: 8/10
  MC runs done: 9/10
  MC runs done: 10/10
  leak rate 0.679699 +- 0.017798 | shots 70.0 | destroyed value 2877.9

=== dn_10x100_K10_s08.txt (m=10 n=100 K=10 mu=7 pool=70 total_value=9141) ===
  MC runs done: 1/10
  MC runs done: 2/10
  MC runs done: 3/10
  MC runs done: 4/10
  MC runs done: 5/10
  MC runs done: 6/10
  MC runs done: 7/10
  MC runs done: 8/10
  MC runs done: 9/10
  MC runs done: 10/10
  leak rate 0.706181 +- 0.011268 | shots 70.0 | destroyed value 2685.8

=== dn_10x100_K10_s09.txt (m=10 n=100 K=10 mu=7 pool=70 total_value=8511) ===
  MC runs done: 1/10
  MC runs done: 2/10
  MC runs done: 3/10
  MC runs done: 4/10
  MC runs done: 5/10
  MC runs done: 6/10
  MC runs done: 7/10
  MC runs done: 8/10
  MC runs done: 9/10
  MC runs done: 10/10
  leak rate 0.762907 +- 0.015806 | shots 70.0 | destroyed value 2017.9

=== dn_10x100_K10_s10.txt (m=10 n=100 K=10 mu=7 pool=70 total_value=9155) ===
  MC runs done: 1/10
  MC runs done: 2/10
  MC runs done: 3/10
  MC runs done: 4/10
  MC runs done: 5/10
  MC runs done: 6/10
  MC runs done: 7/10
  MC runs done: 8/10
  MC runs done: 9/10
  MC runs done: 10/10
  leak rate 0.675969 +- 0.009253 | shots 70.0 | destroyed value 2966.5

=== dn_10x100_K10_s11.txt (m=10 n=100 K=10 mu=7 pool=70 total_value=8850) ===
  MC runs done: 1/10
  MC runs done: 2/10
  MC runs done: 3/10
  MC runs done: 4/10
  MC runs done: 5/10
  MC runs done: 6/10
  MC runs done: 7/10
  MC runs done: 8/10
  MC runs done: 9/10
  MC runs done: 10/10
  leak rate 0.701729 +- 0.018878 | shots 70.0 | destroyed value 2639.7

=== dn_10x100_K10_s12.txt (m=10 n=100 K=10 mu=7 pool=70 total_value=8909) ===
  MC runs done: 1/10
  MC runs done: 2/10
  MC runs done: 3/10
  MC runs done: 4/10
  MC runs done: 5/10
  MC runs done: 6/10
  MC runs done: 7/10
  MC runs done: 8/10
  MC runs done: 9/10
  MC runs done: 10/10
  leak rate 0.767258 +- 0.010833 | shots 70.0 | destroyed value 2073.5

=== dn_10x100_K10_s13.txt (m=10 n=100 K=10 mu=7 pool=70 total_value=9905) ===
  MC runs done: 1/10
  MC runs done: 2/10
  MC runs done: 3/10
  MC runs done: 4/10
  MC runs done: 5/10
  MC runs done: 6/10
  MC runs done: 7/10
  MC runs done: 8/10
  MC runs done: 9/10
  MC runs done: 10/10
  leak rate 0.718829 +- 0.018671 | shots 70.0 | destroyed value 2785.0

=== dn_10x100_K10_s14.txt (m=10 n=100 K=10 mu=7 pool=70 total_value=9190) ===
  MC runs done: 1/10
  MC runs done: 2/10
  MC runs done: 3/10
  MC runs done: 4/10
  MC runs done: 5/10
  MC runs done: 6/10
  MC runs done: 7/10
  MC runs done: 8/10
  MC runs done: 9/10
  MC runs done: 10/10
  leak rate 0.697443 +- 0.013235 | shots 70.0 | destroyed value 2780.5

=== dn_10x100_K10_s15.txt (m=10 n=100 K=10 mu=7 pool=70 total_value=7913) ===
  MC runs done: 1/10
  MC runs done: 2/10
  MC runs done: 3/10
  MC runs done: 4/10
  MC runs done: 5/10
  MC runs done: 6/10
  MC runs done: 7/10
  MC runs done: 8/10
  MC runs done: 9/10
  MC runs done: 10/10
  leak rate 0.705737 +- 0.020461 | shots 70.0 | destroyed value 2328.5

=== dn_10x100_K10_s16.txt (m=10 n=100 K=10 mu=7 pool=70 total_value=8526) ===
  MC runs done: 1/10
  MC runs done: 2/10
  MC runs done: 3/10
  MC runs done: 4/10
  MC runs done: 5/10
  MC runs done: 6/10
  MC runs done: 7/10
  MC runs done: 8/10
  MC runs done: 9/10
  MC runs done: 10/10
  leak rate 0.734049 +- 0.014411 | shots 70.0 | destroyed value 2267.5

=== dn_10x100_K10_s17.txt (m=10 n=100 K=10 mu=7 pool=70 total_value=9044) ===
  MC runs done: 1/10
  MC runs done: 2/10
  MC runs done: 3/10
  MC runs done: 4/10
  MC runs done: 5/10
  MC runs done: 6/10
  MC runs done: 7/10
  MC runs done: 8/10
  MC runs done: 9/10
  MC runs done: 10/10
  leak rate 0.740834 +- 0.009804 | shots 70.0 | destroyed value 2343.9

=== dn_10x100_K10_s18.txt (m=10 n=100 K=10 mu=7 pool=70 total_value=9002) ===
  MC runs done: 1/10
  MC runs done: 2/10
  MC runs done: 3/10
  MC runs done: 4/10
  MC runs done: 5/10
  MC runs done: 6/10
  MC runs done: 7/10
  MC runs done: 8/10
  MC runs done: 9/10
  MC runs done: 10/10
  leak rate 0.710675 +- 0.014503 | shots 70.0 | destroyed value 2604.5

=== dn_10x100_K10_s19.txt (m=10 n=100 K=10 mu=7 pool=70 total_value=8810) ===
  MC runs done: 1/10
  MC runs done: 2/10
  MC runs done: 3/10
  MC runs done: 4/10
  MC runs done: 5/10
  MC runs done: 6/10
  MC runs done: 7/10
  MC runs done: 8/10
  MC runs done: 9/10
  MC runs done: 10/10
  leak rate 0.687162 +- 0.017330 | shots 70.0 | destroyed value 2756.1

=== dn_10x100_K10_s20.txt (m=10 n=100 K=10 mu=7 pool=70 total_value=7875) ===
  MC runs done: 1/10
  MC runs done: 2/10
  MC runs done: 3/10
  MC runs done: 4/10
  MC runs done: 5/10
  MC runs done: 6/10
  MC runs done: 7/10
  MC runs done: 8/10
  MC runs done: 9/10
  MC runs done: 10/10
  leak rate 0.678019 +- 0.026094 | shots 70.0 | destroyed value 2535.6

=== dn_10x100_K10_s21.txt (m=10 n=100 K=10 mu=7 pool=70 total_value=8376) ===
  MC runs done: 1/10
  MC runs done: 2/10
  MC runs done: 3/10
  MC runs done: 4/10
  MC runs done: 5/10
  MC runs done: 6/10
  MC runs done: 7/10
  MC runs done: 8/10
  MC runs done: 9/10
  MC runs done: 10/10
  leak rate 0.757032 +- 0.015360 | shots 70.0 | destroyed value 2035.1

=== dn_10x100_K10_s22.txt (m=10 n=100 K=10 mu=7 pool=70 total_value=9389) ===
  MC runs done: 1/10
  MC runs done: 2/10
  MC runs done: 3/10
  MC runs done: 4/10
  MC runs done: 5/10
  MC runs done: 6/10
  MC runs done: 7/10
  MC runs done: 8/10
  MC runs done: 9/10
  MC runs done: 10/10
  leak rate 0.711801 +- 0.012659 | shots 70.0 | destroyed value 2705.9

=== dn_10x100_K10_s23.txt (m=10 n=100 K=10 mu=7 pool=70 total_value=9402) ===
  MC runs done: 1/10
  MC runs done: 2/10
  MC runs done: 3/10
  MC runs done: 4/10
  MC runs done: 5/10
  MC runs done: 6/10
  MC runs done: 7/10
  MC runs done: 8/10
  MC runs done: 9/10
  MC runs done: 10/10
  leak rate 0.763231 +- 0.014921 | shots 70.0 | destroyed value 2226.1

=== dn_10x100_K10_s24.txt (m=10 n=100 K=10 mu=7 pool=70 total_value=8684) ===
  MC runs done: 1/10
  MC runs done: 2/10
  MC runs done: 3/10
  MC runs done: 4/10
  MC runs done: 5/10
  MC runs done: 6/10
  MC runs done: 7/10
  MC runs done: 8/10
  MC runs done: 9/10
  MC runs done: 10/10
  leak rate 0.708544 +- 0.010297 | shots 70.0 | destroyed value 2531.0

=== dn_10x100_K10_s25.txt (m=10 n=100 K=10 mu=7 pool=70 total_value=8264) ===
  MC runs done: 1/10
  MC runs done: 2/10
  MC runs done: 3/10
  MC runs done: 4/10
  MC runs done: 5/10
  MC runs done: 6/10
  MC runs done: 7/10
  MC runs done: 8/10
  MC runs done: 9/10
  MC runs done: 10/10
  leak rate 0.724298 +- 0.013283 | shots 70.0 | destroyed value 2278.4

=== dn_10x100_K10_s26.txt (m=10 n=100 K=10 mu=7 pool=70 total_value=8976) ===
  MC runs done: 1/10
  MC runs done: 2/10
  MC runs done: 3/10
  MC runs done: 4/10
  MC runs done: 5/10
  MC runs done: 6/10
  MC runs done: 7/10
  MC runs done: 8/10
  MC runs done: 9/10
  MC runs done: 10/10
  leak rate 0.749978 +- 0.005677 | shots 70.0 | destroyed value 2244.2
[cleanup] removed tmp dir output/e45_v5_gen_maddpg_train/tmp

reports written: output/e45_v5_gen_maddpg_train/family_report.json, output/e45_v5_gen_maddpg_train/family_report.md
family leak rate: 0.7180 +- 0.0267 [worst 0.7673]
